Component: ARM Compiler 6.16 Tool: armlink [5dfeaa00]

==============================================================================

Memory Map of the image

  Image Entry point : 0x080002ad

  Load Region LR_IROM1 (Base: 0x08000000, Size: 0x0000dd84, Max: 0x00200000, ABSOLUTE)

    Execution Region ER_IROM1 (Base: 0x08000000, Size: 0x0000dc74, Max: 0x00200000, ABSOLUTE)

    Base Addr    Size         Type   Attr      Idx    E Section Name        Object

    0x08000000   0x000002ac   Data   RO        36063    RESET               BUILD/NUCLEO_H7A3ZI_Q/ARMC6/mbed-os/targets/TARGET_STM/TARGET_STM32H7/TARGET_STM32H7A3xIQ/TOOLCHAIN_ARM/startup_stm32h7a3xxq.o
    0x080002ac   0x00000008   Code   RO        36906  * !!!main             c:\Users\jackj\AppData\Local\Mbed Studio\mbed-studio-tools\ac6\bin\..\lib\armlib\c_w.l(__main.o)
    0x080002b4   0x00000034   Code   RO        37405    !!!scatter          c:\Users\jackj\AppData\Local\Mbed Studio\mbed-studio-tools\ac6\bin\..\lib\armlib\c_w.l(__scatter.o)
    0x080002e8   0x0000001a   Code   RO        37407    !!handler_copy      c:\Users\jackj\AppData\Local\Mbed Studio\mbed-studio-tools\ac6\bin\..\lib\armlib\c_w.l(__scatter_copy.o)
    0x08000302   0x00000002   PAD
    0x08000304   0x0000001c   Code   RO        37409    !!handler_zi        c:\Users\jackj\AppData\Local\Mbed Studio\mbed-studio-tools\ac6\bin\..\lib\armlib\c_w.l(__scatter_zi.o)
    0x08000320   0x00000002   Code   RO        36905    .ARM.Collect$$libinit$$00000000  c:\Users\jackj\AppData\Local\Mbed Studio\mbed-studio-tools\ac6\bin\..\lib\armlib\c_w.l(libinit.o)
    0x08000322   0x00000004   Code   RO        37082    .ARM.Collect$$libinit$$00000001  c:\Users\jackj\AppData\Local\Mbed Studio\mbed-studio-tools\ac6\bin\..\lib\armlib\c_w.l(libinit2.o)
    0x08000326   0x00000000   Code   RO        37085    .ARM.Collect$$libinit$$00000004  c:\Users\jackj\AppData\Local\Mbed Studio\mbed-studio-tools\ac6\bin\..\lib\armlib\c_w.l(libinit2.o)
    0x08000326   0x00000008   Code   RO        37086    .ARM.Collect$$libinit$$00000005  c:\Users\jackj\AppData\Local\Mbed Studio\mbed-studio-tools\ac6\bin\..\lib\armlib\c_w.l(libinit2.o)
    0x0800032e   0x00000000   Code   RO        37088    .ARM.Collect$$libinit$$0000000A  c:\Users\jackj\AppData\Local\Mbed Studio\mbed-studio-tools\ac6\bin\..\lib\armlib\c_w.l(libinit2.o)
    0x0800032e   0x00000000   Code   RO        37090    .ARM.Collect$$libinit$$0000000C  c:\Users\jackj\AppData\Local\Mbed Studio\mbed-studio-tools\ac6\bin\..\lib\armlib\c_w.l(libinit2.o)
    0x0800032e   0x00000000   Code   RO        37092    .ARM.Collect$$libinit$$0000000E  c:\Users\jackj\AppData\Local\Mbed Studio\mbed-studio-tools\ac6\bin\..\lib\armlib\c_w.l(libinit2.o)
    0x0800032e   0x00000000   Code   RO        37095    .ARM.Collect$$libinit$$00000011  c:\Users\jackj\AppData\Local\Mbed Studio\mbed-studio-tools\ac6\bin\..\lib\armlib\c_w.l(libinit2.o)
    0x0800032e   0x00000000   Code   RO        37097    .ARM.Collect$$libinit$$00000013  c:\Users\jackj\AppData\Local\Mbed Studio\mbed-studio-tools\ac6\bin\..\lib\armlib\c_w.l(libinit2.o)
    0x0800032e   0x00000000   Code   RO        37099    .ARM.Collect$$libinit$$00000015  c:\Users\jackj\AppData\Local\Mbed Studio\mbed-studio-tools\ac6\bin\..\lib\armlib\c_w.l(libinit2.o)
    0x0800032e   0x00000000   Code   RO        37101    .ARM.Collect$$libinit$$00000017  c:\Users\jackj\AppData\Local\Mbed Studio\mbed-studio-tools\ac6\bin\..\lib\armlib\c_w.l(libinit2.o)
    0x0800032e   0x00000000   Code   RO        37103    .ARM.Collect$$libinit$$00000019  c:\Users\jackj\AppData\Local\Mbed Studio\mbed-studio-tools\ac6\bin\..\lib\armlib\c_w.l(libinit2.o)
    0x0800032e   0x00000000   Code   RO        37105    .ARM.Collect$$libinit$$0000001B  c:\Users\jackj\AppData\Local\Mbed Studio\mbed-studio-tools\ac6\bin\..\lib\armlib\c_w.l(libinit2.o)
    0x0800032e   0x00000000   Code   RO        37107    .ARM.Collect$$libinit$$0000001D  c:\Users\jackj\AppData\Local\Mbed Studio\mbed-studio-tools\ac6\bin\..\lib\armlib\c_w.l(libinit2.o)
    0x0800032e   0x00000000   Code   RO        37109    .ARM.Collect$$libinit$$0000001F  c:\Users\jackj\AppData\Local\Mbed Studio\mbed-studio-tools\ac6\bin\..\lib\armlib\c_w.l(libinit2.o)
    0x0800032e   0x00000000   Code   RO        37111    .ARM.Collect$$libinit$$00000021  c:\Users\jackj\AppData\Local\Mbed Studio\mbed-studio-tools\ac6\bin\..\lib\armlib\c_w.l(libinit2.o)
    0x0800032e   0x00000000   Code   RO        37113    .ARM.Collect$$libinit$$00000023  c:\Users\jackj\AppData\Local\Mbed Studio\mbed-studio-tools\ac6\bin\..\lib\armlib\c_w.l(libinit2.o)
    0x0800032e   0x00000004   Code   RO        37114    .ARM.Collect$$libinit$$00000024  c:\Users\jackj\AppData\Local\Mbed Studio\mbed-studio-tools\ac6\bin\..\lib\armlib\c_w.l(libinit2.o)
    0x08000332   0x00000000   Code   RO        37115    .ARM.Collect$$libinit$$00000025  c:\Users\jackj\AppData\Local\Mbed Studio\mbed-studio-tools\ac6\bin\..\lib\armlib\c_w.l(libinit2.o)
[...]
    0x08001684   0x000000f0   Code   RO        31827    .text.HAL_LPTIM_Init  BUILD/NUCLEO_H7A3ZI_Q/ARMC6/mbed-os/targets/TARGET_STM/TARGET_STM32H7/STM32Cube_FW/STM32H7xx_HAL_Driver/stm32h7xx_hal_lptim.o
    0x08001774   0x00000020   Code   RO        30041    .text.HAL_NVIC_SetPriorityGrouping  BUILD/NUCLEO_H7A3ZI_Q/ARMC6/mbed-os/targets/TARGET_STM/TARGET_STM32H7/STM32Cube_FW/STM32H7xx_HAL_Driver/stm32h7xx_hal_cortex.o
    0x08001794   0x0000007c   Code   RO        32824    .text.HAL_PWREx_ConfigSupply  BUILD/NUCLEO_H7A3ZI_Q/ARMC6/mbed-os/targets/TARGET_STM/TARGET_STM32H7/STM32Cube_FW/STM32H7xx_HAL_Driver/stm32h7xx_hal_pwr_ex.o
    0x08001810   0x0000000c   Code   RO        32786    .text.HAL_PWR_EnableBkUpAccess  BUILD/NUCLEO_H7A3ZI_Q/ARMC6/mbed-os/targets/TARGET_STM/TARGET_STM32H7/STM32Cube_FW/STM32H7xx_HAL_Driver/stm32h7xx_hal_pwr.o
    0x0800181c   0x00000014   Code   RO        32800    .text.HAL_PWR_EnterSLEEPMode  BUILD/NUCLEO_H7A3ZI_Q/ARMC6/mbed-os/targets/TARGET_STM/TARGET_STM32H7/STM32Cube_FW/STM32H7xx_HAL_Driver/stm32h7xx_hal_pwr.o
    0x08001830   0x00000040   Code   RO        32802    .text.HAL_PWR_EnterSTOPMode  BUILD/NUCLEO_H7A3ZI_Q/ARMC6/mbed-os/targets/TARGET_STM/TARGET_STM32H7/STM32Cube_FW/STM32H7xx_HAL_Driver/stm32h7xx_hal_pwr.o
    0x08001870   0x00000018   Code   RO        33023    .text.HAL_RCCEx_GetD3PCLK1Freq  BUILD/NUCLEO_H7A3ZI_Q/ARMC6/mbed-os/targets/TARGET_STM/TARGET_STM32H7/STM32Cube_FW/STM32H7xx_HAL_Driver/stm32h7xx_hal_rcc_ex.o
    0x08001888   0x0000008c   Code   RO        33019    .text.HAL_RCCEx_GetPLL2ClockFreq  BUILD/NUCLEO_H7A3ZI_Q/ARMC6/mbed-os/targets/TARGET_STM/TARGET_STM32H7/STM32Cube_FW/STM32H7xx_HAL_Driver/stm32h7xx_hal_rcc_ex.o
    0x08001914   0x0000008c   Code   RO        33021    .text.HAL_RCCEx_GetPLL3ClockFreq  BUILD/NUCLEO_H7A3ZI_Q/ARMC6/mbed-os/targets/TARGET_STM/TARGET_STM32H7/STM32Cube_FW/STM32H7xx_HAL_Driver/stm32h7xx_hal_rcc_ex.o
    0x080019a0   0x0000070c   Code   RO        33007    .text.HAL_RCCEx_PeriphCLKConfig  BUILD/NUCLEO_H7A3ZI_Q/ARMC6/mbed-os/targets/TARGET_STM/TARGET_STM32H7/STM32Cube_FW/STM32H7xx_HAL_Driver/stm32h7xx_hal_rcc_ex.o
    0x080020ac   0x0000020c   Code   RO        32969    .text.HAL_RCC_ClockConfig  BUILD/NUCLEO_H7A3ZI_Q/ARMC6/mbed-os/targets/TARGET_STM/TARGET_STM32H7/STM32Cube_FW/STM32H7xx_HAL_Driver/stm32h7xx_hal_rcc.o
    0x080022b8   0x00000050   Code   RO        32987    .text.HAL_RCC_GetClockConfig  BUILD/NUCLEO_H7A3ZI_Q/ARMC6/mbed-os/targets/TARGET_STM/TARGET_STM32H7/STM32Cube_FW/STM32H7xx_HAL_Driver/stm32h7xx_hal_rcc.o
    0x08002308   0x0000003c   Code   RO        32979    .text.HAL_RCC_GetHCLKFreq  BUILD/NUCLEO_H7A3ZI_Q/ARMC6/mbed-os/targets/TARGET_STM/TARGET_STM32H7/STM32Cube_FW/STM32H7xx_HAL_Driver/stm32h7xx_hal_rcc.o
    0x08002344   0x000000f4   Code   RO        32985    .text.HAL_RCC_GetOscConfig  BUILD/NUCLEO_H7A3ZI_Q/ARMC6/mbed-os/targets/TARGET_STM/TARGET_STM32H7/STM32Cube_FW/STM32H7xx_HAL_Driver/stm32h7xx_hal_rcc.o
    0x08002438   0x00000014   Code   RO        32981    .text.HAL_RCC_GetPCLK1Freq  BUILD/NUCLEO_H7A3ZI_Q/ARMC6/mbed-os/targets/TARGET_STM/TARGET_STM32H7/STM32Cube_FW/STM32H7xx_HAL_Driver/stm32h7xx_hal_rcc.o
    0x0800244c   0x0000001c   Code   RO        32983    .text.HAL_RCC_GetPCLK2Freq  BUILD/NUCLEO_H7A3ZI_Q/ARMC6/mbed-os/targets/TARGET_STM/TARGET_STM32H7/STM32Cube_FW/STM32H7xx_HAL_Driver/stm32h7xx_hal_rcc.o
    0x08002468   0x000000f4   Code   RO        32971    .text.HAL_RCC_GetSysClockFreq  BUILD/NUCLEO_H7A3ZI_Q/ARMC6/mbed-os/targets/TARGET_STM/TARGET_STM32H7/STM32Cube_FW/STM32H7xx_HAL_Driver/stm32h7xx_hal_rcc.o
    0x0800255c   0x00000490   Code   RO        32967    .text.HAL_RCC_OscConfig  BUILD/NUCLEO_H7A3ZI_Q/ARMC6/mbed-os/targets/TARGET_STM/TARGET_STM32H7/STM32Cube_FW/STM32H7xx_HAL_Driver/stm32h7xx_hal_rcc.o
    0x080029ec   0x0000001e   Code   RO        34347    .text.HAL_TIM_OC_Init  BUILD/NUCLEO_H7A3ZI_Q/ARMC6/mbed-os/targets/TARGET_STM/TARGET_STM32H7/STM32Cube_FW/STM32H7xx_HAL_Driver/stm32h7xx_hal_tim.o
    0x08002a0a   0x00000002   PAD
    0x08002a0c   0x000000fc   Code   RO        34355    .text.HAL_TIM_OC_Start  BUILD/NUCLEO_H7A3ZI_Q/ARMC6/mbed-os/targets/TARGET_STM/TARGET_STM32H7/STM32Cube_FW/STM32H7xx_HAL_Driver/stm32h7xx_hal_tim.o
    0x08002b08   0x00000020   Code   RO        35116    .text.HAL_UARTEx_DisableStopMode  BUILD/NUCLEO_H7A3ZI_Q/ARMC6/mbed-os/targets/TARGET_STM/TARGET_STM32H7/STM32Cube_FW/STM32H7xx_HAL_Driver/stm32h7xx_hal_uart_ex.o
    0x08002b28   0x00000020   Code   RO        35114    .text.HAL_UARTEx_EnableStopMode  BUILD/NUCLEO_H7A3ZI_Q/ARMC6/mbed-os/targets/TARGET_STM/TARGET_STM32H7/STM32Cube_FW/STM32H7xx_HAL_Driver/stm32h7xx_hal_uart_ex.o
    0x08002b48   0x0000003a   Code   RO        34887    .text.HAL_UART_Init  BUILD/NUCLEO_H7A3ZI_Q/ARMC6/mbed-os/targets/TARGET_STM/TARGET_STM32H7/STM32Cube_FW/STM32H7xx_HAL_Driver/stm32h7xx_hal_uart.o
    0x08002b82   0x00000002   Code   RO        34889    .text.HAL_UART_MspInit  BUILD/NUCLEO_H7A3ZI_Q/ARMC6/mbed-os/targets/TARGET_STM/TARGET_STM32H7/STM32Cube_FW/STM32H7xx_HAL_Driver/stm32h7xx_hal_uart.o
    0x08002b84   0x000000b0   Code   RO        36418    .text.LPTIM_IRQHandler  BUILD/NUCLEO_H7A3ZI_Q/ARMC6/mbed-os/targets/TARGET_STM/lp_ticker.o
    0x08002c34   0x00000038   Code   RO        31841    .text.LPTIM_WaitForFlag  BUILD/NUCLEO_H7A3ZI_Q/ARMC6/mbed-os/targets/TARGET_STM/TARGET_STM32H7/STM32Cube_FW/STM32H7xx_HAL_Driver/stm32h7xx_hal_lptim.o
    0x08002c6c   0x00000040   Code   RO          372    .text.MessageQueueGet  BUILD/NUCLEO_H7A3ZI_Q/ARMC6/mbed-os/cmsis/CMSIS_5/CMSIS/RTOS2/RTX/Source/rtx_msgqueue.o
    0x08002cac   0x00000058   Code   RO          366    .text.MessageQueuePut  BUILD/NUCLEO_H7A3ZI_Q/ARMC6/mbed-os/cmsis/CMSIS_5/CMSIS/RTOS2/RTX/Source/rtx_msgqueue.o
    0x08002d04   0x0000001c   Code   RO          364    .text.MessageQueueRemove  BUILD/NUCLEO_H7A3ZI_Q/ARMC6/mbed-os/cmsis/CMSIS_5/CMSIS/RTOS2/RTX/Source/rtx_msgqueue.o
    0x08002d20   0x00000008   Code   RO          747    .text.OS_Tick_AcknowledgeIRQ  BUILD/NUCLEO_H7A3ZI_Q/ARMC6/mbed-os/cmsis/device/rtos/source/mbed_rtx_idle.o
    0x08002d28   0x0000000c   Code   RO          745    .text.OS_Tick_Disable  BUILD/NUCLEO_H7A3ZI_Q/ARMC6/mbed-os/cmsis/device/rtos/source/mbed_rtx_idle.o
    0x08002d34   0x0000000e   Code   RO          743    .text.OS_Tick_Enable  BUILD/NUCLEO_H7A3ZI_Q/ARMC6/mbed-os/cmsis/device/rtos/source/mbed_rtx_idle.o
    0x08002d42   0x00000008   Code   RO          751    .text.OS_Tick_GetIRQn  BUILD/NUCLEO_H7A3ZI_Q/ARMC6/mbed-os/cmsis/device/rtos/source/mbed_rtx_idle.o
    0x08002d4a   0x00000002   PAD
    0x08002d4c   0x00000054   Code   RO          741    .text.OS_Tick_Setup  BUILD/NUCLEO_H7A3ZI_Q/ARMC6/mbed-os/cmsis/device/rtos/source/mbed_rtx_idle.o
    0x08002da0   0x00000008   Code   RO           28    .text.OUTLINED_FUNCTION_0  BUILD/NUCLEO_H7A3ZI_Q/ARMC6/main.o
    0x08002da8   0x0000000c   Code   RO          248    .text.OUTLINED_FUNCTION_0  BUILD/NUCLEO_H7A3ZI_Q/ARMC6/mbed-os/cmsis/CMSIS_5/CMSIS/RTOS2/RTX/Source/rtx_kernel.o
    0x08002db4   0x0000000e   Code   RO          380    .text.OUTLINED_FUNCTION_0  BUILD/NUCLEO_H7A3ZI_Q/ARMC6/mbed-os/cmsis/CMSIS_5/CMSIS/RTOS2/RTX/Source/rtx_msgqueue.o
    0x08002dc2   0x0000000e   Code   RO          416    .text.OUTLINED_FUNCTION_0  BUILD/NUCLEO_H7A3ZI_Q/ARMC6/mbed-os/cmsis/CMSIS_5/CMSIS/RTOS2/RTX/Source/rtx_mutex.o
    0x08002dd0   0x0000000c   Code   RO        26313    .text.OUTLINED_FUNCTION_0  BUILD/NUCLEO_H7A3ZI_Q/ARMC6/mbed-os/hal/source/mbed_pinmap_common.o
    0x08002ddc   0x00000006   Code   RO        26372    .text.OUTLINED_FUNCTION_0  BUILD/NUCLEO_H7A3ZI_Q/ARMC6/mbed-os/hal/source/mbed_ticker_api.o
    0x08002de2   0x0000000a   Code   RO        26402    .text.OUTLINED_FUNCTION_0  BUILD/NUCLEO_H7A3ZI_Q/ARMC6/mbed-os/hal/source/mpu/mbed_mpu_v7m.o
    0x08002dec   0x00000008   Code   RO        26626    .text.OUTLINED_FUNCTION_0  BUILD/NUCLEO_H7A3ZI_Q/ARMC6/mbed-os/platform/source/FileBase.o
    0x08002df4   0x00000032   Code   RO        26751    .text.OUTLINED_FUNCTION_0  BUILD/NUCLEO_H7A3ZI_Q/ARMC6/mbed-os/platform/source/SysTimer.o
    0x08002e26   0x00000008   Code   RO        27414    .text.OUTLINED_FUNCTION_0  BUILD/NUCLEO_H7A3ZI_Q/ARMC6/mbed-os/platform/source/mbed_retarget.o
    0x08002e2e   0x00000010   Code   RO        27652    .text.OUTLINED_FUNCTION_0  BUILD/NUCLEO_H7A3ZI_Q/ARMC6/mbed-os/platform/source/minimal-printf/mbed_printf_implementation.o
    0x08002e3e   0x0000000c   Code   RO        27774    .text.OUTLINED_FUNCTION_0  BUILD/NUCLEO_H7A3ZI_Q/ARMC6/mbed-os/rtos/source/Mutex.o
    0x08002e4a   0x00000016   Code   RO        31911    .text.OUTLINED_FUNCTION_0  BUILD/NUCLEO_H7A3ZI_Q/ARMC6/mbed-os/targets/TARGET_STM/TARGET_STM32H7/STM32Cube_FW/STM32H7xx_HAL_Driver/stm32h7xx_hal_lptim.o
    0x08002e60   0x00000008   Code   RO        32916    .text.OUTLINED_FUNCTION_0  BUILD/NUCLEO_H7A3ZI_Q/ARMC6/mbed-os/targets/TARGET_STM/TARGET_STM32H7/STM32Cube_FW/STM32H7xx_HAL_Driver/stm32h7xx_hal_pwr_ex.o
    0x08002e68   0x00000006   Code   RO        32993    .text.OUTLINED_FUNCTION_0  BUILD/NUCLEO_H7A3ZI_Q/ARMC6/mbed-os/targets/TARGET_STM/TARGET_STM32H7/STM32Cube_FW/STM32H7xx_HAL_Driver/stm32h7xx_hal_rcc.o
    0x08002e6e   0x0000002e   Code   RO        33061    .text.OUTLINED_FUNCTION_0  BUILD/NUCLEO_H7A3ZI_Q/ARMC6/mbed-os/targets/TARGET_STM/TARGET_STM32H7/STM32Cube_FW/STM32H7xx_HAL_Driver/stm32h7xx_hal_rcc_ex.o
    0x08002e9c   0x00000016   Code   RO        35025    .text.OUTLINED_FUNCTION_0  BUILD/NUCLEO_H7A3ZI_Q/ARMC6/mbed-os/targets/TARGET_STM/TARGET_STM32H7/STM32Cube_FW/STM32H7xx_HAL_Driver/stm32h7xx_hal_uart.o
    0x08002eb2   0x0000000a   Code   RO        36158    .text.OUTLINED_FUNCTION_0  BUILD/NUCLEO_H7A3ZI_Q/ARMC6/mbed-os/targets/TARGET_STM/TARGET_STM32H7/serial_device.o
    0x08002ebc   0x0000000e   Code   RO        36239    .text.OUTLINED_FUNCTION_0  BUILD/NUCLEO_H7A3ZI_Q/ARMC6/mbed-os/targets/TARGET_STM/can_api.o
    0x08002eca   0x0000000a   Code   RO        36447    .text.OUTLINED_FUNCTION_0  BUILD/NUCLEO_H7A3ZI_Q/ARMC6/mbed-os/targets/TARGET_STM/mbed_overrides.o
    0x08002ed4   0x00000012   Code   RO        36461    .text.OUTLINED_FUNCTION_0  BUILD/NUCLEO_H7A3ZI_Q/ARMC6/mbed-os/targets/TARGET_STM/pinmap.o
    0x08002ee6   0x00000010   Code   RO           30    .text.OUTLINED_FUNCTION_1  BUILD/NUCLEO_H7A3ZI_Q/ARMC6/main.o
    0x08002ef6   0x0000000c   Code   RO          250    .text.OUTLINED_FUNCTION_1  BUILD/NUCLEO_H7A3ZI_Q/ARMC6/mbed-os/cmsis/CMSIS_5/CMSIS/RTOS2/RTX/Source/rtx_kernel.o
    0x08002f02   0x0000000c   Code   RO          382    .text.OUTLINED_FUNCTION_1  BUILD/NUCLEO_H7A3ZI_Q/ARMC6/mbed-os/cmsis/CMSIS_5/CMSIS/RTOS2/RTX/Source/rtx_msgqueue.o
    0x08002f0e   0x00000008   Code   RO          418    .text.OUTLINED_FUNCTION_1  BUILD/NUCLEO_H7A3ZI_Q/ARMC6/mbed-os/cmsis/CMSIS_5/CMSIS/RTOS2/RTX/Source/rtx_mutex.o
    0x08002f16   0x0000000c   Code   RO        26374    .text.OUTLINED_FUNCTION_1  BUILD/NUCLEO_H7A3ZI_Q/ARMC6/mbed-os/hal/source/mbed_ticker_api.o
    0x08002f22   0x00000006   Code   RO        26628    .text.OUTLINED_FUNCTION_1  BUILD/NUCLEO_H7A3ZI_Q/ARMC6/mbed-os/platform/source/FileBase.o
    0x08002f28   0x0000001e   Code   RO        26753    .text.OUTLINED_FUNCTION_1  BUILD/NUCLEO_H7A3ZI_Q/ARMC6/mbed-os/platform/source/SysTimer.o
    0x08002f46   0x00000008   Code   RO        27416    .text.OUTLINED_FUNCTION_1  BUILD/NUCLEO_H7A3ZI_Q/ARMC6/mbed-os/platform/source/mbed_retarget.o
    0x08002f4e   0x00000012   Code   RO        27654    .text.OUTLINED_FUNCTION_1  BUILD/NUCLEO_H7A3ZI_Q/ARMC6/mbed-os/platform/source/minimal-printf/mbed_printf_implementation.o
    0x08002f60   0x0000000a   Code   RO        32995    .text.OUTLINED_FUNCTION_1  BUILD/NUCLEO_H7A3ZI_Q/ARMC6/mbed-os/targets/TARGET_STM/TARGET_STM32H7/STM32Cube_FW/STM32H7xx_HAL_Driver/stm32h7xx_hal_rcc.o
    0x08002f6a   0x00000010   Code   RO        33063    .text.OUTLINED_FUNCTION_1  BUILD/NUCLEO_H7A3ZI_Q/ARMC6/mbed-os/targets/TARGET_STM/TARGET_STM32H7/STM32Cube_FW/STM32H7xx_HAL_Driver/stm32h7xx_hal_rcc_ex.o
    0x08002f7a   0x00000036   Code   RO        34557    .text.OUTLINED_FUNCTION_1  BUILD/NUCLEO_H7A3ZI_Q/ARMC6/mbed-os/targets/TARGET_STM/TARGET_STM32H7/STM32Cube_FW/STM32H7xx_HAL_Driver/stm32h7xx_hal_tim.o
    0x08002fb0   0x00000008   Code   RO        33081    .text.OUTLINED_FUNCTION_10  BUILD/NUCLEO_H7A3ZI_Q/ARMC6/mbed-os/targets/TARGET_STM/TARGET_STM32H7/STM32Cube_FW/STM32H7xx_HAL_Driver/stm32h7xx_hal_rcc_ex.o
    0x08002fb8   0x0000000e   Code   RO        34575    .text.OUTLINED_FUNCTION_10  BUILD/NUCLEO_H7A3ZI_Q/ARMC6/mbed-os/targets/TARGET_STM/TARGET_STM32H7/STM32Cube_FW/STM32H7xx_HAL_Driver/stm32h7xx_hal_tim.o
    0x08002fc6   0x0000000c   Code   RO        35045    .text.OUTLINED_FUNCTION_10  BUILD/NUCLEO_H7A3ZI_Q/ARMC6/mbed-os/targets/TARGET_STM/TARGET_STM32H7/STM32Cube_FW/STM32H7xx_HAL_Driver/stm32h7xx_hal_uart.o
    0x08002fd2   0x00000010   Code   RO        26773    .text.OUTLINED_FUNCTION_11  BUILD/NUCLEO_H7A3ZI_Q/ARMC6/mbed-os/platform/source/SysTimer.o
    0x08002fe2   0x0000000e   Code   RO        31933    .text.OUTLINED_FUNCTION_11  BUILD/NUCLEO_H7A3ZI_Q/ARMC6/mbed-os/targets/TARGET_STM/TARGET_STM32H7/STM32Cube_FW/STM32H7xx_HAL_Driver/stm32h7xx_hal_lptim.o
    0x08002ff0   0x0000000a   Code   RO        33083    .text.OUTLINED_FUNCTION_11  BUILD/NUCLEO_H7A3ZI_Q/ARMC6/mbed-os/targets/TARGET_STM/TARGET_STM32H7/STM32Cube_FW/STM32H7xx_HAL_Driver/stm32h7xx_hal_rcc_ex.o
    0x08002ffa   0x0000000a   Code   RO        26775    .text.OUTLINED_FUNCTION_12  BUILD/NUCLEO_H7A3ZI_Q/ARMC6/mbed-os/platform/source/SysTimer.o
    0x08003004   0x0000000a   Code   RO        33085    .text.OUTLINED_FUNCTION_12  BUILD/NUCLEO_H7A3ZI_Q/ARMC6/mbed-os/targets/TARGET_STM/TARGET_STM32H7/STM32Cube_FW/STM32H7xx_HAL_Driver/stm32h7xx_hal_rcc_ex.o
    0x0800300e   0x0000000a   Code   RO        26777    .text.OUTLINED_FUNCTION_13  BUILD/NUCLEO_H7A3ZI_Q/ARMC6/mbed-os/platform/source/SysTimer.o
    0x08003018   0x0000000a   Code   RO        33087    .text.OUTLINED_FUNCTION_13  BUILD/NUCLEO_H7A3ZI_Q/ARMC6/mbed-os/targets/TARGET_STM/TARGET_STM32H7/STM32Cube_FW/STM32H7xx_HAL_Driver/stm32h7xx_hal_rcc_ex.o
    0x08003022   0x00000006   Code   RO        34581    .text.OUTLINED_FUNCTION_13  BUILD/NUCLEO_H7A3ZI_Q/ARMC6/mbed-os/targets/TARGET_STM/TARGET_STM32H7/STM32Cube_FW/STM32H7xx_HAL_Driver/stm32h7xx_hal_tim.o
    0x08003028   0x0000000a   Code   RO        26779    .text.OUTLINED_FUNCTION_14  BUILD/NUCLEO_H7A3ZI_Q/ARMC6/mbed-os/platform/source/SysTimer.o
    0x08003032   0x00000010   Code   RO        33089    .text.OUTLINED_FUNCTION_14  BUILD/NUCLEO_H7A3ZI_Q/ARMC6/mbed-os/targets/TARGET_STM/TARGET_STM32H7/STM32Cube_FW/STM32H7xx_HAL_Driver/stm32h7xx_hal_rcc_ex.o
    0x08003042   0x00000008   Code   RO        34583    .text.OUTLINED_FUNCTION_14  BUILD/NUCLEO_H7A3ZI_Q/ARMC6/mbed-os/targets/TARGET_STM/TARGET_STM32H7/STM32Cube_FW/STM32H7xx_HAL_Driver/stm32h7xx_hal_tim.o
    0x0800304a   0x0000000c   Code   RO        26781    .text.OUTLINED_FUNCTION_15  BUILD/NUCLEO_H7A3ZI_Q/ARMC6/mbed-os/platform/source/SysTimer.o
    0x08003056   0x00000008   Code   RO        33091    .text.OUTLINED_FUNCTION_15  BUILD/NUCLEO_H7A3ZI_Q/ARMC6/mbed-os/targets/TARGET_STM/TARGET_STM32H7/STM32Cube_FW/STM32H7xx_HAL_Driver/stm32h7xx_hal_rcc_ex.o
    0x0800305e   0x00000016   Code   RO        35055    .text.OUTLINED_FUNCTION_15  BUILD/NUCLEO_H7A3ZI_Q/ARMC6/mbed-os/targets/TARGET_STM/TARGET_STM32H7/STM32Cube_FW/STM32H7xx_HAL_Driver/stm32h7xx_hal_uart.o
    0x08003074   0x0000000c   Code   RO        26783    .text.OUTLINED_FUNCTION_16  BUILD/NUCLEO_H7A3ZI_Q/ARMC6/mbed-os/platform/source/SysTimer.o
    0x08003080   0x0000000a   Code   RO        33093    .text.OUTLINED_FUNCTION_16  BUILD/NUCLEO_H7A3ZI_Q/ARMC6/mbed-os/targets/TARGET_STM/TARGET_STM32H7/STM32Cube_FW/STM32H7xx_HAL_Driver/stm32h7xx_hal_rcc_ex.o
    0x0800308a   0x0000000c   Code   RO        26785    .text.OUTLINED_FUNCTION_17  BUILD/NUCLEO_H7A3ZI_Q/ARMC6/mbed-os/platform/source/SysTimer.o
    0x08003096   0x00000008   Code   RO        33095    .text.OUTLINED_FUNCTION_17  BUILD/NUCLEO_H7A3ZI_Q/ARMC6/mbed-os/targets/TARGET_STM/TARGET_STM32H7/STM32Cube_FW/STM32H7xx_HAL_Driver/stm32h7xx_hal_rcc_ex.o
    0x0800309e   0x00000012   Code   RO        26787    .text.OUTLINED_FUNCTION_18  BUILD/NUCLEO_H7A3ZI_Q/ARMC6/mbed-os/platform/source/SysTimer.o
    0x080030b0   0x00000006   Code   RO        33097    .text.OUTLINED_FUNCTION_18  BUILD/NUCLEO_H7A3ZI_Q/ARMC6/mbed-os/targets/TARGET_STM/TARGET_STM32H7/STM32Cube_FW/STM32H7xx_HAL_Driver/stm32h7xx_hal_rcc_ex.o
    0x080030b6   0x00000006   Code   RO        26789    .text.OUTLINED_FUNCTION_19  BUILD/NUCLEO_H7A3ZI_Q/ARMC6/mbed-os/platform/source/SysTimer.o
    0x080030bc   0x00000008   Code   RO        33099    .text.OUTLINED_FUNCTION_19  BUILD/NUCLEO_H7A3ZI_Q/ARMC6/mbed-os/targets/TARGET_STM/TARGET_STM32H7/STM32Cube_FW/STM32H7xx_HAL_Driver/stm32h7xx_hal_rcc_ex.o
    0x080030c4   0x00000010   Code   RO           32    .text.OUTLINED_FUNCTION_2  BUILD/NUCLEO_H7A3ZI_Q/ARMC6/main.o
    0x080030d4   0x00000008   Code   RO          252    .text.OUTLINED_FUNCTION_2  BUILD/NUCLEO_H7A3ZI_Q/ARMC6/mbed-os/cmsis/CMSIS_5/CMSIS/RTOS2/RTX/Source/rtx_kernel.o
    0x080030dc   0x0000000a   Code   RO          384    .text.OUTLINED_FUNCTION_2  BUILD/NUCLEO_H7A3ZI_Q/ARMC6/mbed-os/cmsis/CMSIS_5/CMSIS/RTOS2/RTX/Source/rtx_msgqueue.o
    0x080030e6   0x0000000a   Code   RO          420    .text.OUTLINED_FUNCTION_2  BUILD/NUCLEO_H7A3ZI_Q/ARMC6/mbed-os/cmsis/CMSIS_5/CMSIS/RTOS2/RTX/Source/rtx_mutex.o
    0x080030f0   0x00000008   Code   RO        26376    .text.OUTLINED_FUNCTION_2  BUILD/NUCLEO_H7A3ZI_Q/ARMC6/mbed-os/hal/source/mbed_ticker_api.o
    0x080030f8   0x0000000a   Code   RO        26755    .text.OUTLINED_FUNCTION_2  BUILD/NUCLEO_H7A3ZI_Q/ARMC6/mbed-os/platform/source/SysTimer.o
    0x08003102   0x00000008   Code   RO        27418    .text.OUTLINED_FUNCTION_2  BUILD/NUCLEO_H7A3ZI_Q/ARMC6/mbed-os/platform/source/mbed_retarget.o
    0x0800310a   0x00000008   Code   RO        32997    .text.OUTLINED_FUNCTION_2  BUILD/NUCLEO_H7A3ZI_Q/ARMC6/mbed-os/targets/TARGET_STM/TARGET_STM32H7/STM32Cube_FW/STM32H7xx_HAL_Driver/stm32h7xx_hal_rcc.o
    0x08003112   0x0000001e   Code   RO        33065    .text.OUTLINED_FUNCTION_2  BUILD/NUCLEO_H7A3ZI_Q/ARMC6/mbed-os/targets/TARGET_STM/TARGET_STM32H7/STM32Cube_FW/STM32H7xx_HAL_Driver/stm32h7xx_hal_rcc_ex.o
    0x08003130   0x0000000c   Code   RO        35029    .text.OUTLINED_FUNCTION_2  BUILD/NUCLEO_H7A3ZI_Q/ARMC6/mbed-os/targets/TARGET_STM/TARGET_STM32H7/STM32Cube_FW/STM32H7xx_HAL_Driver/stm32h7xx_hal_uart.o
    0x0800313c   0x00000006   Code   RO        36569    .text.OUTLINED_FUNCTION_2  BUILD/NUCLEO_H7A3ZI_Q/ARMC6/mbed-os/targets/TARGET_STM/serial_api.o
    0x08003142   0x00000008   Code   RO        26791    .text.OUTLINED_FUNCTION_20  BUILD/NUCLEO_H7A3ZI_Q/ARMC6/mbed-os/platform/source/SysTimer.o
    0x0800314a   0x00000008   Code   RO        33101    .text.OUTLINED_FUNCTION_20  BUILD/NUCLEO_H7A3ZI_Q/ARMC6/mbed-os/targets/TARGET_STM/TARGET_STM32H7/STM32Cube_FW/STM32H7xx_HAL_Driver/stm32h7xx_hal_rcc_ex.o
    0x08003152   0x00000008   Code   RO        26793    .text.OUTLINED_FUNCTION_21  BUILD/NUCLEO_H7A3ZI_Q/ARMC6/mbed-os/platform/source/SysTimer.o
    0x0800315a   0x00000008   Code   RO        26795    .text.OUTLINED_FUNCTION_22  BUILD/NUCLEO_H7A3ZI_Q/ARMC6/mbed-os/platform/source/SysTimer.o
    0x08003162   0x0000000a   Code   RO        26797    .text.OUTLINED_FUNCTION_23  BUILD/NUCLEO_H7A3ZI_Q/ARMC6/mbed-os/platform/source/SysTimer.o
    0x0800316c   0x0000000a   Code   RO        26799    .text.OUTLINED_FUNCTION_24  BUILD/NUCLEO_H7A3ZI_Q/ARMC6/mbed-os/platform/source/SysTimer.o
    0x08003176   0x0000000a   Code   RO        34607    .text.OUTLINED_FUNCTION_26  BUILD/NUCLEO_H7A3ZI_Q/ARMC6/mbed-os/targets/TARGET_STM/TARGET_STM32H7/STM32Cube_FW/STM32H7xx_HAL_Driver/stm32h7xx_hal_tim.o
    0x08003180   0x00000008   Code   RO        34611    .text.OUTLINED_FUNCTION_28  BUILD/NUCLEO_H7A3ZI_Q/ARMC6/mbed-os/targets/TARGET_STM/TARGET_STM32H7/STM32Cube_FW/STM32H7xx_HAL_Driver/stm32h7xx_hal_tim.o
    0x08003188   0x0000000a   Code   RO        35081    .text.OUTLINED_FUNCTION_28  BUILD/NUCLEO_H7A3ZI_Q/ARMC6/mbed-os/targets/TARGET_STM/TARGET_STM32H7/STM32Cube_FW/STM32H7xx_HAL_Driver/stm32h7xx_hal_uart.o
    0x08003192   0x0000000a   Code   RO           34    .text.OUTLINED_FUNCTION_3  BUILD/NUCLEO_H7A3ZI_Q/ARMC6/main.o
    0x0800319c   0x00000006   Code   RO          254    .text.OUTLINED_FUNCTION_3  BUILD/NUCLEO_H7A3ZI_Q/ARMC6/mbed-os/cmsis/CMSIS_5/CMSIS/RTOS2/RTX/Source/rtx_kernel.o
    0x080031a2   0x00000012   Code   RO        26757    .text.OUTLINED_FUNCTION_3  BUILD/NUCLEO_H7A3ZI_Q/ARMC6/mbed-os/platform/source/SysTimer.o
    0x080031b4   0x00000008   Code   RO        32999    .text.OUTLINED_FUNCTION_3  BUILD/NUCLEO_H7A3ZI_Q/ARMC6/mbed-os/targets/TARGET_STM/TARGET_STM32H7/STM32Cube_FW/STM32H7xx_HAL_Driver/stm32h7xx_hal_rcc.o
    0x080031bc   0x0000001e   Code   RO        33067    .text.OUTLINED_FUNCTION_3  BUILD/NUCLEO_H7A3ZI_Q/ARMC6/mbed-os/targets/TARGET_STM/TARGET_STM32H7/STM32Cube_FW/STM32H7xx_HAL_Driver/stm32h7xx_hal_rcc_ex.o
    0x080031da   0x0000000e   Code   RO        35089    .text.OUTLINED_FUNCTION_32  BUILD/NUCLEO_H7A3ZI_Q/ARMC6/mbed-os/targets/TARGET_STM/TARGET_STM32H7/STM32Cube_FW/STM32H7xx_HAL_Driver/stm32h7xx_hal_uart.o
    0x080031e8   0x00000006   Code   RO        35095    .text.OUTLINED_FUNCTION_35  BUILD/NUCLEO_H7A3ZI_Q/ARMC6/mbed-os/targets/TARGET_STM/TARGET_STM32H7/STM32Cube_FW/STM32H7xx_HAL_Driver/stm32h7xx_hal_uart.o
    0x080031ee   0x0000000a   Code   RO           36    .text.OUTLINED_FUNCTION_4  BUILD/NUCLEO_H7A3ZI_Q/ARMC6/main.o
    0x080031f8   0x00000022   Code   RO        26759    .text.OUTLINED_FUNCTION_4  BUILD/NUCLEO_H7A3ZI_Q/ARMC6/mbed-os/platform/source/SysTimer.o
    0x0800321a   0x0000000a   Code   RO        33001    .text.OUTLINED_FUNCTION_4  BUILD/NUCLEO_H7A3ZI_Q/ARMC6/mbed-os/targets/TARGET_STM/TARGET_STM32H7/STM32Cube_FW/STM32H7xx_HAL_Driver/stm32h7xx_hal_rcc.o
    0x08003224   0x0000000a   Code   RO        33069    .text.OUTLINED_FUNCTION_4  BUILD/NUCLEO_H7A3ZI_Q/ARMC6/mbed-os/targets/TARGET_STM/TARGET_STM32H7/STM32Cube_FW/STM32H7xx_HAL_Driver/stm32h7xx_hal_rcc_ex.o
    0x0800322e   0x00000008   Code   RO        34635    .text.OUTLINED_FUNCTION_40  BUILD/NUCLEO_H7A3ZI_Q/ARMC6/mbed-os/targets/TARGET_STM/TARGET_STM32H7/STM32Cube_FW/STM32H7xx_HAL_Driver/stm32h7xx_hal_tim.o
    0x08003236   0x00000008   Code   RO        34637    .text.OUTLINED_FUNCTION_41  BUILD/NUCLEO_H7A3ZI_Q/ARMC6/mbed-os/targets/TARGET_STM/TARGET_STM32H7/STM32Cube_FW/STM32H7xx_HAL_Driver/stm32h7xx_hal_tim.o
    0x0800323e   0x00000008   Code   RO        34639    .text.OUTLINED_FUNCTION_42  BUILD/NUCLEO_H7A3ZI_Q/ARMC6/mbed-os/targets/TARGET_STM/TARGET_STM32H7/STM32Cube_FW/STM32H7xx_HAL_Driver/stm32h7xx_hal_tim.o
    0x08003246   0x00000008   Code   RO        34641    .text.OUTLINED_FUNCTION_43  BUILD/NUCLEO_H7A3ZI_Q/ARMC6/mbed-os/targets/TARGET_STM/TARGET_STM32H7/STM32Cube_FW/STM32H7xx_HAL_Driver/stm32h7xx_hal_tim.o
    0x0800324e   0x00000008   Code   RO        34643    .text.OUTLINED_FUNCTION_44  BUILD/NUCLEO_H7A3ZI_Q/ARMC6/mbed-os/targets/TARGET_STM/TARGET_STM32H7/STM32Cube_FW/STM32H7xx_HAL_Driver/stm32h7xx_hal_tim.o
    0x08003256   0x00000008   Code   RO        34653    .text.OUTLINED_FUNCTION_49  BUILD/NUCLEO_H7A3ZI_Q/ARMC6/mbed-os/targets/TARGET_STM/TARGET_STM32H7/STM32Cube_FW/STM32H7xx_HAL_Driver/stm32h7xx_hal_tim.o
    0x0800325e   0x00000010   Code   RO        26761    .text.OUTLINED_FUNCTION_5  BUILD/NUCLEO_H7A3ZI_Q/ARMC6/mbed-os/platform/source/SysTimer.o
    0x0800326e   0x0000000a   Code   RO        31921    .text.OUTLINED_FUNCTION_5  BUILD/NUCLEO_H7A3ZI_Q/ARMC6/mbed-os/targets/TARGET_STM/TARGET_STM32H7/STM32Cube_FW/STM32H7xx_HAL_Driver/stm32h7xx_hal_lptim.o
    0x08003278   0x0000000a   Code   RO        33003    .text.OUTLINED_FUNCTION_5  BUILD/NUCLEO_H7A3ZI_Q/ARMC6/mbed-os/targets/TARGET_STM/TARGET_STM32H7/STM32Cube_FW/STM32H7xx_HAL_Driver/stm32h7xx_hal_rcc.o
    0x08003282   0x00000032   Code   RO        33071    .text.OUTLINED_FUNCTION_5  BUILD/NUCLEO_H7A3ZI_Q/ARMC6/mbed-os/targets/TARGET_STM/TARGET_STM32H7/STM32Cube_FW/STM32H7xx_HAL_Driver/stm32h7xx_hal_rcc_ex.o
    0x080032b4   0x0000000c   Code   RO        35035    .text.OUTLINED_FUNCTION_5  BUILD/NUCLEO_H7A3ZI_Q/ARMC6/mbed-os/targets/TARGET_STM/TARGET_STM32H7/STM32Cube_FW/STM32H7xx_HAL_Driver/stm32h7xx_hal_uart.o
    0x080032c0   0x0000000a   Code   RO        34673    .text.OUTLINED_FUNCTION_59  BUILD/NUCLEO_H7A3ZI_Q/ARMC6/mbed-os/targets/TARGET_STM/TARGET_STM32H7/STM32Cube_FW/STM32H7xx_HAL_Driver/stm32h7xx_hal_tim.o
    0x080032ca   0x0000000c   Code   RO          604    .text.OUTLINED_FUNCTION_6  BUILD/NUCLEO_H7A3ZI_Q/ARMC6/mbed-os/cmsis/CMSIS_5/CMSIS/RTOS2/RTX/Source/rtx_thread.o
    0x080032d6   0x0000001a   Code   RO        33073    .text.OUTLINED_FUNCTION_6  BUILD/NUCLEO_H7A3ZI_Q/ARMC6/mbed-os/targets/TARGET_STM/TARGET_STM32H7/STM32Cube_FW/STM32H7xx_HAL_Driver/stm32h7xx_hal_rcc_ex.o
    0x080032f0   0x00000008   Code   RO        34685    .text.OUTLINED_FUNCTION_65  BUILD/NUCLEO_H7A3ZI_Q/ARMC6/mbed-os/targets/TARGET_STM/TARGET_STM32H7/STM32Cube_FW/STM32H7xx_HAL_Driver/stm32h7xx_hal_tim.o
    0x080032f8   0x00000012   Code   RO        26765    .text.OUTLINED_FUNCTION_7  BUILD/NUCLEO_H7A3ZI_Q/ARMC6/mbed-os/platform/source/SysTimer.o
    0x0800330a   0x00000016   Code   RO        33075    .text.OUTLINED_FUNCTION_7  BUILD/NUCLEO_H7A3ZI_Q/ARMC6/mbed-os/targets/TARGET_STM/TARGET_STM32H7/STM32Cube_FW/STM32H7xx_HAL_Driver/stm32h7xx_hal_rcc_ex.o
    0x08003320   0x0000000c   Code   RO        34569    .text.OUTLINED_FUNCTION_7  BUILD/NUCLEO_H7A3ZI_Q/ARMC6/mbed-os/targets/TARGET_STM/TARGET_STM32H7/STM32Cube_FW/STM32H7xx_HAL_Driver/stm32h7xx_hal_tim.o
    0x0800332c   0x0000000c   Code   RO        35039    .text.OUTLINED_FUNCTION_7  BUILD/NUCLEO_H7A3ZI_Q/ARMC6/mbed-os/targets/TARGET_STM/TARGET_STM32H7/STM32Cube_FW/STM32H7xx_HAL_Driver/stm32h7xx_hal_uart.o
    0x08003338   0x0000000a   Code   RO        33077    .text.OUTLINED_FUNCTION_8  BUILD/NUCLEO_H7A3ZI_Q/ARMC6/mbed-os/targets/TARGET_STM/TARGET_STM32H7/STM32Cube_FW/STM32H7xx_HAL_Driver/stm32h7xx_hal_rcc_ex.o
    0x08003342   0x0000000e   Code   RO        26769    .text.OUTLINED_FUNCTION_9  BUILD/NUCLEO_H7A3ZI_Q/ARMC6/mbed-os/platform/source/SysTimer.o
    0x08003350   0x00000008   Code   RO        33079    .text.OUTLINED_FUNCTION_9  BUILD/NUCLEO_H7A3ZI_Q/ARMC6/mbed-os/targets/TARGET_STM/TARGET_STM32H7/STM32Cube_FW/STM32H7xx_HAL_Driver/stm32h7xx_hal_rcc_ex.o
    0x08003358   0x0000000e   Code   RO        34573    .text.OUTLINED_FUNCTION_9  BUILD/NUCLEO_H7A3ZI_Q/ARMC6/mbed-os/targets/TARGET_STM/TARGET_STM32H7/STM32Cube_FW/STM32H7xx_HAL_Driver/stm32h7xx_hal_tim.o
    0x08003366   0x00000002   PAD
    0x08003368   0x000000c0   Code   RO        33009    .text.RCCEx_PLL2_Config  BUILD/NUCLEO_H7A3ZI_Q/ARMC6/mbed-os/targets/TARGET_STM/TARGET_STM32H7/STM32Cube_FW/STM32H7xx_HAL_Driver/stm32h7xx_hal_rcc_ex.o
    0x08003428   0x000000c4   Code   RO        33011    .text.RCCEx_PLL3_Config  BUILD/NUCLEO_H7A3ZI_Q/ARMC6/mbed-os/targets/TARGET_STM/TARGET_STM32H7/STM32Cube_FW/STM32H7xx_HAL_Driver/stm32h7xx_hal_rcc_ex.o
    0x080034ec   0x0000002c   Code   RO        36067    .text.SetSysClock   BUILD/NUCLEO_H7A3ZI_Q/ARMC6/mbed-os/targets/TARGET_STM/TARGET_STM32H7/TARGET_STM32H7A3xIQ/system_clock.o
    0x08003518   0x000000a4   Code   RO        36069    .text.SetSysClock_PLL_HSE  BUILD/NUCLEO_H7A3ZI_Q/ARMC6/mbed-os/targets/TARGET_STM/TARGET_STM32H7/TARGET_STM32H7A3xIQ/system_clock.o
    0x080035bc   0x0000008c   Code   RO        36071    .text.SetSysClock_PLL_HSI  BUILD/NUCLEO_H7A3ZI_Q/ARMC6/mbed-os/targets/TARGET_STM/TARGET_STM32H7/TARGET_STM32H7A3xIQ/system_clock.o
    0x08003648   0x0000017c   Code   RO        36247    .text.Set_GPIO_Clock  BUILD/NUCLEO_H7A3ZI_Q/ARMC6/mbed-os/targets/TARGET_STM/gpio_api.o
    0x080037c4   0x00000110   Code   RO        36023    .text.SystemCoreClockUpdate  BUILD/NUCLEO_H7A3ZI_Q/ARMC6/mbed-os/targets/TARGET_STM/TARGET_STM32H7/STM32Cube_FW/system_stm32h7xx_singlecore.o
    0x080038d4   0x000000a8   Code   RO        36021    .text.SystemInit    BUILD/NUCLEO_H7A3ZI_Q/ARMC6/mbed-os/targets/TARGET_STM/TARGET_STM32H7/STM32Cube_FW/system_stm32h7xx_singlecore.o
    0x0800397c   0x000000c8   Code   RO        34323    .text.TIM_Base_SetConfig  BUILD/NUCLEO_H7A3ZI_Q/ARMC6/mbed-os/targets/TARGET_STM/TARGET_STM32H7/STM32Cube_FW/STM32H7xx_HAL_Driver/stm32h7xx_hal_tim.o
    0x08003a44   0x0000001e   Code   RO        34357    .text.TIM_CCxChannelCmd  BUILD/NUCLEO_H7A3ZI_Q/ARMC6/mbed-os/targets/TARGET_STM/TARGET_STM32H7/STM32Cube_FW/STM32H7xx_HAL_Driver/stm32h7xx_hal_tim.o
    0x08003a62   0x00000064   Code   RO          548    .text.ThreadFlagsCheck  BUILD/NUCLEO_H7A3ZI_Q/ARMC6/mbed-os/cmsis/CMSIS_5/CMSIS/RTOS2/RTX/Source/rtx_thread.o
    0x08003ac6   0x00000002   PAD
    0x08003ac8   0x00000048   Code   RO          632    .text.TimerInsert   BUILD/NUCLEO_H7A3ZI_Q/ARMC6/mbed-os/cmsis/CMSIS_5/CMSIS/RTOS2/RTX/Source/rtx_timer.o
    0x08003b10   0x000000a8   Code   RO        34893    .text.UART_AdvFeatureConfig  BUILD/NUCLEO_H7A3ZI_Q/ARMC6/mbed-os/targets/TARGET_STM/TARGET_STM32H7/STM32Cube_FW/STM32H7xx_HAL_Driver/stm32h7xx_hal_uart.o
    0x08003bb8   0x00000058   Code   RO        34895    .text.UART_CheckIdleState  BUILD/NUCLEO_H7A3ZI_Q/ARMC6/mbed-os/targets/TARGET_STM/TARGET_STM32H7/STM32Cube_FW/STM32H7xx_HAL_Driver/stm32h7xx_hal_uart.o
    0x08003c10   0x00000388   Code   RO        34891    .text.UART_SetConfig  BUILD/NUCLEO_H7A3ZI_Q/ARMC6/mbed-os/targets/TARGET_STM/TARGET_STM32H7/STM32Cube_FW/STM32H7xx_HAL_Driver/stm32h7xx_hal_uart.o
    0x08003f98   0x0000007e   Code   RO        34909    .text.UART_WaitOnFlagUntilTimeout  BUILD/NUCLEO_H7A3ZI_Q/ARMC6/mbed-os/targets/TARGET_STM/TARGET_STM32H7/STM32Cube_FW/STM32H7xx_HAL_Driver/stm32h7xx_hal_uart.o
    0x08004016   0x00000002   PAD
    0x08004018   0x000002cc   Code   RO           26    .text._GLOBAL__sub_I_main.cpp  BUILD/NUCLEO_H7A3ZI_Q/ARMC6/main.o
    0x080042e4   0x0000000e   Code   RO        27290    .text._ZL12convert_crlfi  BUILD/NUCLEO_H7A3ZI_Q/ARMC6/mbed-os/platform/source/mbed_retarget.o
    0x080042f2   0x00000002   PAD
    0x080042f4   0x00000010   Code   RO        22585    .text._ZL14singleton_lockv  BUILD/NUCLEO_H7A3ZI_Q/ARMC6/mbed-os/connectivity/netsocket/source/nsapi_dns.o
    0x08004304   0x00000010   Code   RO        27386    .text._ZL14singleton_lockv  BUILD/NUCLEO_H7A3ZI_Q/ARMC6/mbed-os/platform/source/mbed_retarget.o
    0x08004314   0x0000000c   Code   RO        22587    .text._ZL16singleton_unlockv  BUILD/NUCLEO_H7A3ZI_Q/ARMC6/mbed-os/connectivity/netsocket/source/nsapi_dns.o
    0x08004320   0x00000010   Code   RO        27388    .text._ZL16singleton_unlockv  BUILD/NUCLEO_H7A3ZI_Q/ARMC6/mbed-os/platform/source/mbed_retarget.o
    0x08004330   0x0000001c   Code   RO          761    .text._ZL17default_idle_hookv  BUILD/NUCLEO_H7A3ZI_Q/ARMC6/mbed-os/cmsis/device/rtos/source/mbed_rtx_idle.o
    0x0800434c   0x00000018   Code   RO        27282    .text._ZL18handle_open_errorsij  BUILD/NUCLEO_H7A3ZI_Q/ARMC6/mbed-os/platform/source/mbed_retarget.o
    0x08004364   0x00000048   Code   RO        27268    .text._ZL18reserve_filehandlev  BUILD/NUCLEO_H7A3ZI_Q/ARMC6/mbed-os/platform/source/mbed_retarget.o
    0x080043ac   0x00000010   Code   RO          765    .text._ZL18rtos_event_pendingPv  BUILD/NUCLEO_H7A3ZI_Q/ARMC6/mbed-os/cmsis/device/rtos/source/mbed_rtx_idle.o
    0x080043bc   0x00000020   Code   RO           14    .text._ZN10dimensions10print_dimsEv  BUILD/NUCLEO_H7A3ZI_Q/ARMC6/Matrix_Deploy.o
    0x080043dc   0x00000008   Code   RO            4    .text._ZN10dimensionsC2Ev  BUILD/NUCLEO_H7A3ZI_Q/ARMC6/Matrix_Deploy.o
    0x080043e4   0x00000018   Code   RO           16    .text._ZN10dimensionsmlES_  BUILD/NUCLEO_H7A3ZI_Q/ARMC6/Matrix_Deploy.o
    0x080043fc   0x00000018   Code   RO        27252    .text._ZN12DirectSerial4readEPvj  BUILD/NUCLEO_H7A3ZI_Q/ARMC6/mbed-os/platform/source/mbed_retarget.o
    0x08004414   0x00000008   Code   RO        27442    .text._ZN12DirectSerial4seekEli  BUILD/NUCLEO_H7A3ZI_Q/ARMC6/mbed-os/platform/source/mbed_retarget.o
    0x0800441c   0x00000006   Code   RO        27448    .text._ZN12DirectSerial4sizeEv  BUILD/NUCLEO_H7A3ZI_Q/ARMC6/mbed-os/platform/source/mbed_retarget.o
    0x08004422   0x00000004   Code   RO        27444    .text._ZN12DirectSerial5closeEv  BUILD/NUCLEO_H7A3ZI_Q/ARMC6/mbed-os/platform/source/mbed_retarget.o
    0x08004426   0x00000002   PAD
    0x08004428   0x00000020   Code   RO        27250    .text._ZN12DirectSerial5writeEPKvj  BUILD/NUCLEO_H7A3ZI_Q/ARMC6/mbed-os/platform/source/mbed_retarget.o
    0x08004448   0x00000004   Code   RO        27446    .text._ZN12DirectSerial6isattyEv  BUILD/NUCLEO_H7A3ZI_Q/ARMC6/mbed-os/platform/source/mbed_retarget.o
    0x0800444c   0x00000034   Code   RO        27248    .text._ZN12DirectSerialC2ERK15serial_pinmap_ti  BUILD/NUCLEO_H7A3ZI_Q/ARMC6/mbed-os/platform/source/mbed_retarget.o
    0x08004480   0x00000004   Code   RO        27440    .text._ZN12DirectSerialD0Ev  BUILD/NUCLEO_H7A3ZI_Q/ARMC6/mbed-os/platform/source/mbed_retarget.o
    0x08004484   0x00000018   Code   RO           50    .text._ZN4mbed10DigitalOutC2E7PinName  BUILD/NUCLEO_H7A3ZI_Q/ARMC6/main.o
    0x0800449c   0x00000006   Code   RO        25098    .text._ZN4mbed10FileHandle12enable_inputEb  BUILD/NUCLEO_H7A3ZI_Q/ARMC6/mbed-os/drivers/usb/source/USBKeyboard.o
    0x080044a2   0x00000002   PAD
    0x080044a4   0x00000010   Code   RO        24224    .text._ZN4mbed10FileHandle12set_blockingEb  BUILD/NUCLEO_H7A3ZI_Q/ARMC6/mbed-os/drivers/source/UnbufferedSerial.o
    0x080044b4   0x00000006   Code   RO        25100    .text._ZN4mbed10FileHandle13enable_outputEb  BUILD/NUCLEO_H7A3ZI_Q/ARMC6/mbed-os/drivers/usb/source/USBKeyboard.o
    0x080044ba   0x00000004   Code   RO        24218    .text._ZN4mbed10FileHandle4syncEv  BUILD/NUCLEO_H7A3ZI_Q/ARMC6/mbed-os/drivers/source/UnbufferedSerial.o
    0x080044be   0x0000000a   Code   RO        23438    .text._ZN4mbed10FileHandle4tellEv  BUILD/NUCLEO_H7A3ZI_Q/ARMC6/mbed-os/drivers/source/BufferedSerial.o
    0x080044c8   0x00000002   Code   RO        24228    .text._ZN4mbed10FileHandle5sigioENS_8CallbackIFvvEEE  BUILD/NUCLEO_H7A3ZI_Q/ARMC6/mbed-os/drivers/source/UnbufferedSerial.o
    0x080044ca   0x0000000a   Code   RO        23440    .text._ZN4mbed10FileHandle6rewindEv  BUILD/NUCLEO_H7A3ZI_Q/ARMC6/mbed-os/drivers/source/BufferedSerial.o
    0x080044d4   0x00000006   Code   RO        23442    .text._ZN4mbed10FileHandle8truncateEl  BUILD/NUCLEO_H7A3ZI_Q/ARMC6/mbed-os/drivers/source/BufferedSerial.o
    0x080044da   0x00000002   Code   RO        26638    .text._ZN4mbed10FileHandleD2Ev  BUILD/NUCLEO_H7A3ZI_Q/ARMC6/mbed-os/platform/source/FileHandle.o
    0x080044dc   0x00000014   Code   RO        24155    .text._ZN4mbed10TimerEvent15insert_absoluteENSt3__26chrono10time_pointINS_15TickerDataClockENS2_8durationIxNS1_5ratioILx1ELx1000000EEEEEEE  BUILD/NUCLEO_H7A3ZI_Q/ARMC6/mbed-os/drivers/source/TimerEvent.o
    0x080044f0   0x00000006   Code   RO        24145    .text._ZN4mbed10TimerEvent3irqEj  BUILD/NUCLEO_H7A3ZI_Q/ARMC6/mbed-os/drivers/source/TimerEvent.o
    0x080044f6   0x0000000e   Code   RO        24149    .text._ZN4mbed10TimerEvent6removeEv  BUILD/NUCLEO_H7A3ZI_Q/ARMC6/mbed-os/drivers/source/TimerEvent.o
    0x08004504   0x0000002c   Code   RO        24143    .text._ZN4mbed10TimerEventC2EPK13ticker_data_t  BUILD/NUCLEO_H7A3ZI_Q/ARMC6/mbed-os/drivers/source/TimerEvent.o
    0x08004530   0x00000006   Code   RO        24160    .text._ZN4mbed15TickerDataClock11set_handlerEPFvjE  BUILD/NUCLEO_H7A3ZI_Q/ARMC6/mbed-os/drivers/source/TimerEvent.o
    0x08004536   0x00000006   Code   RO        24162    .text._ZN4mbed15TickerDataClock12insert_eventEP14ticker_event_sNSt3__26chrono10time_pointIS0_NS4_8durationIxNS3_5ratioILx1ELx1000000EEEEEEEj  BUILD/NUCLEO_H7A3ZI_Q/ARMC6/mbed-os/drivers/source/TimerEvent.o
    0x0800453c   0x00000006   Code   RO        24164    .text._ZN4mbed15TickerDataClock12remove_eventEP14ticker_event_s  BUILD/NUCLEO_H7A3ZI_Q/ARMC6/mbed-os/drivers/source/TimerEvent.o
    0x08004542   0x00000002   PAD
    0x08004544   0x00000070   Code   RO        27264    .text._ZN4mbed16mbed_file_handleEi  BUILD/NUCLEO_H7A3ZI_Q/ARMC6/mbed-os/platform/source/mbed_retarget.o
    0x080045b4   0x0000000c   Code   RO        26586    .text._ZN4mbed19CriticalSectionLockC2Ev  BUILD/NUCLEO_H7A3ZI_Q/ARMC6/mbed-os/platform/source/CriticalSectionLock.o
    0x080045c0   0x0000000c   Code   RO        26588    .text._ZN4mbed19CriticalSectionLockD2Ev  BUILD/NUCLEO_H7A3ZI_Q/ARMC6/mbed-os/platform/source/CriticalSectionLock.o
    0x080045cc   0x0000007c   Code   RO        26620    .text._ZN4mbed8FileBase6lookupEPKcj  BUILD/NUCLEO_H7A3ZI_Q/ARMC6/mbed-os/platform/source/FileBase.o
    0x08004648   0x00000018   Code   RO        26651    .text._ZN4mbed8FilePath10fileSystemEv  BUILD/NUCLEO_H7A3ZI_Q/ARMC6/mbed-os/platform/source/FilePath.o
    0x08004660   0x00000018   Code   RO        26649    .text._ZN4mbed8FilePath12isFileSystemEv  BUILD/NUCLEO_H7A3ZI_Q/ARMC6/mbed-os/platform/source/FilePath.o
    0x08004678   0x00000018   Code   RO        26655    .text._ZN4mbed8FilePath4fileEv  BUILD/NUCLEO_H7A3ZI_Q/ARMC6/mbed-os/platform/source/FilePath.o
    0x08004690   0x0000000a   Code   RO        26657    .text._ZN4mbed8FilePath6existsEv  BUILD/NUCLEO_H7A3ZI_Q/ARMC6/mbed-os/platform/source/FilePath.o
    0x0800469a   0x00000016   Code   RO        26653    .text._ZN4mbed8FilePath6isFileEv  BUILD/NUCLEO_H7A3ZI_Q/ARMC6/mbed-os/platform/source/FilePath.o
    0x080046b0   0x0000003c   Code   RO        26645    .text._ZN4mbed8FilePathC2EPKc  BUILD/NUCLEO_H7A3ZI_Q/ARMC6/mbed-os/platform/source/FilePath.o
    0x080046ec   0x0000001c   Code   RO        27192    .text._ZN4mbed8internal13init_os_timerEv  BUILD/NUCLEO_H7A3ZI_Q/ARMC6/mbed-os/platform/source/mbed_os_timer.o
    0x08004708   0x00000054   Code   RO        27200    .text._ZN4mbed8internal18do_sleep_operationINS0_18timed_predicate_opEEEvRT_  BUILD/NUCLEO_H7A3ZI_Q/ARMC6/mbed-os/platform/source/mbed_os_timer.o
    0x0800475c   0x00000016   Code   RO        27212    .text._ZN4mbed8internal18timed_predicate_op13sleep_prepareEv  BUILD/NUCLEO_H7A3ZI_Q/ARMC6/mbed-os/platform/source/mbed_os_timer.o
    0x08004772   0x00000002   PAD
    0x08004774   0x00000010   Code   RO        27202    .text._ZN4mbed8internal18timed_predicate_opD2Ev  BUILD/NUCLEO_H7A3ZI_Q/ARMC6/mbed-os/platform/source/mbed_os_timer.o
    0x08004784   0x0000002a   Code   RO        27194    .text._ZN4mbed8internal23do_timed_sleep_absoluteENSt3__26chrono10time_pointINS0_7OsClockENS2_8durationIxNS1_5ratioILx1ELx1000EEEEEEEPFbPvESA_  BUILD/NUCLEO_H7A3ZI_Q/ARMC6/mbed-os/platform/source/mbed_os_timer.o
    0x080047ae   0x0000002e   Code   RO        27196    .text._ZN4mbed8internal45do_timed_sleep_relative_to_acknowledged_ticksENSt3__26chrono8durationIjNS1_5ratioILx1ELx1000EEEEEPFbPvES7_  BUILD/NUCLEO_H7A3ZI_Q/ARMC6/mbed-os/platform/source/mbed_os_timer.o
    0x080047dc   0x0000000c   Code   RO        27214    .text._ZN4mbed8internal7OsClock13set_wake_timeENSt3__26chrono10time_pointIS1_NS3_8durationIxNS2_5ratioILx1ELx1000EEEEEEE  BUILD/NUCLEO_H7A3ZI_Q/ARMC6/mbed-os/platform/source/mbed_os_timer.o
    0x080047e8   0x00000018   Code   RO        27208    .text._ZN4mbed8internal7OsClock14reported_ticksEv  BUILD/NUCLEO_H7A3ZI_Q/ARMC6/mbed-os/platform/source/mbed_os_timer.o
    0x08004800   0x00000020   Code   RO        27206    .text._ZN4mbed8internal7OsClock18acknowledged_ticksEv  BUILD/NUCLEO_H7A3ZI_Q/ARMC6/mbed-os/platform/source/mbed_os_timer.o
    0x08004820   0x0000001c   Code   RO        27204    .text._ZN4mbed8internal7OsClock18now_with_init_doneEv  BUILD/NUCLEO_H7A3ZI_Q/ARMC6/mbed-os/platform/source/mbed_os_timer.o
    0x0800483c   0x00000018   Code   RO        26826    .text._ZN4mbed8internal8SysTimerINSt3__25ratioILx1ELx1000EEELb1EE10start_tickEv  BUILD/NUCLEO_H7A3ZI_Q/ARMC6/mbed-os/platform/source/SysTimer.o
    0x08004854   0x00000014   Code   RO        26810    .text._ZN4mbed8internal8SysTimerINSt3__25ratioILx1ELx1000EEELb1EE11cancel_tickEv  BUILD/NUCLEO_H7A3ZI_Q/ARMC6/mbed-os/platform/source/SysTimer.o
    0x08004868   0x0000001a   Code   RO        26812    .text._ZN4mbed8internal8SysTimerINSt3__25ratioILx1ELx1000EEELb1EE11cancel_wakeEv  BUILD/NUCLEO_H7A3ZI_Q/ARMC6/mbed-os/platform/source/SysTimer.o
    0x08004882   0x00000076   Code   RO        26816    .text._ZN4mbed8internal8SysTimerINSt3__25ratioILx1ELx1000EEELb1EE13set_wake_timeENS2_6chrono10time_pointIS5_NS6_8durationIyS4_EEEE  BUILD/NUCLEO_H7A3ZI_Q/ARMC6/mbed-os/platform/source/SysTimer.o
    0x080048f8   0x00000004   Code   RO        26830    .text._ZN4mbed8internal8SysTimerINSt3__25ratioILx1ELx1000EEELb1EE14_schedule_tickEv  BUILD/NUCLEO_H7A3ZI_Q/ARMC6/mbed-os/platform/source/SysTimer.o
    0x080048fc   0x00000018   Code   RO        26832    .text._ZN4mbed8internal8SysTimerINSt3__25ratioILx1ELx1000EEELb1EE16acknowledge_tickEv  BUILD/NUCLEO_H7A3ZI_Q/ARMC6/mbed-os/platform/source/SysTimer.o
    0x08004914   0x00000012   Code   RO        26818    .text._ZN4mbed8internal8SysTimerINSt3__25ratioILx1ELx1000EEELb1EE19update_and_get_tickEv  BUILD/NUCLEO_H7A3ZI_Q/ARMC6/mbed-os/platform/source/SysTimer.o
    0x08004926   0x00000002   PAD
    0x08004928   0x00000038   Code   RO        26846    .text._ZN4mbed8internal8SysTimerINSt3__25ratioILx1ELx1000EEELb1EE7handlerEv  BUILD/NUCLEO_H7A3ZI_Q/ARMC6/mbed-os/platform/source/SysTimer.o
    0x08004960   0x0000001c   Code   RO        26804    .text._ZN4mbed8internal8SysTimerINSt3__25ratioILx1ELx1000EEELb1EEC2EPK13ticker_data_t  BUILD/NUCLEO_H7A3ZI_Q/ARMC6/mbed-os/platform/source/SysTimer.o
    0x0800497c   0x00000004   Code   RO        27836    .text._ZN4rtos10ThisThread9sleep_forENSt3__26chrono8durationIjNS1_5ratioILx1ELx1000EEEEE  BUILD/NUCLEO_H7A3ZI_Q/ARMC6/mbed-os/rtos/source/ThisThread.o
    0x08004980   0x00000044   Code   RO        27752    .text._ZN4rtos5Mutex11constructorEPKc  BUILD/NUCLEO_H7A3ZI_Q/ARMC6/mbed-os/rtos/source/Mutex.o
    0x080049c4   0x00000030   Code   RO        27756    .text._ZN4rtos5Mutex4lockEv  BUILD/NUCLEO_H7A3ZI_Q/ARMC6/mbed-os/rtos/source/Mutex.o
    0x080049f4   0x0000002c   Code   RO        27768    .text._ZN4rtos5Mutex6unlockEv  BUILD/NUCLEO_H7A3ZI_Q/ARMC6/mbed-os/rtos/source/Mutex.o
    0x08004a20   0x0000000e   Code   RO        27750    .text._ZN4rtos5MutexC2Ev  BUILD/NUCLEO_H7A3ZI_Q/ARMC6/mbed-os/rtos/source/Mutex.o
    0x08004a2e   0x00000002   PAD
    0x08004a30   0x00000058   Code   RO           52    .text._ZN6matrixC2Ev  BUILD/NUCLEO_H7A3ZI_Q/ARMC6/main.o
    0x08004a88   0x00000034   Code   RO        27254    .text._ZNK12DirectSerial4pollEs  BUILD/NUCLEO_H7A3ZI_Q/ARMC6/mbed-os/platform/source/mbed_retarget.o
    0x08004abc   0x00000022   Code   RO        22616    .text._ZNK12SingletonPtrIN4rtos5MutexEE3getEv  BUILD/NUCLEO_H7A3ZI_Q/ARMC6/mbed-os/connectivity/netsocket/source/nsapi_dns.o
    0x08004ade   0x00000004   Code   RO        24226    .text._ZNK4mbed10FileHandle11is_blockingEv  BUILD/NUCLEO_H7A3ZI_Q/ARMC6/mbed-os/drivers/source/UnbufferedSerial.o
    0x08004ae2   0x00000010   Code   RO        26806    .text._ZNK4mbed15TickerDataClock3nowEv  BUILD/NUCLEO_H7A3ZI_Q/ARMC6/mbed-os/platform/source/SysTimer.o
    0x08004af2   0x00000002   PAD
    0x08004af4   0x00000024   Code   RO        27210    .text._ZNK4mbed8internal18timed_predicate_op14wake_conditionEv  BUILD/NUCLEO_H7A3ZI_Q/ARMC6/mbed-os/platform/source/mbed_os_timer.o
    0x08004b18   0x0000003a   Code   RO        26840    .text._ZNK4mbed8internal8SysTimerINSt3__25ratioILx1ELx1000EEELb1EE14_elapsed_ticksEv  BUILD/NUCLEO_H7A3ZI_Q/ARMC6/mbed-os/platform/source/SysTimer.o
    0x08004b52   0x0000000c   Code   RO        26820    .text._ZNK4mbed8internal8SysTimerINSt3__25ratioILx1ELx1000EEELb1EE8get_tickEv  BUILD/NUCLEO_H7A3ZI_Q/ARMC6/mbed-os/platform/source/SysTimer.o
    0x08004b5e   0x00000004   Code   RO        36967    .text._ZNKSt3__220__vector_base_commonILb1EE20__throw_length_errorEv  c:\Users\jackj\AppData\Local\Mbed Studio\mbed-studio-tools\ac6\bin\..\lib\libcxx\libcpp_w.l(vector.cpp.o)
    0x08004b62   0x00000012   Code   RO           54    .text._ZNSt3__213__vector_baseIfNS_9allocatorIfEEED2Ev  BUILD/NUCLEO_H7A3ZI_Q/ARMC6/main.o
    0x08004b74   0x0000002c   Code   RO           58    .text._ZNSt3__26vectorINS0_IfNS_9allocatorIfEEEENS1_IS3_EEE11__vallocateEj  BUILD/NUCLEO_H7A3ZI_Q/ARMC6/main.o
    0x08004ba0   0x0000001e   Code   RO           60    .text._ZNSt3__26vectorINS0_IfNS_9allocatorIfEEEENS1_IS3_EEE18__construct_at_endIPKS3_EENS_9enable_ifIXsr27__is_cpp17_forward_iteratorIT_EE5valueEvE4typeESA_SA_j  BUILD/NUCLEO_H7A3ZI_Q/ARMC6/main.o
    0x08004bbe   0x00000024   Code   RO           56    .text._ZNSt3__26vectorIfNS_9allocatorIfEEE11__vallocateEj  BUILD/NUCLEO_H7A3ZI_Q/ARMC6/main.o
    0x08004be2   0x0000003a   Code   RO           62    .text._ZNSt3__26vectorIfNS_9allocatorIfEEEC2ERKS3_  BUILD/NUCLEO_H7A3ZI_Q/ARMC6/main.o
    0x08004c1c   0x00000004   Code   RO        27342    .text._ZdlPv        BUILD/NUCLEO_H7A3ZI_Q/ARMC6/mbed-os/platform/source/mbed_retarget.o
    0x08004c20   0x0000001c   Code   RO        27396    .text._Znaj         BUILD/NUCLEO_H7A3ZI_Q/ARMC6/mbed-os/platform/source/mbed_retarget.o
    0x08004c3c   0x00000020   Code   RO        27394    .text._Znwj         BUILD/NUCLEO_H7A3ZI_Q/ARMC6/mbed-os/platform/source/mbed_retarget.o
    0x08004c5c   0x0000002e   Code   RO        27384    .text.__cxa_guard_acquire  BUILD/NUCLEO_H7A3ZI_Q/ARMC6/mbed-os/platform/source/mbed_retarget.o
    0x08004c8a   0x0000000e   Code   RO        27390    .text.__cxa_guard_release  BUILD/NUCLEO_H7A3ZI_Q/ARMC6/mbed-os/platform/source/mbed_retarget.o
    0x08004c98   0x00000028   Code   RO        36972    .text.__cxa_pure_virtual  c:\Users\jackj\AppData\Local\Mbed Studio\mbed-studio-tools\ac6\bin\..\lib\libcxx\libcppabi_w.l(cxa_virtual.cpp.o)
    0x08004cc0   0x00000038   Code   RO          675    .text.__rt_entry    BUILD/NUCLEO_H7A3ZI_Q/ARMC6/mbed-os/cmsis/device/rtos/TOOLCHAIN_ARM_STD/mbed_boot_arm_std.o
    0x08004cf8   0x0000004c   Code   RO          679    .text.__user_perthread_libspace  BUILD/NUCLEO_H7A3ZI_Q/ARMC6/mbed-os/cmsis/device/rtos/TOOLCHAIN_ARM_STD/mbed_boot_arm_std.o
    0x08004d44   0x00000004   Code   RO        27320    .text.__user_setup_stackheap  BUILD/NUCLEO_H7A3ZI_Q/ARMC6/mbed-os/platform/source/mbed_retarget.o
    0x08004d48   0x00000030   Code   RO        26266    .text._gpio_init_out  BUILD/NUCLEO_H7A3ZI_Q/ARMC6/mbed-os/hal/source/mbed_gpio.o
    0x08004d78   0x0000002c   Code   RO        27316    .text._mbed_user_setup_stackheap  BUILD/NUCLEO_H7A3ZI_Q/ARMC6/mbed-os/platform/source/mbed_retarget.o
    0x08004da4   0x0000001a   Code   RO          685    .text._mutex_acquire  BUILD/NUCLEO_H7A3ZI_Q/ARMC6/mbed-os/cmsis/device/rtos/TOOLCHAIN_ARM_STD/mbed_boot_arm_std.o
    0x08004dbe   0x00000002   PAD
    0x08004dc0   0x00000044   Code   RO          689    .text._mutex_free   BUILD/NUCLEO_H7A3ZI_Q/ARMC6/mbed-os/cmsis/device/rtos/TOOLCHAIN_ARM_STD/mbed_boot_arm_std.o
    0x08004e04   0x0000009c   Code   RO          683    .text._mutex_initialize  BUILD/NUCLEO_H7A3ZI_Q/ARMC6/mbed-os/cmsis/device/rtos/TOOLCHAIN_ARM_STD/mbed_boot_arm_std.o
    0x08004ea0   0x00000016   Code   RO          687    .text._mutex_release  BUILD/NUCLEO_H7A3ZI_Q/ARMC6/mbed-os/cmsis/device/rtos/TOOLCHAIN_ARM_STD/mbed_boot_arm_std.o
    0x08004eb6   0x00000004   Code   RO          260    .text._platform_post_stackheap_init  BUILD/NUCLEO_H7A3ZI_Q/ARMC6/mbed-os/cmsis/CMSIS_5/CMSIS/RTOS2/RTX/Source/rtx_lib.o
    0x08004eba   0x00000004   Code   RO        27284    .text._sys_close    BUILD/NUCLEO_H7A3ZI_Q/ARMC6/mbed-os/platform/source/mbed_retarget.o
    0x08004ebe   0x00000002   Code   RO        27294    .text._sys_exit     BUILD/NUCLEO_H7A3ZI_Q/ARMC6/mbed-os/platform/source/mbed_retarget.o
    0x08004ec0   0x00000026   Code   RO        27314    .text._sys_flen     BUILD/NUCLEO_H7A3ZI_Q/ARMC6/mbed-os/platform/source/mbed_retarget.o
    0x08004ee6   0x00000004   Code   RO        27302    .text._sys_istty    BUILD/NUCLEO_H7A3ZI_Q/ARMC6/mbed-os/platform/source/mbed_retarget.o
    0x08004eea   0x00000002   PAD
    0x08004eec   0x00000084   Code   RO        27278    .text._sys_open     BUILD/NUCLEO_H7A3ZI_Q/ARMC6/mbed-os/platform/source/mbed_retarget.o
    0x08004f70   0x00000006   Code   RO        27304    .text._sys_seek     BUILD/NUCLEO_H7A3ZI_Q/ARMC6/mbed-os/platform/source/mbed_retarget.o
    0x08004f76   0x00000002   PAD
    0x08004f78   0x000000c0   Code   RO        27288    .text._sys_write    BUILD/NUCLEO_H7A3ZI_Q/ARMC6/mbed-os/platform/source/mbed_retarget.o
    0x08005038   0x00000014   Code   RO        27296    .text._ttywrch      BUILD/NUCLEO_H7A3ZI_Q/ARMC6/mbed-os/platform/source/mbed_retarget.o
    0x0800504c   0x00000014   Code   RO        27501    .text._wait_us_ticks  BUILD/NUCLEO_H7A3ZI_Q/ARMC6/mbed-os/platform/source/mbed_wait_api_no_rtos.o
    0x08005060   0x00000004   Code   RO        37162    .text.abort_message  c:\Users\jackj\AppData\Local\Mbed Studio\mbed-studio-tools\ac6\bin\..\lib\libcxx\libcppabi_w.l(abort_message.cpp.o)
    0x08005064   0x00000002   Code   RO        26386    .text.block_us_ticker_free  BUILD/NUCLEO_H7A3ZI_Q/ARMC6/mbed-os/hal/source/mbed_us_ticker_api.o
    0x08005066   0x00000002   PAD
    0x08005068   0x000000a4   Code   RO        36225    .text.can_irq       BUILD/NUCLEO_H7A3ZI_Q/ARMC6/mbed-os/targets/TARGET_STM/can_api.o
    0x0800510c   0x00000038   Code   RO        27286    .text.close         BUILD/NUCLEO_H7A3ZI_Q/ARMC6/mbed-os/platform/source/mbed_retarget.o
    0x08005144   0x0000002c   Code   RO        36455    .text.configure_dualpad_switch  BUILD/NUCLEO_H7A3ZI_Q/ARMC6/mbed-os/targets/TARGET_STM/pinmap.o
    0x08005170   0x0000000c   Code   RO        27083    .text.core_util_are_interrupts_enabled  BUILD/NUCLEO_H7A3ZI_Q/ARMC6/mbed-os/platform/source/mbed_critical.o
    0x0800517c   0x00000012   Code   RO        26986    .text.core_util_atomic_decr_u16  BUILD/NUCLEO_H7A3ZI_Q/ARMC6/mbed-os/platform/source/mbed_atomic_impl.o
    0x0800518e   0x00000012   Code   RO        26988    .text.core_util_atomic_decr_u32  BUILD/NUCLEO_H7A3ZI_Q/ARMC6/mbed-os/platform/source/mbed_atomic_impl.o
    0x080051a0   0x00000010   Code   RO        26972    .text.core_util_atomic_exchange_u8  BUILD/NUCLEO_H7A3ZI_Q/ARMC6/mbed-os/platform/source/mbed_atomic_impl.o
    0x080051b0   0x00000014   Code   RO        26970    .text.core_util_atomic_flag_test_and_set  BUILD/NUCLEO_H7A3ZI_Q/ARMC6/mbed-os/platform/source/mbed_atomic_impl.o
    0x080051c4   0x00000012   Code   RO        26980    .text.core_util_atomic_incr_u16  BUILD/NUCLEO_H7A3ZI_Q/ARMC6/mbed-os/platform/source/mbed_atomic_impl.o
    0x080051d6   0x00000016   Code   RO        27032    .text.core_util_atomic_load_u64  BUILD/NUCLEO_H7A3ZI_Q/ARMC6/mbed-os/platform/source/mbed_atomic_impl.o
    0x080051ec   0x00000010   Code   RO        27089    .text.core_util_critical_section_enter  BUILD/NUCLEO_H7A3ZI_Q/ARMC6/mbed-os/platform/source/mbed_critical.o
    0x080051fc   0x00000018   Code   RO        27091    .text.core_util_critical_section_exit  BUILD/NUCLEO_H7A3ZI_Q/ARMC6/mbed-os/platform/source/mbed_critical.o
    0x08005214   0x0000000c   Code   RO        27085    .text.core_util_is_isr_active  BUILD/NUCLEO_H7A3ZI_Q/ARMC6/mbed-os/platform/source/mbed_critical.o
    0x08005220   0x00000024   Code   RO        27096    .text.error         BUILD/NUCLEO_H7A3ZI_Q/ARMC6/mbed-os/platform/source/mbed_error.o
    0x08005244   0x0000001c   Code   RO        26370    .text.exact_log2    BUILD/NUCLEO_H7A3ZI_Q/ARMC6/mbed-os/hal/source/mbed_ticker_api.o
    0x08005260   0x0000002c   Code   RO        27360    .text.exit          BUILD/NUCLEO_H7A3ZI_Q/ARMC6/mbed-os/platform/source/mbed_retarget.o
    0x0800528c   0x00000028   Code   RO        27312    .text.fsync         BUILD/NUCLEO_H7A3ZI_Q/ARMC6/mbed-os/platform/source/mbed_retarget.o
    0x080052b4   0x00000008   Code   RO        26282    .text.get_lp_ticker_data  BUILD/NUCLEO_H7A3ZI_Q/ARMC6/mbed-os/hal/source/mbed_lp_ticker_api.o
    0x080052bc   0x00000090   Code   RO        36561    .text.get_uart_index  BUILD/NUCLEO_H7A3ZI_Q/ARMC6/mbed-os/targets/TARGET_STM/serial_api.o
    0x0800534c   0x00000022   Code   RO        36255    .text.gpio_dir      BUILD/NUCLEO_H7A3ZI_Q/ARMC6/mbed-os/targets/TARGET_STM/gpio_api.o
    0x0800536e   0x00000002   PAD
    0x08005370   0x00000044   Code   RO        36251    .text.gpio_init     BUILD/NUCLEO_H7A3ZI_Q/ARMC6/mbed-os/targets/TARGET_STM/gpio_api.o
    0x080053b4   0x00000006   Code   RO        26262    .text.gpio_init_out  BUILD/NUCLEO_H7A3ZI_Q/ARMC6/mbed-os/hal/source/mbed_gpio.o
    0x080053ba   0x00000008   Code   RO        26264    .text.gpio_init_out_ex  BUILD/NUCLEO_H7A3ZI_Q/ARMC6/mbed-os/hal/source/mbed_gpio.o
    0x080053c2   0x00000008   Code   RO        36253    .text.gpio_mode     BUILD/NUCLEO_H7A3ZI_Q/ARMC6/mbed-os/targets/TARGET_STM/gpio_api.o
    0x080053ca   0x00000018   Code   RO        36249    .text.gpio_set      BUILD/NUCLEO_H7A3ZI_Q/ARMC6/mbed-os/targets/TARGET_STM/gpio_api.o
    0x080053e2   0x00000014   Code   RO        26254    .text.gpio_write    BUILD/NUCLEO_H7A3ZI_Q/ARMC6/mbed-os/hal/source/mbed_gpio.o
    0x080053f6   0x00000002   PAD
    0x080053f8   0x0000001c   Code   RO        26241    .text.hal_critical_section_enter  BUILD/NUCLEO_H7A3ZI_Q/ARMC6/mbed-os/hal/source/mbed_critical_section_api.o
    0x08005414   0x00000014   Code   RO        26243    .text.hal_critical_section_exit  BUILD/NUCLEO_H7A3ZI_Q/ARMC6/mbed-os/hal/source/mbed_critical_section_api.o
    0x08005428   0x000000f8   Code   RO        36576    .text.hal_deepsleep  BUILD/NUCLEO_H7A3ZI_Q/ARMC6/mbed-os/targets/TARGET_STM/sleep.o
    0x08005520   0x00000020   Code   RO        36574    .text.hal_sleep     BUILD/NUCLEO_H7A3ZI_Q/ARMC6/mbed-os/targets/TARGET_STM/sleep.o
    0x08005540   0x00000094   Code   RO        27098    .text.handle_error  BUILD/NUCLEO_H7A3ZI_Q/ARMC6/mbed-os/platform/source/mbed_error.o
    0x080055d4   0x000000b4   Code   RO        36655    .text.init_32bit_timer  BUILD/NUCLEO_H7A3ZI_Q/ARMC6/mbed-os/targets/TARGET_STM/us_ticker.o
    0x08005688   0x00000090   Code   RO        36541    .text.init_uart     BUILD/NUCLEO_H7A3ZI_Q/ARMC6/mbed-os/targets/TARGET_STM/serial_api.o
    0x08005718   0x000000e4   Code   RO        26342    .text.initialize    BUILD/NUCLEO_H7A3ZI_Q/ARMC6/mbed-os/hal/source/mbed_ticker_api.o
    0x080057fc   0x00000050   Code   RO        26352    .text.insert_event  BUILD/NUCLEO_H7A3ZI_Q/ARMC6/mbed-os/hal/source/mbed_ticker_api.o
    0x0800584c   0x00000028   Code   RO        27272    .text.isatty        BUILD/NUCLEO_H7A3ZI_Q/ARMC6/mbed-os/platform/source/mbed_retarget.o
    0x08005874   0x00000024   Code   RO        36424    .text.lp_ticker_clear_interrupt  BUILD/NUCLEO_H7A3ZI_Q/ARMC6/mbed-os/targets/TARGET_STM/lp_ticker.o
    0x08005898   0x00000050   Code   RO        36416    .text.lp_ticker_disable_interrupt  BUILD/NUCLEO_H7A3ZI_Q/ARMC6/mbed-os/targets/TARGET_STM/lp_ticker.o
    0x080058e8   0x00000024   Code   RO        36426    .text.lp_ticker_fire_interrupt  BUILD/NUCLEO_H7A3ZI_Q/ARMC6/mbed-os/targets/TARGET_STM/lp_ticker.o
    0x0800590c   0x00000004   Code   RO        36428    .text.lp_ticker_free  BUILD/NUCLEO_H7A3ZI_Q/ARMC6/mbed-os/targets/TARGET_STM/lp_ticker.o
    0x08005910   0x00000008   Code   RO        36412    .text.lp_ticker_get_info  BUILD/NUCLEO_H7A3ZI_Q/ARMC6/mbed-os/targets/TARGET_STM/lp_ticker.o
    0x08005918   0x00000178   Code   RO        36414    .text.lp_ticker_init  BUILD/NUCLEO_H7A3ZI_Q/ARMC6/mbed-os/targets/TARGET_STM/lp_ticker.o
    0x08005a90   0x00000014   Code   RO        26286    .text.lp_ticker_irq_handler  BUILD/NUCLEO_H7A3ZI_Q/ARMC6/mbed-os/hal/source/mbed_lp_ticker_api.o
    0x08005aa4   0x00000010   Code   RO        36420    .text.lp_ticker_read  BUILD/NUCLEO_H7A3ZI_Q/ARMC6/mbed-os/targets/TARGET_STM/lp_ticker.o
    0x08005ab4   0x000000b0   Code   RO        36422    .text.lp_ticker_set_interrupt  BUILD/NUCLEO_H7A3ZI_Q/ARMC6/mbed-os/targets/TARGET_STM/lp_ticker.o
    0x08005b64   0x0000002a   Code   RO        27306    .text.lseek         BUILD/NUCLEO_H7A3ZI_Q/ARMC6/mbed-os/platform/source/mbed_retarget.o
    0x08005b8e   0x00000002   PAD
    0x08005b90   0x00000098   Code   RO           24    .text.main          BUILD/NUCLEO_H7A3ZI_Q/ARMC6/main.o
    0x08005c28   0x00000064   Code   RO        27072    .text.mbed_die      BUILD/NUCLEO_H7A3ZI_Q/ARMC6/mbed-os/platform/source/mbed_board.o
    0x08005c8c   0x00000020   Code   RO        27118    .text.mbed_error    BUILD/NUCLEO_H7A3ZI_Q/ARMC6/mbed-os/platform/source/mbed_error.o
    0x08005cac   0x00000018   Code   RO        27074    .text.mbed_error_printf  BUILD/NUCLEO_H7A3ZI_Q/ARMC6/mbed-os/platform/source/mbed_board.o
    0x08005cc4   0x0000004c   Code   RO        27078    .text.mbed_error_puts  BUILD/NUCLEO_H7A3ZI_Q/ARMC6/mbed-os/platform/source/mbed_board.o
    0x08005d10   0x00000034   Code   RO        27076    .text.mbed_error_vprintf  BUILD/NUCLEO_H7A3ZI_Q/ARMC6/mbed-os/platform/source/mbed_board.o
    0x08005d44   0x000000f4   Code   RO        26948    .text.mbed_fault_handler  BUILD/NUCLEO_H7A3ZI_Q/ARMC6/mbed-os/platform/source/TARGET_CORTEX_M/mbed_fault_handler.o
    0x08005e38   0x0000000c   Code   RO        27114    .text.mbed_get_error_in_progress  BUILD/NUCLEO_H7A3ZI_Q/ARMC6/mbed-os/platform/source/mbed_error.o
    0x08005e44   0x00000030   Code   RO        27100    .text.mbed_halt_system  BUILD/NUCLEO_H7A3ZI_Q/ARMC6/mbed-os/platform/source/mbed_error.o
    0x08005e74   0x0000003c   Code   RO          697    .text.mbed_init     BUILD/NUCLEO_H7A3ZI_Q/ARMC6/mbed-os/cmsis/device/rtos/source/mbed_boot.o
    0x08005eb0   0x000002aa   Code   RO        27644    .text.mbed_minimal_formatted_string  BUILD/NUCLEO_H7A3ZI_Q/ARMC6/mbed-os/platform/source/minimal-printf/mbed_printf_implementation.o
    0x0800615a   0x00000002   PAD
    0x0800615c   0x0000012c   Code   RO        27648    .text.mbed_minimal_formatted_string_integer  BUILD/NUCLEO_H7A3ZI_Q/ARMC6/mbed-os/platform/source/minimal-printf/mbed_printf_implementation.o
    0x08006288   0x0000003c   Code   RO        27650    .text.mbed_minimal_putchar  BUILD/NUCLEO_H7A3ZI_Q/ARMC6/mbed-os/platform/source/minimal-printf/mbed_printf_implementation.o
    0x080062c4   0x0000005c   Code   RO        26394    .text.mbed_mpu_init  BUILD/NUCLEO_H7A3ZI_Q/ARMC6/mbed-os/hal/source/mpu/mbed_mpu_v7m.o
    0x08006320   0x00000004   Code   RO          713    .text.mbed_rtos_init  BUILD/NUCLEO_H7A3ZI_Q/ARMC6/mbed-os/cmsis/device/rtos/source/mbed_rtos_rtx.o
    0x08006324   0x00000024   Code   RO          717    .text.mbed_rtos_init_singleton_mutex  BUILD/NUCLEO_H7A3ZI_Q/ARMC6/mbed-os/cmsis/device/rtos/source/mbed_rtos_rtx.o
    0x08006348   0x00000068   Code   RO          715    .text.mbed_rtos_start  BUILD/NUCLEO_H7A3ZI_Q/ARMC6/mbed-os/cmsis/device/rtos/source/mbed_rtos_rtx.o
    0x080063b0   0x000000c8   Code   RO        36445    .text.mbed_sdk_init  BUILD/NUCLEO_H7A3ZI_Q/ARMC6/mbed-os/targets/TARGET_STM/mbed_overrides.o
    0x08006478   0x0000001e   Code   RO          701    .text.mbed_start    BUILD/NUCLEO_H7A3ZI_Q/ARMC6/mbed-os/cmsis/device/rtos/source/mbed_boot.o
    0x08006496   0x00000002   PAD
    0x08006498   0x00000018   Code   RO          677    .text.mbed_toolchain_init  BUILD/NUCLEO_H7A3ZI_Q/ARMC6/mbed-os/cmsis/device/rtos/TOOLCHAIN_ARM_STD/mbed_boot_arm_std.o
    0x080064b0   0x00000084   Code   RO        27280    .text.open          BUILD/NUCLEO_H7A3ZI_Q/ARMC6/mbed-os/platform/source/mbed_retarget.o
    0x08006534   0x00000030   Code   RO          118    .text.osDelay       BUILD/NUCLEO_H7A3ZI_Q/ARMC6/mbed-os/cmsis/CMSIS_5/CMSIS/RTOS2/RTX/Source/rtx_delay.o
    0x08006564   0x00000030   Code   RO          202    .text.osKernelGetState  BUILD/NUCLEO_H7A3ZI_Q/ARMC6/mbed-os/cmsis/CMSIS_5/CMSIS/RTOS2/RTX/Source/rtx_kernel.o
    0x08006594   0x0000002c   Code   RO          196    .text.osKernelInitialize  BUILD/NUCLEO_H7A3ZI_Q/ARMC6/mbed-os/cmsis/CMSIS_5/CMSIS/RTOS2/RTX/Source/rtx_kernel.o
    0x080065c0   0x00000028   Code   RO          216    .text.osKernelResume  BUILD/NUCLEO_H7A3ZI_Q/ARMC6/mbed-os/cmsis/CMSIS_5/CMSIS/RTOS2/RTX/Source/rtx_kernel.o
    0x080065e8   0x00000028   Code   RO          206    .text.osKernelStart  BUILD/NUCLEO_H7A3ZI_Q/ARMC6/mbed-os/cmsis/CMSIS_5/CMSIS/RTOS2/RTX/Source/rtx_kernel.o
    0x08006610   0x00000028   Code   RO          214    .text.osKernelSuspend  BUILD/NUCLEO_H7A3ZI_Q/ARMC6/mbed-os/cmsis/CMSIS_5/CMSIS/RTOS2/RTX/Source/rtx_kernel.o
    0x08006638   0x00000070   Code   RO          338    .text.osMessageQueueGet  BUILD/NUCLEO_H7A3ZI_Q/ARMC6/mbed-os/cmsis/CMSIS_5/CMSIS/RTOS2/RTX/Source/rtx_msgqueue.o
    0x080066a8   0x00000034   Code   RO          332    .text.osMessageQueueNew  BUILD/NUCLEO_H7A3ZI_Q/ARMC6/mbed-os/cmsis/CMSIS_5/CMSIS/RTOS2/RTX/Source/rtx_msgqueue.o
    0x080066dc   0x00000078   Code   RO          336    .text.osMessageQueuePut  BUILD/NUCLEO_H7A3ZI_Q/ARMC6/mbed-os/cmsis/CMSIS_5/CMSIS/RTOS2/RTX/Source/rtx_msgqueue.o
    0x08006754   0x0000002c   Code   RO          396    .text.osMutexAcquire  BUILD/NUCLEO_H7A3ZI_Q/ARMC6/mbed-os/cmsis/CMSIS_5/CMSIS/RTOS2/RTX/Source/rtx_mutex.o
    0x08006780   0x0000002c   Code   RO          402    .text.osMutexDelete  BUILD/NUCLEO_H7A3ZI_Q/ARMC6/mbed-os/cmsis/CMSIS_5/CMSIS/RTOS2/RTX/Source/rtx_mutex.o
    0x080067ac   0x00000034   Code   RO          392    .text.osMutexNew    BUILD/NUCLEO_H7A3ZI_Q/ARMC6/mbed-os/cmsis/CMSIS_5/CMSIS/RTOS2/RTX/Source/rtx_mutex.o
    0x080067e0   0x0000002c   Code   RO          398    .text.osMutexRelease  BUILD/NUCLEO_H7A3ZI_Q/ARMC6/mbed-os/cmsis/CMSIS_5/CMSIS/RTOS2/RTX/Source/rtx_mutex.o
    0x0800680c   0x00000058   Code   RO          732    .text.osRtxErrorNotify  BUILD/NUCLEO_H7A3ZI_Q/ARMC6/mbed-os/cmsis/device/rtos/source/mbed_rtx_handlers.o
    0x08006864   0x00000004   Code   RO          730    .text.osRtxIdleThread  BUILD/NUCLEO_H7A3ZI_Q/ARMC6/mbed-os/cmsis/device/rtos/source/mbed_rtx_handlers.o
    0x08006868   0x0000006c   Code   RO          278    .text.osRtxMemoryAlloc  BUILD/NUCLEO_H7A3ZI_Q/ARMC6/mbed-os/cmsis/CMSIS_5/CMSIS/RTOS2/RTX/Source/rtx_memory.o
    0x080068d4   0x00000042   Code   RO          280    .text.osRtxMemoryFree  BUILD/NUCLEO_H7A3ZI_Q/ARMC6/mbed-os/cmsis/CMSIS_5/CMSIS/RTOS2/RTX/Source/rtx_memory.o
    0x08006916   0x00000036   Code   RO          276    .text.osRtxMemoryInit  BUILD/NUCLEO_H7A3ZI_Q/ARMC6/mbed-os/cmsis/CMSIS_5/CMSIS/RTOS2/RTX/Source/rtx_memory.o
    0x0800694c   0x0000003a   Code   RO          286    .text.osRtxMemoryPoolAlloc  BUILD/NUCLEO_H7A3ZI_Q/ARMC6/mbed-os/cmsis/CMSIS_5/CMSIS/RTOS2/RTX/Source/rtx_mempool.o
    0x08006986   0x0000004a   Code   RO          288    .text.osRtxMemoryPoolFree  BUILD/NUCLEO_H7A3ZI_Q/ARMC6/mbed-os/cmsis/CMSIS_5/CMSIS/RTOS2/RTX/Source/rtx_mempool.o
    0x080069d0   0x00000038   Code   RO          284    .text.osRtxMemoryPoolInit  BUILD/NUCLEO_H7A3ZI_Q/ARMC6/mbed-os/cmsis/CMSIS_5/CMSIS/RTOS2/RTX/Source/rtx_mempool.o
    0x08006a08   0x000000aa   Code   RO          362    .text.osRtxMessageQueuePostProcess  BUILD/NUCLEO_H7A3ZI_Q/ARMC6/mbed-os/cmsis/CMSIS_5/CMSIS/RTOS2/RTX/Source/rtx_msgqueue.o
    0x08006ab2   0x00000048   Code   RO          388    .text.osRtxMutexOwnerRelease  BUILD/NUCLEO_H7A3ZI_Q/ARMC6/mbed-os/cmsis/CMSIS_5/CMSIS/RTOS2/RTX/Source/rtx_mutex.o
    0x08006afa   0x00000042   Code   RO          390    .text.osRtxMutexOwnerRestore  BUILD/NUCLEO_H7A3ZI_Q/ARMC6/mbed-os/cmsis/CMSIS_5/CMSIS/RTOS2/RTX/Source/rtx_mutex.o
    0x08006b3c   0x00000088   Code   RO          460    .text.osRtxPendSV_Handler  BUILD/NUCLEO_H7A3ZI_Q/ARMC6/mbed-os/cmsis/CMSIS_5/CMSIS/RTOS2/RTX/Source/rtx_system.o
    0x08006bc4   0x00000070   Code   RO          462    .text.osRtxPostProcess  BUILD/NUCLEO_H7A3ZI_Q/ARMC6/mbed-os/cmsis/CMSIS_5/CMSIS/RTOS2/RTX/Source/rtx_system.o
    0x08006c34   0x00000034   Code   RO          488    .text.osRtxThreadBlock  BUILD/NUCLEO_H7A3ZI_Q/ARMC6/mbed-os/cmsis/CMSIS_5/CMSIS/RTOS2/RTX/Source/rtx_thread.o
    0x08006c68   0x0000007c   Code   RO          496    .text.osRtxThreadDelayInsert  BUILD/NUCLEO_H7A3ZI_Q/ARMC6/mbed-os/cmsis/CMSIS_5/CMSIS/RTOS2/RTX/Source/rtx_thread.o
    0x08006ce4   0x00000038   Code   RO          492    .text.osRtxThreadDelayRemove  BUILD/NUCLEO_H7A3ZI_Q/ARMC6/mbed-os/cmsis/CMSIS_5/CMSIS/RTOS2/RTX/Source/rtx_thread.o
    0x08006d1c   0x00000048   Code   RO          476    .text.osRtxThreadDelayTick  BUILD/NUCLEO_H7A3ZI_Q/ARMC6/mbed-os/cmsis/CMSIS_5/CMSIS/RTOS2/RTX/Source/rtx_thread.o
    0x08006d64   0x00000054   Code   RO          486    .text.osRtxThreadDispatch  BUILD/NUCLEO_H7A3ZI_Q/ARMC6/mbed-os/cmsis/CMSIS_5/CMSIS/RTOS2/RTX/Source/rtx_thread.o
    0x08006db8   0x00000054   Code   RO          572    .text.osRtxThreadFree  BUILD/NUCLEO_H7A3ZI_Q/ARMC6/mbed-os/cmsis/CMSIS_5/CMSIS/RTOS2/RTX/Source/rtx_thread.o
    0x08006e0c   0x00000012   Code   RO          468    .text.osRtxThreadListGet  BUILD/NUCLEO_H7A3ZI_Q/ARMC6/mbed-os/cmsis/CMSIS_5/CMSIS/RTOS2/RTX/Source/rtx_thread.o
    0x08006e1e   0x0000002c   Code   RO          466    .text.osRtxThreadListPut  BUILD/NUCLEO_H7A3ZI_Q/ARMC6/mbed-os/cmsis/CMSIS_5/CMSIS/RTOS2/RTX/Source/rtx_thread.o
    0x08006e4a   0x00000014   Code   RO          472    .text.osRtxThreadListRemove  BUILD/NUCLEO_H7A3ZI_Q/ARMC6/mbed-os/cmsis/CMSIS_5/CMSIS/RTOS2/RTX/Source/rtx_thread.o
    0x08006e5e   0x0000000c   Code   RO          478    .text.osRtxThreadListRoot  BUILD/NUCLEO_H7A3ZI_Q/ARMC6/mbed-os/cmsis/CMSIS_5/CMSIS/RTOS2/RTX/Source/rtx_thread.o
    0x08006e6a   0x00000026   Code   RO          470    .text.osRtxThreadListSort  BUILD/NUCLEO_H7A3ZI_Q/ARMC6/mbed-os/cmsis/CMSIS_5/CMSIS/RTOS2/RTX/Source/rtx_thread.o
    0x08006e90   0x00000020   Code   RO          546    .text.osRtxThreadPostProcess  BUILD/NUCLEO_H7A3ZI_Q/ARMC6/mbed-os/cmsis/CMSIS_5/CMSIS/RTOS2/RTX/Source/rtx_thread.o
    0x08006eb0   0x00000010   Code   RO          474    .text.osRtxThreadReadyPut  BUILD/NUCLEO_H7A3ZI_Q/ARMC6/mbed-os/cmsis/CMSIS_5/CMSIS/RTOS2/RTX/Source/rtx_thread.o
    0x08006ec0   0x00000014   Code   RO          480    .text.osRtxThreadRegPtr  BUILD/NUCLEO_H7A3ZI_Q/ARMC6/mbed-os/cmsis/CMSIS_5/CMSIS/RTOS2/RTX/Source/rtx_thread.o
    0x08006ed4   0x00000028   Code   RO          484    .text.osRtxThreadStackCheck  BUILD/NUCLEO_H7A3ZI_Q/ARMC6/mbed-os/cmsis/CMSIS_5/CMSIS/RTOS2/RTX/Source/rtx_thread.o
    0x08006efc   0x00000034   Code   RO          498    .text.osRtxThreadStartup  BUILD/NUCLEO_H7A3ZI_Q/ARMC6/mbed-os/cmsis/CMSIS_5/CMSIS/RTOS2/RTX/Source/rtx_thread.o
    0x08006f30   0x0000000c   Code   RO          482    .text.osRtxThreadSwitch  BUILD/NUCLEO_H7A3ZI_Q/ARMC6/mbed-os/cmsis/CMSIS_5/CMSIS/RTOS2/RTX/Source/rtx_thread.o
    0x08006f3c   0x0000003c   Code   RO          494    .text.osRtxThreadWaitEnter  BUILD/NUCLEO_H7A3ZI_Q/ARMC6/mbed-os/cmsis/CMSIS_5/CMSIS/RTOS2/RTX/Source/rtx_thread.o
    0x08006f78   0x00000030   Code   RO          490    .text.osRtxThreadWaitExit  BUILD/NUCLEO_H7A3ZI_Q/ARMC6/mbed-os/cmsis/CMSIS_5/CMSIS/RTOS2/RTX/Source/rtx_thread.o
    0x08006fa8   0x00000074   Code   RO          458    .text.osRtxTick_Handler  BUILD/NUCLEO_H7A3ZI_Q/ARMC6/mbed-os/cmsis/CMSIS_5/CMSIS/RTOS2/RTX/Source/rtx_system.o
    0x0800701c   0x0000003c   Code   RO          616    .text.osRtxTimerThread  BUILD/NUCLEO_H7A3ZI_Q/ARMC6/mbed-os/cmsis/CMSIS_5/CMSIS/RTOS2/RTX/Source/rtx_timer.o
    0x08007058   0x00000054   Code   RO          618    .text.osRtxTimerTick  BUILD/NUCLEO_H7A3ZI_Q/ARMC6/mbed-os/cmsis/CMSIS_5/CMSIS/RTOS2/RTX/Source/rtx_timer.o
    0x080070ac   0x0000001c   Code   RO          530    .text.osThreadExit  BUILD/NUCLEO_H7A3ZI_Q/ARMC6/mbed-os/cmsis/CMSIS_5/CMSIS/RTOS2/RTX/Source/rtx_thread.o
    0x080070c8   0x00000028   Code   RO          506    .text.osThreadGetId  BUILD/NUCLEO_H7A3ZI_Q/ARMC6/mbed-os/cmsis/CMSIS_5/CMSIS/RTOS2/RTX/Source/rtx_thread.o
    0x080070f0   0x00000034   Code   RO          502    .text.osThreadNew   BUILD/NUCLEO_H7A3ZI_Q/ARMC6/mbed-os/cmsis/CMSIS_5/CMSIS/RTOS2/RTX/Source/rtx_thread.o
    0x08007124   0x00000020   Code   RO          681    .text.os_kernel_is_active  BUILD/NUCLEO_H7A3ZI_Q/ARMC6/mbed-os/cmsis/device/rtos/TOOLCHAIN_ARM_STD/mbed_boot_arm_std.o
    0x08007144   0x00000024   Code   RO        27646    .text.parse_string_to_integer  BUILD/NUCLEO_H7A3ZI_Q/ARMC6/mbed-os/platform/source/minimal-printf/mbed_printf_implementation.o
    0x08007168   0x000000fc   Code   RO        36453    .text.pin_function  BUILD/NUCLEO_H7A3ZI_Q/ARMC6/mbed-os/targets/TARGET_STM/pinmap.o
    0x08007264   0x00000074   Code   RO        36459    .text.pin_mode      BUILD/NUCLEO_H7A3ZI_Q/ARMC6/mbed-os/targets/TARGET_STM/pinmap.o
    0x080072d8   0x00000022   Code   RO        26303    .text.pinmap_find_function  BUILD/NUCLEO_H7A3ZI_Q/ARMC6/mbed-os/hal/source/mbed_pinmap_common.o
    0x080072fa   0x00000022   Code   RO        26299    .text.pinmap_find_peripheral  BUILD/NUCLEO_H7A3ZI_Q/ARMC6/mbed-os/hal/source/mbed_pinmap_common.o
    0x0800731c   0x00000024   Code   RO        26297    .text.pinmap_merge  BUILD/NUCLEO_H7A3ZI_Q/ARMC6/mbed-os/hal/source/mbed_pinmap_common.o
    0x08007340   0x00000028   Code   RO        26301    .text.pinmap_peripheral  BUILD/NUCLEO_H7A3ZI_Q/ARMC6/mbed-os/hal/source/mbed_pinmap_common.o
    0x08007368   0x0000015c   Code   RO        26950    .text.print_context_info  BUILD/NUCLEO_H7A3ZI_Q/ARMC6/mbed-os/platform/source/TARGET_CORTEX_M/mbed_fault_handler.o
    0x080074c4   0x00000014   Code   RO        36671    .text.restore_timer_ctx  BUILD/NUCLEO_H7A3ZI_Q/ARMC6/mbed-os/targets/TARGET_STM/us_ticker.o
    0x080074d8   0x0000000c   Code   RO          763    .text.rtos_idle_loop  BUILD/NUCLEO_H7A3ZI_Q/ARMC6/mbed-os/cmsis/device/rtos/source/mbed_rtx_idle.o
    0x080074e4   0x0000001c   Code   RO        36669    .text.save_timer_ctx  BUILD/NUCLEO_H7A3ZI_Q/ARMC6/mbed-os/targets/TARGET_STM/us_ticker.o
    0x08007500   0x000000ca   Code   RO        26348    .text.schedule_interrupt  BUILD/NUCLEO_H7A3ZI_Q/ARMC6/mbed-os/hal/source/mbed_ticker_api.o
    0x080075ca   0x00000002   PAD
    0x080075cc   0x00000084   Code   RO        36539    .text.serial_baud   BUILD/NUCLEO_H7A3ZI_Q/ARMC6/mbed-os/targets/TARGET_STM/serial_api.o
    0x08007650   0x00000068   Code   RO        36146    .text.serial_getc   BUILD/NUCLEO_H7A3ZI_Q/ARMC6/mbed-os/targets/TARGET_STM/TARGET_STM32H7/serial_device.o
    0x080076b8   0x0000020c   Code   RO        36535    .text.serial_init   BUILD/NUCLEO_H7A3ZI_Q/ARMC6/mbed-os/targets/TARGET_STM/serial_api.o
    0x080078c4   0x0000000e   Code   RO        26417    .text.serial_init_direct  BUILD/NUCLEO_H7A3ZI_Q/ARMC6/mbed-os/hal/source/static_pinmap.o
    0x080078d2   0x00000002   PAD
    0x080078d4   0x000000dc   Code   RO        36563    .text.serial_is_tx_ongoing  BUILD/NUCLEO_H7A3ZI_Q/ARMC6/mbed-os/targets/TARGET_STM/serial_api.o
    0x080079b0   0x00000024   Code   RO        36148    .text.serial_putc   BUILD/NUCLEO_H7A3ZI_Q/ARMC6/mbed-os/targets/TARGET_STM/TARGET_STM32H7/serial_device.o
    0x080079d4   0x00000020   Code   RO        36553    .text.serial_readable  BUILD/NUCLEO_H7A3ZI_Q/ARMC6/mbed-os/targets/TARGET_STM/serial_api.o
    0x080079f4   0x00000018   Code   RO        36555    .text.serial_writable  BUILD/NUCLEO_H7A3ZI_Q/ARMC6/mbed-os/targets/TARGET_STM/serial_api.o
    0x08007a0c   0x00000024   Code   RO        27229    .text.sleep_manager_lock_deep_sleep_internal  BUILD/NUCLEO_H7A3ZI_Q/ARMC6/mbed-os/platform/source/mbed_power_mgmt.o
    0x08007a30   0x00000020   Code   RO        27237    .text.sleep_manager_sleep_auto  BUILD/NUCLEO_H7A3ZI_Q/ARMC6/mbed-os/platform/source/mbed_power_mgmt.o
    0x08007a50   0x00000030   Code   RO        27231    .text.sleep_manager_unlock_deep_sleep_internal  BUILD/NUCLEO_H7A3ZI_Q/ARMC6/mbed-os/platform/source/mbed_power_mgmt.o
    0x08007a80   0x00000036   Code   RO        36457    .text.stm_pin_PullConfig  BUILD/NUCLEO_H7A3ZI_Q/ARMC6/mbed-os/targets/TARGET_STM/pinmap.o
    0x08007ab6   0x00000014   Code   RO          122    .text.svcRtxDelay   BUILD/NUCLEO_H7A3ZI_Q/ARMC6/mbed-os/cmsis/CMSIS_5/CMSIS/RTOS2/RTX/Source/rtx_delay.o
    0x08007aca   0x00000002   PAD
    0x08007acc   0x00000008   Code   RO          204    .text.svcRtxKernelGetState  BUILD/NUCLEO_H7A3ZI_Q/ARMC6/mbed-os/cmsis/CMSIS_5/CMSIS/RTOS2/RTX/Source/rtx_kernel.o
    0x08007ad4   0x00000104   Code   RO          234    .text.svcRtxKernelInitialize  BUILD/NUCLEO_H7A3ZI_Q/ARMC6/mbed-os/cmsis/CMSIS_5/CMSIS/RTOS2/RTX/Source/rtx_kernel.o
    0x08007bd8   0x00000084   Code   RO          246    .text.svcRtxKernelResume  BUILD/NUCLEO_H7A3ZI_Q/ARMC6/mbed-os/cmsis/CMSIS_5/CMSIS/RTOS2/RTX/Source/rtx_kernel.o
    0x08007c5c   0x00000094   Code   RO          236    .text.svcRtxKernelStart  BUILD/NUCLEO_H7A3ZI_Q/ARMC6/mbed-os/cmsis/CMSIS_5/CMSIS/RTOS2/RTX/Source/rtx_kernel.o
    0x08007cf0   0x00000054   Code   RO          244    .text.svcRtxKernelSuspend  BUILD/NUCLEO_H7A3ZI_Q/ARMC6/mbed-os/cmsis/CMSIS_5/CMSIS/RTOS2/RTX/Source/rtx_kernel.o
    0x08007d44   0x000000d4   Code   RO          374    .text.svcRtxMessageQueueGet  BUILD/NUCLEO_H7A3ZI_Q/ARMC6/mbed-os/cmsis/CMSIS_5/CMSIS/RTOS2/RTX/Source/rtx_msgqueue.o
    0x08007e18   0x0000013c   Code   RO          360    .text.svcRtxMessageQueueNew  BUILD/NUCLEO_H7A3ZI_Q/ARMC6/mbed-os/cmsis/CMSIS_5/CMSIS/RTOS2/RTX/Source/rtx_msgqueue.o
    0x08007f54   0x000000b8   Code   RO          370    .text.svcRtxMessageQueuePut  BUILD/NUCLEO_H7A3ZI_Q/ARMC6/mbed-os/cmsis/CMSIS_5/CMSIS/RTOS2/RTX/Source/rtx_msgqueue.o
    0x0800800c   0x000000a0   Code   RO          408    .text.svcRtxMutexAcquire  BUILD/NUCLEO_H7A3ZI_Q/ARMC6/mbed-os/cmsis/CMSIS_5/CMSIS/RTOS2/RTX/Source/rtx_mutex.o
    0x080080ac   0x000000ac   Code   RO          414    .text.svcRtxMutexDelete  BUILD/NUCLEO_H7A3ZI_Q/ARMC6/mbed-os/cmsis/CMSIS_5/CMSIS/RTOS2/RTX/Source/rtx_mutex.o
    0x08008158   0x00000078   Code   RO          404    .text.svcRtxMutexNew  BUILD/NUCLEO_H7A3ZI_Q/ARMC6/mbed-os/cmsis/CMSIS_5/CMSIS/RTOS2/RTX/Source/rtx_mutex.o
    0x080081d0   0x000000c4   Code   RO          410    .text.svcRtxMutexRelease  BUILD/NUCLEO_H7A3ZI_Q/ARMC6/mbed-os/cmsis/CMSIS_5/CMSIS/RTOS2/RTX/Source/rtx_mutex.o
    0x08008294   0x00000064   Code   RO          576    .text.svcRtxThreadExit  BUILD/NUCLEO_H7A3ZI_Q/ARMC6/mbed-os/cmsis/CMSIS_5/CMSIS/RTOS2/RTX/Source/rtx_thread.o
    0x080082f8   0x0000000c   Code   RO          508    .text.svcRtxThreadGetId  BUILD/NUCLEO_H7A3ZI_Q/ARMC6/mbed-os/cmsis/CMSIS_5/CMSIS/RTOS2/RTX/Source/rtx_thread.o
    0x08008304   0x00000204   Code   RO          500    .text.svcRtxThreadNew  BUILD/NUCLEO_H7A3ZI_Q/ARMC6/mbed-os/cmsis/CMSIS_5/CMSIS/RTOS2/RTX/Source/rtx_thread.o
    0x08008508   0x00000024   Code   RO        26354    .text.ticker_insert_event_us  BUILD/NUCLEO_H7A3ZI_Q/ARMC6/mbed-os/hal/source/mbed_ticker_api.o
    0x0800852c   0x0000005e   Code   RO        26344    .text.ticker_irq_handler  BUILD/NUCLEO_H7A3ZI_Q/ARMC6/mbed-os/hal/source/mbed_ticker_api.o
    0x0800858a   0x00000020   Code   RO        26360    .text.ticker_read_us  BUILD/NUCLEO_H7A3ZI_Q/ARMC6/mbed-os/hal/source/mbed_ticker_api.o
    0x080085aa   0x00000030   Code   RO        26356    .text.ticker_remove_event  BUILD/NUCLEO_H7A3ZI_Q/ARMC6/mbed-os/hal/source/mbed_ticker_api.o
    0x080085da   0x0000001a   Code   RO        26340    .text.ticker_set_handler  BUILD/NUCLEO_H7A3ZI_Q/ARMC6/mbed-os/hal/source/mbed_ticker_api.o
    0x080085f4   0x00000024   Code   RO        36653    .text.timer_irq_handler  BUILD/NUCLEO_H7A3ZI_Q/ARMC6/mbed-os/targets/TARGET_STM/us_ticker.o
    0x08008618   0x0000007c   Code   RO        26346    .text.update_present_time  BUILD/NUCLEO_H7A3ZI_Q/ARMC6/mbed-os/hal/source/mbed_ticker_api.o
    0x08008694   0x0000000c   Code   RO        36667    .text.us_ticker_clear_interrupt  BUILD/NUCLEO_H7A3ZI_Q/ARMC6/mbed-os/targets/TARGET_STM/us_ticker.o
    0x080086a0   0x00000010   Code   RO        36665    .text.us_ticker_disable_interrupt  BUILD/NUCLEO_H7A3ZI_Q/ARMC6/mbed-os/targets/TARGET_STM/us_ticker.o
    0x080086b0   0x0000001c   Code   RO        36663    .text.us_ticker_fire_interrupt  BUILD/NUCLEO_H7A3ZI_Q/ARMC6/mbed-os/targets/TARGET_STM/us_ticker.o
    0x080086cc   0x00000008   Code   RO        36651    .text.us_ticker_get_info  BUILD/NUCLEO_H7A3ZI_Q/ARMC6/mbed-os/targets/TARGET_STM/us_ticker.o
    0x080086d4   0x00000014   Code   RO        36657    .text.us_ticker_init  BUILD/NUCLEO_H7A3ZI_Q/ARMC6/mbed-os/targets/TARGET_STM/us_ticker.o
    0x080086e8   0x00000014   Code   RO        26384    .text.us_ticker_irq_handler  BUILD/NUCLEO_H7A3ZI_Q/ARMC6/mbed-os/hal/source/mbed_us_ticker_api.o
    0x080086fc   0x0000000c   Code   RO        36659    .text.us_ticker_read  BUILD/NUCLEO_H7A3ZI_Q/ARMC6/mbed-os/targets/TARGET_STM/us_ticker.o
    0x08008708   0x0000001c   Code   RO        36661    .text.us_ticker_set_interrupt  BUILD/NUCLEO_H7A3ZI_Q/ARMC6/mbed-os/targets/TARGET_STM/us_ticker.o
    0x08008724   0x0000002a   Code   RO        27292    .text.write         BUILD/NUCLEO_H7A3ZI_Q/ARMC6/mbed-os/platform/source/mbed_retarget.o
    0x0800874e   0x0000001a   Code   RO        36803    i.fputc             c:\Users\jackj\AppData\Local\Mbed Studio\mbed-studio-tools\ac6\bin\..\lib\armlib\c_w.l(fputc.o)
    0x08008768   0x0000001a   Code   RO        37253    x$fpl$fpinit        c:\Users\jackj\AppData\Local\Mbed Studio\mbed-studio-tools\ac6\bin\..\lib\armlib\fz_wv.l(fpinit.o)
    0x08008782   0x00000002   PAD
    0x08008784   0x000000a0   Data   RO          266    .rodata             BUILD/NUCLEO_H7A3ZI_Q/ARMC6/mbed-os/cmsis/CMSIS_5/CMSIS/RTOS2/RTX/Source/rtx_lib.o
    0x08008824   0x00000010   Data   RO          724    .rodata..L__const.mbed_rtos_init_singleton_mutex.singleton_mutex_attr  BUILD/NUCLEO_H7A3ZI_Q/ARMC6/mbed-os/cmsis/device/rtos/source/mbed_rtos_rtx.o
    0x08008834   0x0000002c   Data   RO           38    .rodata..Lconstinit  BUILD/NUCLEO_H7A3ZI_Q/ARMC6/main.o
    0x08008860   0x0000002c   Data   RO           39    .rodata..Lconstinit.2  BUILD/NUCLEO_H7A3ZI_Q/ARMC6/main.o
    0x0800888c   0x00000fa0   Data   RO           40    .rodata..Lconstinit.4  BUILD/NUCLEO_H7A3ZI_Q/ARMC6/main.o
    0x0800982c   0x00000fa0   Data   RO           41    .rodata..Lconstinit.5  BUILD/NUCLEO_H7A3ZI_Q/ARMC6/main.o
    0x0800a7cc   0x00000fa0   Data   RO           42    .rodata..Lconstinit.6  BUILD/NUCLEO_H7A3ZI_Q/ARMC6/main.o
    0x0800b76c   0x00000fa0   Data   RO           43    .rodata..Lconstinit.8  BUILD/NUCLEO_H7A3ZI_Q/ARMC6/main.o
    0x0800c70c   0x00000fa0   Data   RO           44    .rodata..Lconstinit.9  BUILD/NUCLEO_H7A3ZI_Q/ARMC6/main.o
    0x0800d6ac   0x00000010   Data   RO        36025    .rodata.D1CorePrescTable  BUILD/NUCLEO_H7A3ZI_Q/ARMC6/mbed-os/targets/TARGET_STM/TARGET_STM32H7/STM32Cube_FW/system_stm32h7xx_singlecore.o
    0x0800d6bc   0x00000028   Data   RO        36463    .rodata.PinMapAnalogSwitch  BUILD/NUCLEO_H7A3ZI_Q/ARMC6/mbed-os/targets/TARGET_STM/pinmap.o
    0x0800d6e4   0x0000015c   Data   RO        36036    .rodata.PinMap_UART_RX  BUILD/NUCLEO_H7A3ZI_Q/ARMC6/mbed-os/targets/TARGET_STM/TARGET_STM32H7/TARGET_STM32H7A3xIQ/TARGET_NUCLEO_H7A3ZI_Q/PeripheralPins.o
    0x0800d840   0x0000015c   Data   RO        36035    .rodata.PinMap_UART_TX  BUILD/NUCLEO_H7A3ZI_Q/ARMC6/mbed-os/targets/TARGET_STM/TARGET_STM32H7/TARGET_STM32H7A3xIQ/TARGET_NUCLEO_H7A3ZI_Q/PeripheralPins.o
    0x0800d99c   0x00000018   Data   RO        35099    .rodata.UARTPrescTable  BUILD/NUCLEO_H7A3ZI_Q/ARMC6/mbed-os/targets/TARGET_STM/TARGET_STM32H7/STM32Cube_FW/STM32H7xx_HAL_Driver/stm32h7xx_hal_uart.o
    0x0800d9b4   0x00000050   Data   RO        27430    .rodata._ZTV12DirectSerial  BUILD/NUCLEO_H7A3ZI_Q/ARMC6/mbed-os/platform/source/mbed_retarget.o
    0x0800da04   0x0000000c   Data   RO        24166    .rodata._ZTVN4mbed10TimerEventE  BUILD/NUCLEO_H7A3ZI_Q/ARMC6/mbed-os/drivers/source/TimerEvent.o
    0x0800da10   0x0000000c   Data   RO        26942    .rodata._ZTVN4mbed8internal8SysTimerINSt3__25ratioILx1ELx1000EEELb1EEE  BUILD/NUCLEO_H7A3ZI_Q/ARMC6/mbed-os/platform/source/SysTimer.o
    0x0800da1c   0x00000018   Data   RO        27437    .rodata._ZZL15default_consolevE14console_pinmap  BUILD/NUCLEO_H7A3ZI_Q/ARMC6/mbed-os/platform/source/mbed_retarget.o
    0x0800da34   0x00000008   Data   RO        27426    .rodata.__stderr_name  BUILD/NUCLEO_H7A3ZI_Q/ARMC6/mbed-os/platform/source/mbed_retarget.o
    0x0800da3c   0x00000007   Data   RO        27424    .rodata.__stdin_name  BUILD/NUCLEO_H7A3ZI_Q/ARMC6/mbed-os/platform/source/mbed_retarget.o
    0x0800da43   0x00000008   Data   RO        27425    .rodata.__stdout_name  BUILD/NUCLEO_H7A3ZI_Q/ARMC6/mbed-os/platform/source/mbed_retarget.o
    0x0800da4b   0x00000001   PAD
    0x0800da4c   0x00000040   Data   RO        36464    .rodata.ll_pin_defines  BUILD/NUCLEO_H7A3ZI_Q/ARMC6/mbed-os/targets/TARGET_STM/pinmap.o
    0x0800da8c   0x00000008   Data   RO        26288    .rodata.lp_data     BUILD/NUCLEO_H7A3ZI_Q/ARMC6/mbed-os/hal/source/mbed_lp_ticker_api.o
    0x0800da94   0x00000024   Data   RO        26290    .rodata.lp_interface  BUILD/NUCLEO_H7A3ZI_Q/ARMC6/mbed-os/hal/source/mbed_lp_ticker_api.o
    0x0800dab8   0x00000008   Data   RO        36430    .rodata.lp_ticker_get_info.info  BUILD/NUCLEO_H7A3ZI_Q/ARMC6/mbed-os/targets/TARGET_STM/lp_ticker.o
    0x0800dac0   0x00000004   Data   RO          268    .rodata.osRtxUserSVC  BUILD/NUCLEO_H7A3ZI_Q/ARMC6/mbed-os/cmsis/CMSIS_5/CMSIS/RTOS2/RTX/Source/rtx_lib.o
    0x0800dac4   0x00000024   Data   RO          263    .rodata.os_idle_thread_attr  BUILD/NUCLEO_H7A3ZI_Q/ARMC6/mbed-os/cmsis/CMSIS_5/CMSIS/RTOS2/RTX/Source/rtx_lib.o
    0x0800dae8   0x00000018   Data   RO          265    .rodata.os_timer_mq_attr  BUILD/NUCLEO_H7A3ZI_Q/ARMC6/mbed-os/cmsis/CMSIS_5/CMSIS/RTOS2/RTX/Source/rtx_lib.o
    0x0800db00   0x00000024   Data   RO          264    .rodata.os_timer_thread_attr  BUILD/NUCLEO_H7A3ZI_Q/ARMC6/mbed-os/cmsis/CMSIS_5/CMSIS/RTOS2/RTX/Source/rtx_lib.o
    0x0800db24   0x00000013   Data   RO          269    .rodata.str1.1      BUILD/NUCLEO_H7A3ZI_Q/ARMC6/mbed-os/cmsis/CMSIS_5/CMSIS/RTOS2/RTX/Source/rtx_lib.o
    0x0800db37   0x00000010   Data   RO          722    .rodata.str1.1      BUILD/NUCLEO_H7A3ZI_Q/ARMC6/mbed-os/cmsis/device/rtos/source/mbed_rtos_rtx.o
    0x0800db47   0x000000c8   Data   RO        26954    .rodata.str1.1      BUILD/NUCLEO_H7A3ZI_Q/ARMC6/mbed-os/platform/source/TARGET_CORTEX_M/mbed_fault_handler.o
    0x0800dc0f   0x00000001   PAD
    0x0800dc10   0x0000000b   Data   RO          256    .rodata.str1.4      BUILD/NUCLEO_H7A3ZI_Q/ARMC6/mbed-os/cmsis/CMSIS_5/CMSIS/RTOS2/RTX/Source/rtx_kernel.o
    0x0800dc1b   0x00000001   PAD
    0x0800dc1c   0x00000008   Data   RO        26388    .rodata.us_data     BUILD/NUCLEO_H7A3ZI_Q/ARMC6/mbed-os/hal/source/mbed_us_ticker_api.o
    0x0800dc24   0x00000024   Data   RO        26390    .rodata.us_interface  BUILD/NUCLEO_H7A3ZI_Q/ARMC6/mbed-os/hal/source/mbed_us_ticker_api.o
    0x0800dc48   0x00000008   Data   RO        36675    .rodata.us_ticker_get_info.info  BUILD/NUCLEO_H7A3ZI_Q/ARMC6/mbed-os/targets/TARGET_STM/us_ticker.o
    0x0800dc50   0x00000020   Data   RO        37404    Region$$Table       anon$$obj.o
    0x0800dc70   0x00000004   Data   RO           45    .init_array         BUILD/NUCLEO_H7A3ZI_Q/ARMC6/main.o
    0x0800dc74   0x00000000   Data   RO        36909    .init_array         c:\Users\jackj\AppData\Local\Mbed Studio\mbed-studio-tools\ac6\bin\..\lib\armlib\c_w.l(init_aeabi.o)


    Execution Region RW_IRAM1 (Base: 0x24000000, Size: 0x00002588, Max: 0xffffffff, ABSOLUTE)

    Base Addr    Size         Type   Attr      Idx    E Section Name        Object

    0x24000000   0x00000004   Data   RW        36827    .data               c:\Users\jackj\AppData\Local\Mbed Studio\mbed-studio-tools\ac6\bin\..\lib\armlib\c_w.l(stdio_streams.o)
    0x24000004   0x00000004   Data   RW        36828    .data               c:\Users\jackj\AppData\Local\Mbed Studio\mbed-studio-tools\ac6\bin\..\lib\armlib\c_w.l(stdio_streams.o)
    0x24000008   0x00000004   Data   RW        36829    .data               c:\Users\jackj\AppData\Local\Mbed Studio\mbed-studio-tools\ac6\bin\..\lib\armlib\c_w.l(stdio_streams.o)
    0x2400000c   0x00000004   Data   RW        37060    .data               c:\Users\jackj\AppData\Local\Mbed Studio\mbed-studio-tools\ac6\bin\..\lib\armlib\c_w.l(streamlock.o)
    0x24000010   0x00000008   Data   RW        29789    .data..L_MergedGlobals  BUILD/NUCLEO_H7A3ZI_Q/ARMC6/mbed-os/targets/TARGET_STM/TARGET_STM32H7/STM32Cube_FW/STM32H7xx_HAL_Driver/stm32h7xx_hal.o
    0x24000018   0x00000008   Data   RW        36026    .data..L_MergedGlobals  BUILD/NUCLEO_H7A3ZI_Q/ARMC6/mbed-os/targets/TARGET_STM/TARGET_STM32H7/STM32Cube_FW/system_stm32h7xx_singlecore.o
    0x24000020   0x00000040   Data   RW        27436    .data._ZL11filehandles  BUILD/NUCLEO_H7A3ZI_Q/ARMC6/mbed-os/platform/source/mbed_retarget.o
    0x24000060   0x00000004   Data   RW          767    .data._ZL14idle_hook_fptr  BUILD/NUCLEO_H7A3ZI_Q/ARMC6/mbed-os/cmsis/device/rtos/source/mbed_rtx_idle.o
    0x24000064   0x00000004   Data   RW        26289    .data.irq_handler   BUILD/NUCLEO_H7A3ZI_Q/ARMC6/mbed-os/hal/source/mbed_lp_ticker_api.o
    0x24000068   0x00000004   Data   RW        26389    .data.irq_handler   BUILD/NUCLEO_H7A3ZI_Q/ARMC6/mbed-os/hal/source/mbed_us_ticker_api.o
    0x2400006c   0x000000a4   Data   RW          257    .data.os            BUILD/NUCLEO_H7A3ZI_Q/ARMC6/mbed-os/cmsis/CMSIS_5/CMSIS/RTOS2/RTX/Source/rtx_kernel.o
    0x24000110   0x00000054   Zero   RW        36824    .bss                c:\Users\jackj\AppData\Local\Mbed Studio\mbed-studio-tools\ac6\bin\..\lib\armlib\c_w.l(stdio_streams.o)
    0x24000164   0x00000054   Zero   RW        36825    .bss                c:\Users\jackj\AppData\Local\Mbed Studio\mbed-studio-tools\ac6\bin\..\lib\armlib\c_w.l(stdio_streams.o)
    0x240001b8   0x00000054   Zero   RW        36826    .bss                c:\Users\jackj\AppData\Local\Mbed Studio\mbed-studio-tools\ac6\bin\..\lib\armlib\c_w.l(stdio_streams.o)
    0x2400020c   0x00000060   Zero   RW        36984    .bss                c:\Users\jackj\AppData\Local\Mbed Studio\mbed-studio-tools\ac6\bin\..\lib\armlib\c_w.l(libspace.o)
    0x2400026c   0x00000030   Zero   RW           47    .bss..L_MergedGlobals  BUILD/NUCLEO_H7A3ZI_Q/ARMC6/main.o
    0x2400029c   0x00000002   Zero   RW        26247    .bss..L_MergedGlobals  BUILD/NUCLEO_H7A3ZI_Q/ARMC6/mbed-os/hal/source/mbed_critical_section_api.o
    0x2400029e   0x00000002   PAD
    0x240002a0   0x00000030   Zero   RW        26631    .bss..L_MergedGlobals  BUILD/NUCLEO_H7A3ZI_Q/ARMC6/mbed-os/platform/source/FileBase.o
    0x240002d0   0x00000070   Zero   RW        27138    .bss..L_MergedGlobals  BUILD/NUCLEO_H7A3ZI_Q/ARMC6/mbed-os/platform/source/mbed_error.o
    0x24000340   0x00000050   Zero   RW        27198    .bss..L_MergedGlobals  BUILD/NUCLEO_H7A3ZI_Q/ARMC6/mbed-os/platform/source/mbed_os_timer.o
    0x24000390   0x00000028   Zero   RW        27438    .bss..L_MergedGlobals  BUILD/NUCLEO_H7A3ZI_Q/ARMC6/mbed-os/platform/source/mbed_retarget.o
    0x240003b8   0x0000000c   Zero   RW        36244    .bss..L_MergedGlobals  BUILD/NUCLEO_H7A3ZI_Q/ARMC6/mbed-os/targets/TARGET_STM/can_api.o
    0x240003c4   0x0000000c   Zero   RW        36299    .bss..L_MergedGlobals  BUILD/NUCLEO_H7A3ZI_Q/ARMC6/mbed-os/targets/TARGET_STM/hal_tick_overrides.o
    0x240003d0   0x00000048   Zero   RW        36431    .bss..L_MergedGlobals  BUILD/NUCLEO_H7A3ZI_Q/ARMC6/mbed-os/targets/TARGET_STM/lp_ticker.o
    0x24000418   0x00000028   Zero   RW        36571    .bss..L_MergedGlobals  BUILD/NUCLEO_H7A3ZI_Q/ARMC6/mbed-os/targets/TARGET_STM/serial_api.o
    0x24000440   0x00000058   Zero   RW        36676    .bss..L_MergedGlobals  BUILD/NUCLEO_H7A3ZI_Q/ARMC6/mbed-os/targets/TARGET_STM/us_ticker.o
    0x24000498   0x00000028   Zero   RW        27429    .bss._ZL16filehandle_mutex  BUILD/NUCLEO_H7A3ZI_Q/ARMC6/mbed-os/platform/source/mbed_retarget.o
    0x240004c0   0x00001000   Zero   RW          719    .bss._main_stack    BUILD/NUCLEO_H7A3ZI_Q/ARMC6/mbed-os/cmsis/device/rtos/source/mbed_rtos_rtx.o
    0x240014c0   0x00000024   Zero   RW          720    .bss._main_thread_attr  BUILD/NUCLEO_H7A3ZI_Q/ARMC6/mbed-os/cmsis/device/rtos/source/mbed_rtos_rtx.o
    0x240014e4   0x00000020   Zero   RW          692    .bss._static_mutexes  BUILD/NUCLEO_H7A3ZI_Q/ARMC6/mbed-os/cmsis/device/rtos/TOOLCHAIN_ARM_STD/mbed_boot_arm_std.o
    0x24001504   0x000000e0   Zero   RW          693    .bss._static_mutexes_mem  BUILD/NUCLEO_H7A3ZI_Q/ARMC6/mbed-os/cmsis/device/rtos/TOOLCHAIN_ARM_STD/mbed_boot_arm_std.o
    0x240015e4   0x00000004   Zero   RW        27093    .bss.critical_section_reentrancy_counter  BUILD/NUCLEO_H7A3ZI_Q/ARMC6/mbed-os/platform/source/mbed_critical.o
    0x240015e8   0x00000002   Zero   RW        27241    .bss.deep_sleep_lock  BUILD/NUCLEO_H7A3ZI_Q/ARMC6/mbed-os/platform/source/mbed_power_mgmt.o
    0x240015ea   0x00000006   PAD
    0x240015f0   0x00000038   Zero   RW        26291    .bss.events         BUILD/NUCLEO_H7A3ZI_Q/ARMC6/mbed-os/hal/source/mbed_lp_ticker_api.o
    0x24001628   0x00000038   Zero   RW        26391    .bss.events         BUILD/NUCLEO_H7A3ZI_Q/ARMC6/mbed-os/hal/source/mbed_us_ticker_api.o
    0x24001660   0x00000001   Zero   RW        27137    .bss.halt_in_progress  BUILD/NUCLEO_H7A3ZI_Q/ARMC6/mbed-os/platform/source/mbed_error.o
    0x24001661   0x00000001   Zero   RW        27136    .bss.mbed_error_in_progress  BUILD/NUCLEO_H7A3ZI_Q/ARMC6/mbed-os/platform/source/mbed_error.o
    0x24001662   0x00000002   PAD
    0x24001664   0x00000054   Zero   RW        26955    .bss.mbed_fault_context  BUILD/NUCLEO_H7A3ZI_Q/ARMC6/mbed-os/platform/source/TARGET_CORTEX_M/mbed_fault_handler.o
    0x240016b8   0x00000004   Zero   RW        27428    .bss.mbed_heap_size  BUILD/NUCLEO_H7A3ZI_Q/ARMC6/mbed-os/platform/source/mbed_retarget.o
    0x240016bc   0x00000004   Zero   RW        27427    .bss.mbed_heap_start  BUILD/NUCLEO_H7A3ZI_Q/ARMC6/mbed-os/platform/source/mbed_retarget.o
    0x240016c0   0x00000004   Zero   RW        36449    .bss.mbed_sdk_inited  BUILD/NUCLEO_H7A3ZI_Q/ARMC6/mbed-os/targets/TARGET_STM/mbed_overrides.o
    0x240016c4   0x00000004   Zero   RW          710    .bss.mbed_stack_isr_size  BUILD/NUCLEO_H7A3ZI_Q/ARMC6/mbed-os/cmsis/device/rtos/source/mbed_boot.o
    0x240016c8   0x00000004   Zero   RW          709    .bss.mbed_stack_isr_start  BUILD/NUCLEO_H7A3ZI_Q/ARMC6/mbed-os/cmsis/device/rtos/source/mbed_boot.o
    0x240016cc   0x00000040   Zero   RW          262    .bss.os             BUILD/NUCLEO_H7A3ZI_Q/ARMC6/mbed-os/cmsis/CMSIS_5/CMSIS/RTOS2/RTX/Source/rtx_lib.o
    0x2400170c   0x000001f0   Zero   RW          691    .bss.os.libspace    BUILD/NUCLEO_H7A3ZI_Q/ARMC6/mbed-os/cmsis/device/rtos/TOOLCHAIN_ARM_STD/mbed_boot_arm_std.o
    0x240018fc   0x00000034   Zero   RW          272    .bss.os.msgqueue.cb  BUILD/NUCLEO_H7A3ZI_Q/ARMC6/mbed-os/cmsis/CMSIS_5/CMSIS/RTOS2/RTX/Source/rtx_lib.o
    0x24001930   0x00000050   Zero   RW          273    .bss.os.msgqueue.mem  BUILD/NUCLEO_H7A3ZI_Q/ARMC6/mbed-os/cmsis/CMSIS_5/CMSIS/RTOS2/RTX/Source/rtx_lib.o
    0x24001980   0x00000088   Zero   RW          270    .bss.os.thread.cb   BUILD/NUCLEO_H7A3ZI_Q/ARMC6/mbed-os/cmsis/CMSIS_5/CMSIS/RTOS2/RTX/Source/rtx_lib.o
    0x24001a08   0x00000044   Zero   RW          721    .bss.os.thread.cb   BUILD/NUCLEO_H7A3ZI_Q/ARMC6/mbed-os/cmsis/device/rtos/source/mbed_rtos_rtx.o
    0x24001a4c   0x00000004   PAD
    0x24001a50   0x00000600   Zero   RW          271    .bss.os.thread.stack  BUILD/NUCLEO_H7A3ZI_Q/ARMC6/mbed-os/cmsis/CMSIS_5/CMSIS/RTOS2/RTX/Source/rtx_lib.o
    0x24002050   0x00000001   Zero   RW          694    .bss.os_kernel_is_active.os_kernel_active  BUILD/NUCLEO_H7A3ZI_Q/ARMC6/mbed-os/cmsis/device/rtos/TOOLCHAIN_ARM_STD/mbed_boot_arm_std.o
    0x24002051   0x00000003   PAD
    0x24002054   0x00000004   Zero   RW          725    .bss.singleton_mutex_id  BUILD/NUCLEO_H7A3ZI_Q/ARMC6/mbed-os/cmsis/device/rtos/source/mbed_rtos_rtx.o
    0x24002058   0x0000001c   Zero   RW          723    .bss.singleton_mutex_obj  BUILD/NUCLEO_H7A3ZI_Q/ARMC6/mbed-os/cmsis/device/rtos/source/mbed_rtos_rtx.o
    0x24002074   0x00000004   Zero   RW          738    .bss.terminate_hook  BUILD/NUCLEO_H7A3ZI_Q/ARMC6/mbed-os/cmsis/device/rtos/source/mbed_rtx_handlers.o
    0x24002078   0x00000510   Zero   RW        36160    .bss.uart_handlers  BUILD/NUCLEO_H7A3ZI_Q/ARMC6/mbed-os/targets/TARGET_STM/TARGET_STM32H7/serial_device.o


    Execution Region ARM_LIB_HEAP (Base: 0x24002590, Size: 0x000fd670, Max: 0x000fd670, ABSOLUTE)

    Base Addr    Size         Type   Attr      Idx    E Section Name        Object

    0x24002590   0x000fd670   Zero   RW            1    ARM_LIB_HEAP.bss    anon$$obj.o


    Execution Region ARM_LIB_STACK (Base: 0x240ffc00, Size: 0x00000400, Max: 0x00000400, ABSOLUTE)

    Base Addr    Size         Type   Attr      Idx    E Section Name        Object

    0x240ffc00   0x00000400   Zero   RW            2    ARM_LIB_STACK.bss   anon$$obj.o


==============================================================================

Image component sizes


      Code (inc. data)   RO Data    RW Data    ZI Data      Debug   

     29594       2434      22428        256    1047948      36928   Object Totals
         0          0         32          0    1038960          0   (incl. Generated)
        52          0          3          0         17          0   (incl. Padding)
      4414        268          0         16        348       4580   Library Totals
        14          0          0          0          0          0   (incl. Padding)

==============================================================================


      Code (inc. data)   RO Data    RW Data    ZI Data      Debug   

     34008       2702      22428        272    1048296      37488   Grand Totals
     34008       2702      22428        272    1048296      37488   ELF Image Totals
     34008       2702      22428        272          0          0   ROM Totals

==============================================================================

    Total RO  Size (Code + RO Data)                56436 (  55.11kB)
    Total RW  Size (RW Data + ZI Data)           1048568 (1023.99kB)
    Total ROM Size (Code + RO Data + RW Data)      56708 (  55.38kB)

==============================================================================

