Component: ARM Compiler 6.16 Tool: armlink [5dfeaa00]

==============================================================================

Memory Map of the image

  Image Entry point : 0x080001ad

  Load Region LR_IROM1 (Base: 0x08000000, Size: 0x00010ef8, Max: 0x00200000, ABSOLUTE)

    Execution Region ER_IROM1 (Base: 0x08000000, Size: 0x00010df0, Max: 0x00200000, ABSOLUTE)

    Base Addr    Size         Type   Attr      Idx    E Section Name        Object

    0x08000000   0x000001ac   Data   RO        28073    RESET               BUILD/NUCLEO_F429ZI/ARMC6/mbed-os/targets/TARGET_STM/TARGET_STM32F4/TARGET_STM32F429xI/TOOLCHAIN_ARM/startup_stm32f429xx.o
    0x080001ac   0x00000008   Code   RO        29106  * !!!main             c:\Users\jackj\AppData\Local\Mbed Studio\mbed-studio-tools\ac6\bin\..\lib\armlib\c_w.l(__main.o)
    0x080001b4   0x00000034   Code   RO        29760    !!!scatter          c:\Users\jackj\AppData\Local\Mbed Studio\mbed-studio-tools\ac6\bin\..\lib\armlib\c_w.l(__scatter.o)
    0x080001e8   0x0000001a   Code   RO        29762    !!handler_copy      c:\Users\jackj\AppData\Local\Mbed Studio\mbed-studio-tools\ac6\bin\..\lib\armlib\c_w.l(__scatter_copy.o)
    0x08000202   0x00000002   PAD
    0x08000204   0x0000001c   Code   RO        29764    !!handler_zi        c:\Users\jackj\AppData\Local\Mbed Studio\mbed-studio-tools\ac6\bin\..\lib\armlib\c_w.l(__scatter_zi.o)
    0x08000220   0x00000000   Code   RO        28974    .ARM.Collect$$_printf_percent$$00000000  c:\Users\jackj\AppData\Local\Mbed Studio\mbed-studio-tools\ac6\bin\..\lib\armlib\c_w.l(_printf_percent.o)
    0x08000220   0x00000006   Code   RO        28966    .ARM.Collect$$_printf_percent$$00000001  c:\Users\jackj\AppData\Local\Mbed Studio\mbed-studio-tools\ac6\bin\..\lib\armlib\c_w.l(_printf_n.o)
    0x08000226   0x00000006   Code   RO        28968    .ARM.Collect$$_printf_percent$$00000002  c:\Users\jackj\AppData\Local\Mbed Studio\mbed-studio-tools\ac6\bin\..\lib\armlib\c_w.l(_printf_p.o)
    0x0800022c   0x00000006   Code   RO        28973    .ARM.Collect$$_printf_percent$$00000003  c:\Users\jackj\AppData\Local\Mbed Studio\mbed-studio-tools\ac6\bin\..\lib\armlib\c_w.l(_printf_f.o)
    0x08000232   0x00000006   Code   RO        29311    .ARM.Collect$$_printf_percent$$00000004  c:\Users\jackj\AppData\Local\Mbed Studio\mbed-studio-tools\ac6\bin\..\lib\armlib\c_w.l(_printf_e.o)
    0x08000238   0x00000006   Code   RO        29312    .ARM.Collect$$_printf_percent$$00000005  c:\Users\jackj\AppData\Local\Mbed Studio\mbed-studio-tools\ac6\bin\..\lib\armlib\c_w.l(_printf_g.o)
    0x0800023e   0x00000006   Code   RO        29313    .ARM.Collect$$_printf_percent$$00000006  c:\Users\jackj\AppData\Local\Mbed Studio\mbed-studio-tools\ac6\bin\..\lib\armlib\c_w.l(_printf_a.o)
    0x08000244   0x0000000a   Code   RO        29318    .ARM.Collect$$_printf_percent$$00000007  c:\Users\jackj\AppData\Local\Mbed Studio\mbed-studio-tools\ac6\bin\..\lib\armlib\c_w.l(_printf_ll.o)
    0x0800024e   0x00000006   Code   RO        28970    .ARM.Collect$$_printf_percent$$00000008  c:\Users\jackj\AppData\Local\Mbed Studio\mbed-studio-tools\ac6\bin\..\lib\armlib\c_w.l(_printf_i.o)
    0x08000254   0x00000006   Code   RO        28971    .ARM.Collect$$_printf_percent$$00000009  c:\Users\jackj\AppData\Local\Mbed Studio\mbed-studio-tools\ac6\bin\..\lib\armlib\c_w.l(_printf_d.o)
    0x0800025a   0x00000006   Code   RO        28972    .ARM.Collect$$_printf_percent$$0000000A  c:\Users\jackj\AppData\Local\Mbed Studio\mbed-studio-tools\ac6\bin\..\lib\armlib\c_w.l(_printf_u.o)
    0x08000260   0x00000006   Code   RO        28969    .ARM.Collect$$_printf_percent$$0000000B  c:\Users\jackj\AppData\Local\Mbed Studio\mbed-studio-tools\ac6\bin\..\lib\armlib\c_w.l(_printf_o.o)
    0x08000266   0x00000006   Code   RO        28967    .ARM.Collect$$_printf_percent$$0000000C  c:\Users\jackj\AppData\Local\Mbed Studio\mbed-studio-tools\ac6\bin\..\lib\armlib\c_w.l(_printf_x.o)
    0x0800026c   0x00000006   Code   RO        29315    .ARM.Collect$$_printf_percent$$0000000D  c:\Users\jackj\AppData\Local\Mbed Studio\mbed-studio-tools\ac6\bin\..\lib\armlib\c_w.l(_printf_lli.o)
    0x08000272   0x00000006   Code   RO        29316    .ARM.Collect$$_printf_percent$$0000000E  c:\Users\jackj\AppData\Local\Mbed Studio\mbed-studio-tools\ac6\bin\..\lib\armlib\c_w.l(_printf_lld.o)
    0x08000278   0x00000006   Code   RO        29317    .ARM.Collect$$_printf_percent$$0000000F  c:\Users\jackj\AppData\Local\Mbed Studio\mbed-studio-tools\ac6\bin\..\lib\armlib\c_w.l(_printf_llu.o)
    0x0800027e   0x00000006   Code   RO        29321    .ARM.Collect$$_printf_percent$$00000010  c:\Users\jackj\AppData\Local\Mbed Studio\mbed-studio-tools\ac6\bin\..\lib\armlib\c_w.l(_printf_llo.o)
    0x08000284   0x00000006   Code   RO        29322    .ARM.Collect$$_printf_percent$$00000011  c:\Users\jackj\AppData\Local\Mbed Studio\mbed-studio-tools\ac6\bin\..\lib\armlib\c_w.l(_printf_llx.o)
[...]
    0x08001b14   0x00000068   Code   RO        29360    .text               c:\Users\jackj\AppData\Local\Mbed Studio\mbed-studio-tools\ac6\bin\..\lib\armlib\c_w.l(setvbuf_locked.o)
    0x08001b7c   0x000001c8   Code   RO        29362    .text               c:\Users\jackj\AppData\Local\Mbed Studio\mbed-studio-tools\ac6\bin\..\lib\armlib\c_w.l(initio_locked.o)
    0x08001d44   0x00000048   Code   RO        29364    .text               c:\Users\jackj\AppData\Local\Mbed Studio\mbed-studio-tools\ac6\bin\..\lib\armlib\c_w.l(_c16rtomb.o)
    0x08001d8c   0x00000016   Code   RO        29369    .text               c:\Users\jackj\AppData\Local\Mbed Studio\mbed-studio-tools\ac6\bin\..\lib\armlib\c_w.l(abort.o)
    0x08001da2   0x00000000   Code   RO        29504    .text               c:\Users\jackj\AppData\Local\Mbed Studio\mbed-studio-tools\ac6\bin\..\lib\armlib\c_w.l(maybetermalloc2.o)
    0x08001da2   0x00000052   Code   RO        29507    .text               c:\Users\jackj\AppData\Local\Mbed Studio\mbed-studio-tools\ac6\bin\..\lib\armlib\c_w.l(h1_extend_threads.o)
    0x08001df4   0x0000008a   Code   RO        29509    .text               c:\Users\jackj\AppData\Local\Mbed Studio\mbed-studio-tools\ac6\bin\..\lib\armlib\c_w.l(lludiv10.o)
    0x08001e7e   0x00000002   PAD
    0x08001e80   0x000002fc   Code   RO        29513    .text               c:\Users\jackj\AppData\Local\Mbed Studio\mbed-studio-tools\ac6\bin\..\lib\armlib\c_w.l(_printf_fp_hex.o)
    0x0800217c   0x00000080   Code   RO        29516    .text               c:\Users\jackj\AppData\Local\Mbed Studio\mbed-studio-tools\ac6\bin\..\lib\armlib\c_w.l(_printf_fp_infnan.o)
    0x080021fc   0x00000040   Code   RO        29520    .text               c:\Users\jackj\AppData\Local\Mbed Studio\mbed-studio-tools\ac6\bin\..\lib\armlib\c_w.l(_printf_char_file_locked.o)
    0x0800223c   0x000000e4   Code   RO        29534    .text               c:\Users\jackj\AppData\Local\Mbed Studio\mbed-studio-tools\ac6\bin\..\lib\armlib\c_w.l(bigflt0.o)
    0x08002320   0x00000040   Code   RO        29575    .text               c:\Users\jackj\AppData\Local\Mbed Studio\mbed-studio-tools\ac6\bin\..\lib\armlib\c_w.l(puts_locked.o)
    0x08002360   0x0000000e   Code   RO        29590    .text               c:\Users\jackj\AppData\Local\Mbed Studio\mbed-studio-tools\ac6\bin\..\lib\armlib\c_w.l(defsig_abrt_outer.o)
    0x0800236e   0x0000000e   Code   RO        29594    .text               c:\Users\jackj\AppData\Local\Mbed Studio\mbed-studio-tools\ac6\bin\..\lib\armlib\c_w.l(defsig_rtred_outer.o)
    0x0800237c   0x0000000e   Code   RO        29598    .text               c:\Users\jackj\AppData\Local\Mbed Studio\mbed-studio-tools\ac6\bin\..\lib\armlib\c_w.l(defsig_rtmem_outer.o)
    0x0800238a   0x00000010   Code   RO        29644    .text               c:\Users\jackj\AppData\Local\Mbed Studio\mbed-studio-tools\ac6\bin\..\lib\armlib\c_w.l(term_alloc.o)
    0x0800239a   0x0000000a   Code   RO        29655    .text               c:\Users\jackj\AppData\Local\Mbed Studio\mbed-studio-tools\ac6\bin\..\lib\armlib\c_w.l(defsig_exit.o)
    0x080023a4   0x00000030   Code   RO        29657    .text               c:\Users\jackj\AppData\Local\Mbed Studio\mbed-studio-tools\ac6\bin\..\lib\armlib\c_w.l(defsig_abrt_inner.o)
    0x080023d4   0x00000034   Code   RO        29663    .text               c:\Users\jackj\AppData\Local\Mbed Studio\mbed-studio-tools\ac6\bin\..\lib\armlib\c_w.l(defsig_rtred_inner.o)
    0x08002408   0x00000050   Code   RO        29665    .text               c:\Users\jackj\AppData\Local\Mbed Studio\mbed-studio-tools\ac6\bin\..\lib\armlib\c_w.l(defsig_rtmem_inner.o)
    0x08002458   0x0000000a   Code   RO        29691    .text               c:\Users\jackj\AppData\Local\Mbed Studio\mbed-studio-tools\ac6\bin\..\lib\armlib\c_w.l(h1_final_threads.o)
    0x08002462   0x00000032   Code   RO        29701    .text               c:\Users\jackj\AppData\Local\Mbed Studio\mbed-studio-tools\ac6\bin\..\lib\armlib\c_w.l(defsig_general.o)
    0x08002494   0x0000002e   Code   RO        23078    .text.$Sub$$__rt_lib_init  BUILD/NUCLEO_F429ZI/ARMC6/mbed-os/platform/source/mbed_retarget.o
    0x080024c2   0x0000000e   Code   RO        28339    .text.CAN1_RX0_IRQHandler  BUILD/NUCLEO_F429ZI/ARMC6/mbed-os/targets/TARGET_STM/can_api.o
    0x080024d0   0x0000000e   Code   RO        28345    .text.CAN1_SCE_IRQHandler  BUILD/NUCLEO_F429ZI/ARMC6/mbed-os/targets/TARGET_STM/can_api.o
    0x080024de   0x0000000e   Code   RO        28343    .text.CAN1_TX_IRQHandler  BUILD/NUCLEO_F429ZI/ARMC6/mbed-os/targets/TARGET_STM/can_api.o
    0x080024ec   0x0000000e   Code   RO        28347    .text.CAN2_RX0_IRQHandler  BUILD/NUCLEO_F429ZI/ARMC6/mbed-os/targets/TARGET_STM/can_api.o
    0x080024fa   0x0000000e   Code   RO        28351    .text.CAN2_SCE_IRQHandler  BUILD/NUCLEO_F429ZI/ARMC6/mbed-os/targets/TARGET_STM/can_api.o
    0x08002508   0x0000000e   Code   RO        28349    .text.CAN2_TX_IRQHandler  BUILD/NUCLEO_F429ZI/ARMC6/mbed-os/targets/TARGET_STM/can_api.o
    0x08002516   0x00000018   Code   RO         2928    .text.ETH_IRQHandler  BUILD/NUCLEO_F429ZI/ARMC6/mbed-os/connectivity/drivers/emac/TARGET_STM/stm32xx_emac.o
    0x0800252e   0x000000f6   Code   RO        25450    .text.ETH_MACDMAConfig  BUILD/NUCLEO_F429ZI/ARMC6/mbed-os/targets/TARGET_STM/TARGET_STM32F4/STM32Cube_FW/STM32F4xx_HAL_Driver/stm32f4xx_hal_eth.o
    0x08002624   0x00000070   Code   RO          171    .text.EventFlagsCheck  BUILD/NUCLEO_F429ZI/ARMC6/mbed-os/cmsis/CMSIS_5/CMSIS/RTOS2/RTX/Source/rtx_evflags.o
    0x08002694   0x0000000c   Code   RO          695    .text.EvrRtxEventFlagsError  BUILD/NUCLEO_F429ZI/ARMC6/mbed-os/cmsis/device/rtos/source/mbed_rtx_handlers.o
    0x080026a0   0x0000000e   Code   RO          687    .text.EvrRtxKernelError  BUILD/NUCLEO_F429ZI/ARMC6/mbed-os/cmsis/device/rtos/source/mbed_rtx_handlers.o
    0x080026ae   0x0000000c   Code   RO          703    .text.EvrRtxMessageQueueError  BUILD/NUCLEO_F429ZI/ARMC6/mbed-os/cmsis/device/rtos/source/mbed_rtx_handlers.o
    0x080026ba   0x0000000c   Code   RO          697    .text.EvrRtxMutexError  BUILD/NUCLEO_F429ZI/ARMC6/mbed-os/cmsis/device/rtos/source/mbed_rtx_handlers.o
    0x080026c6   0x00000014   Code   RO          699    .text.EvrRtxSemaphoreError  BUILD/NUCLEO_F429ZI/ARMC6/mbed-os/cmsis/device/rtos/source/mbed_rtx_handlers.o
    0x080026da   0x0000000c   Code   RO          691    .text.EvrRtxThreadError  BUILD/NUCLEO_F429ZI/ARMC6/mbed-os/cmsis/device/rtos/source/mbed_rtx_handlers.o
    0x080026e6   0x0000001a   Code   RO          705    .text.EvrRtxThreadExit  BUILD/NUCLEO_F429ZI/ARMC6/mbed-os/cmsis/device/rtos/source/mbed_rtx_handlers.o
    0x08002700   0x00000010   Code   RO          707    .text.EvrRtxThreadTerminate  BUILD/NUCLEO_F429ZI/ARMC6/mbed-os/cmsis/device/rtos/source/mbed_rtx_handlers.o
    0x08002710   0x00000028   Code   RO        25034    .text.HAL_Delay     BUILD/NUCLEO_F429ZI/ARMC6/mbed-os/targets/TARGET_STM/TARGET_STM32F4/STM32Cube_FW/STM32F4xx_HAL_Driver/stm32f4xx_hal.o
    0x08002738   0x00000122   Code   RO        25480    .text.HAL_ETH_ConfigMAC  BUILD/NUCLEO_F429ZI/ARMC6/mbed-os/targets/TARGET_STM/TARGET_STM32F4/STM32Cube_FW/STM32F4xx_HAL_Driver/stm32f4xx_hal_eth.o
    0x0800285a   0x00000002   PAD
    0x0800285c   0x00000080   Code   RO        25460    .text.HAL_ETH_DMARxDescListInit  BUILD/NUCLEO_F429ZI/ARMC6/mbed-os/targets/TARGET_STM/TARGET_STM32F4/STM32Cube_FW/STM32F4xx_HAL_Driver/stm32f4xx_hal_eth.o
    0x080028dc   0x00000080   Code   RO        25458    .text.HAL_ETH_DMATxDescListInit  BUILD/NUCLEO_F429ZI/ARMC6/mbed-os/targets/TARGET_STM/TARGET_STM32F4/STM32Cube_FW/STM32F4xx_HAL_Driver/stm32f4xx_hal_eth.o
    0x0800295c   0x0000009e   Code   RO        25466    .text.HAL_ETH_GetReceivedFrame_IT  BUILD/NUCLEO_F429ZI/ARMC6/mbed-os/targets/TARGET_STM/TARGET_STM32F4/STM32Cube_FW/STM32F4xx_HAL_Driver/stm32f4xx_hal_eth.o
    0x080029fa   0x0000006c   Code   RO        25468    .text.HAL_ETH_IRQHandler  BUILD/NUCLEO_F429ZI/ARMC6/mbed-os/targets/TARGET_STM/TARGET_STM32F4/STM32Cube_FW/STM32F4xx_HAL_Driver/stm32f4xx_hal_eth.o
    0x08002a66   0x00000002   PAD
    0x08002a68   0x0000020e   Code   RO        25444    .text.HAL_ETH_Init  BUILD/NUCLEO_F429ZI/ARMC6/mbed-os/targets/TARGET_STM/TARGET_STM32F4/STM32Cube_FW/STM32F4xx_HAL_Driver/stm32f4xx_hal_eth.o
    0x08002c76   0x0000010c   Code   RO         2918    .text.HAL_ETH_MspInit  BUILD/NUCLEO_F429ZI/ARMC6/mbed-os/connectivity/drivers/emac/TARGET_STM/TARGET_STM32F4/TARGET_NUCLEO_F429ZI/stm32f4_eth_init.o
    0x08002d82   0x00000002   PAD
    0x08002d84   0x0000006c   Code   RO        25452    .text.HAL_ETH_ReadPHYRegister  BUILD/NUCLEO_F429ZI/ARMC6/mbed-os/targets/TARGET_STM/TARGET_STM32F4/STM32Cube_FW/STM32F4xx_HAL_Driver/stm32f4xx_hal_eth.o
    0x08002df0   0x0000001e   Code   RO         2924    .text.HAL_ETH_RxCpltCallback  BUILD/NUCLEO_F429ZI/ARMC6/mbed-os/connectivity/drivers/emac/TARGET_STM/stm32xx_emac.o
    0x08002e0e   0x00000002   PAD
    0x08002e10   0x000000e4   Code   RO        25476    .text.HAL_ETH_Start  BUILD/NUCLEO_F429ZI/ARMC6/mbed-os/targets/TARGET_STM/TARGET_STM32F4/STM32Cube_FW/STM32F4xx_HAL_Driver/stm32f4xx_hal_eth.o
    0x08002ef4   0x000000de   Code   RO        25462    .text.HAL_ETH_TransmitFrame  BUILD/NUCLEO_F429ZI/ARMC6/mbed-os/targets/TARGET_STM/TARGET_STM32F4/STM32Cube_FW/STM32F4xx_HAL_Driver/stm32f4xx_hal_eth.o
    0x08002fd2   0x00000002   PAD
    0x08002fd4   0x0000006a   Code   RO        25448    .text.HAL_ETH_WritePHYRegister  BUILD/NUCLEO_F429ZI/ARMC6/mbed-os/targets/TARGET_STM/TARGET_STM32F4/STM32Cube_FW/STM32F4xx_HAL_Driver/stm32f4xx_hal_eth.o
    0x0800303e   0x00000002   PAD
    0x08003040   0x000001b8   Code   RO        25568    .text.HAL_GPIO_Init  BUILD/NUCLEO_F429ZI/ARMC6/mbed-os/targets/TARGET_STM/TARGET_STM32F4/STM32Cube_FW/STM32F4xx_HAL_Driver/stm32f4xx_hal_gpio.o
    0x080031f8   0x0000009c   Code   RO        28409    .text.HAL_GetTick   BUILD/NUCLEO_F429ZI/ARMC6/mbed-os/targets/TARGET_STM/hal_tick_overrides.o
    0x08003294   0x00000036   Code   RO        25014    .text.HAL_Init      BUILD/NUCLEO_F429ZI/ARMC6/mbed-os/targets/TARGET_STM/TARGET_STM32F4/STM32Cube_FW/STM32F4xx_HAL_Driver/stm32f4xx_hal.o
    0x080032ca   0x0000000a   Code   RO        28407    .text.HAL_InitTick  BUILD/NUCLEO_F429ZI/ARMC6/mbed-os/targets/TARGET_STM/hal_tick_overrides.o
    0x080032d4   0x0000001e   Code   RO        25167    .text.HAL_NVIC_EnableIRQ  BUILD/NUCLEO_F429ZI/ARMC6/mbed-os/targets/TARGET_STM/TARGET_STM32F4/STM32Cube_FW/STM32F4xx_HAL_Driver/stm32f4xx_hal_cortex.o
    0x080032f2   0x00000056   Code   RO        25165    .text.HAL_NVIC_SetPriority  BUILD/NUCLEO_F429ZI/ARMC6/mbed-os/targets/TARGET_STM/TARGET_STM32F4/STM32Cube_FW/STM32F4xx_HAL_Driver/stm32f4xx_hal_cortex.o
    0x08003348   0x00000020   Code   RO        25163    .text.HAL_NVIC_SetPriorityGrouping  BUILD/NUCLEO_F429ZI/ARMC6/mbed-os/targets/TARGET_STM/TARGET_STM32F4/STM32Cube_FW/STM32F4xx_HAL_Driver/stm32f4xx_hal_cortex.o
    0x08003368   0x00000078   Code   RO        26335    .text.HAL_PWREx_EnableOverDrive  BUILD/NUCLEO_F429ZI/ARMC6/mbed-os/targets/TARGET_STM/TARGET_STM32F4/STM32Cube_FW/STM32F4xx_HAL_Driver/stm32f4xx_hal_pwr_ex.o
    0x080033e0   0x00000026   Code   RO        26303    .text.HAL_PWR_EnterSLEEPMode  BUILD/NUCLEO_F429ZI/ARMC6/mbed-os/targets/TARGET_STM/TARGET_STM32F4/STM32Cube_FW/STM32F4xx_HAL_Driver/stm32f4xx_hal_pwr.o
    0x08003406   0x0000003c   Code   RO        26305    .text.HAL_PWR_EnterSTOPMode  BUILD/NUCLEO_F429ZI/ARMC6/mbed-os/targets/TARGET_STM/TARGET_STM32F4/STM32Cube_FW/STM32F4xx_HAL_Driver/stm32f4xx_hal_pwr.o
    0x08003442   0x00000002   PAD
    0x08003444   0x0000014e   Code   RO        26348    .text.HAL_RCC_ClockConfig  BUILD/NUCLEO_F429ZI/ARMC6/mbed-os/targets/TARGET_STM/TARGET_STM32F4/STM32Cube_FW/STM32F4xx_HAL_Driver/stm32f4xx_hal_rcc.o
    0x08003592   0x0000003e   Code   RO        26366    .text.HAL_RCC_GetClockConfig  BUILD/NUCLEO_F429ZI/ARMC6/mbed-os/targets/TARGET_STM/TARGET_STM32F4/STM32Cube_FW/STM32F4xx_HAL_Driver/stm32f4xx_hal_rcc.o
    0x080035d0   0x0000000c   Code   RO        26358    .text.HAL_RCC_GetHCLKFreq  BUILD/NUCLEO_F429ZI/ARMC6/mbed-os/targets/TARGET_STM/TARGET_STM32F4/STM32Cube_FW/STM32F4xx_HAL_Driver/stm32f4xx_hal_rcc.o
    0x080035dc   0x00000096   Code   RO        26364    .text.HAL_RCC_GetOscConfig  BUILD/NUCLEO_F429ZI/ARMC6/mbed-os/targets/TARGET_STM/TARGET_STM32F4/STM32Cube_FW/STM32F4xx_HAL_Driver/stm32f4xx_hal_rcc.o
    0x08003672   0x00000026   Code   RO        26360    .text.HAL_RCC_GetPCLK1Freq  BUILD/NUCLEO_F429ZI/ARMC6/mbed-os/targets/TARGET_STM/TARGET_STM32F4/STM32Cube_FW/STM32F4xx_HAL_Driver/stm32f4xx_hal_rcc.o
    0x08003698   0x00000026   Code   RO        26362    .text.HAL_RCC_GetPCLK2Freq  BUILD/NUCLEO_F429ZI/ARMC6/mbed-os/targets/TARGET_STM/TARGET_STM32F4/STM32Cube_FW/STM32F4xx_HAL_Driver/stm32f4xx_hal_rcc.o
    0x080036be   0x0000006a   Code   RO        26350    .text.HAL_RCC_GetSysClockFreq  BUILD/NUCLEO_F429ZI/ARMC6/mbed-os/targets/TARGET_STM/TARGET_STM32F4/STM32Cube_FW/STM32F4xx_HAL_Driver/stm32f4xx_hal_rcc.o
    0x08003728   0x0000035c   Code   RO        26346    .text.HAL_RCC_OscConfig  BUILD/NUCLEO_F429ZI/ARMC6/mbed-os/targets/TARGET_STM/TARGET_STM32F4/STM32Cube_FW/STM32F4xx_HAL_Driver/stm32f4xx_hal_rcc.o
    0x08003a84   0x00000058   Code   RO        27071    .text.HAL_TIM_OC_Init  BUILD/NUCLEO_F429ZI/ARMC6/mbed-os/targets/TARGET_STM/TARGET_STM32F4/STM32Cube_FW/STM32F4xx_HAL_Driver/stm32f4xx_hal_tim.o
    0x08003adc   0x00000104   Code   RO        27079    .text.HAL_TIM_OC_Start  BUILD/NUCLEO_F429ZI/ARMC6/mbed-os/targets/TARGET_STM/TARGET_STM32F4/STM32Cube_FW/STM32F4xx_HAL_Driver/stm32f4xx_hal_tim.o
    0x08003be0   0x0000005c   Code   RO        27355    .text.HAL_UART_Init  BUILD/NUCLEO_F429ZI/ARMC6/mbed-os/targets/TARGET_STM/TARGET_STM32F4/STM32Cube_FW/STM32F4xx_HAL_Driver/stm32f4xx_hal_uart.o
    0x08003c3c   0x00000042   Code   RO          377    .text.MessageQueueGet  BUILD/NUCLEO_F429ZI/ARMC6/mbed-os/cmsis/CMSIS_5/CMSIS/RTOS2/RTX/Source/rtx_msgqueue.o
    0x08003c7e   0x00000002   PAD
    0x08003c80   0x00000060   Code   RO          371    .text.MessageQueuePut  BUILD/NUCLEO_F429ZI/ARMC6/mbed-os/cmsis/CMSIS_5/CMSIS/RTOS2/RTX/Source/rtx_msgqueue.o
    0x08003ce0   0x0000000c   Code   RO          613    .text.OS_Tick_AcknowledgeIRQ  BUILD/NUCLEO_F429ZI/ARMC6/mbed-os/cmsis/CMSIS_5/CMSIS/RTOS2/Source/os_systick.o
    0x08003cec   0x00000032   Code   RO          609    .text.OS_Tick_Enable  BUILD/NUCLEO_F429ZI/ARMC6/mbed-os/cmsis/CMSIS_5/CMSIS/RTOS2/Source/os_systick.o
    0x08003d1e   0x00000048   Code   RO          607    .text.OS_Tick_Setup  BUILD/NUCLEO_F429ZI/ARMC6/mbed-os/cmsis/CMSIS_5/CMSIS/RTOS2/Source/os_systick.o
    0x08003d66   0x00000002   PAD
    0x08003d68   0x0000002c   Code   RO        28077    .text.SetSysClock   BUILD/NUCLEO_F429ZI/ARMC6/mbed-os/targets/TARGET_STM/TARGET_STM32F4/TARGET_STM32F429xI/system_clock.o
    0x08003d94   0x000000b8   Code   RO        28079    .text.SetSysClock_PLL_HSE  BUILD/NUCLEO_F429ZI/ARMC6/mbed-os/targets/TARGET_STM/TARGET_STM32F4/TARGET_STM32F429xI/system_clock.o
    0x08003e4c   0x0000009c   Code   RO        28081    .text.SetSysClock_PLL_HSI  BUILD/NUCLEO_F429ZI/ARMC6/mbed-os/targets/TARGET_STM/TARGET_STM32F4/TARGET_STM32F429xI/system_clock.o
    0x08003ee8   0x00000210   Code   RO        28364    .text.Set_GPIO_Clock  BUILD/NUCLEO_F429ZI/ARMC6/mbed-os/targets/TARGET_STM/gpio_api.o
    0x080040f8   0x0000007c   Code   RO        28048    .text.SystemCoreClockUpdate  BUILD/NUCLEO_F429ZI/ARMC6/mbed-os/targets/TARGET_STM/TARGET_STM32F4/STM32Cube_FW/system_stm32f4xx.o
    0x08004174   0x00000020   Code   RO        28046    .text.SystemInit    BUILD/NUCLEO_F429ZI/ARMC6/mbed-os/targets/TARGET_STM/TARGET_STM32F4/STM32Cube_FW/system_stm32f4xx.o
    0x08004194   0x0000011c   Code   RO        27047    .text.TIM_Base_SetConfig  BUILD/NUCLEO_F429ZI/ARMC6/mbed-os/targets/TARGET_STM/TARGET_STM32F4/STM32Cube_FW/STM32F4xx_HAL_Driver/stm32f4xx_hal_tim.o
    0x080042b0   0x00000070   Code   RO          531    .text.ThreadFlagsCheck  BUILD/NUCLEO_F429ZI/ARMC6/mbed-os/cmsis/CMSIS_5/CMSIS/RTOS2/RTX/Source/rtx_thread.o
    0x08004320   0x00000056   Code   RO          591    .text.TimerInsert   BUILD/NUCLEO_F429ZI/ARMC6/mbed-os/cmsis/CMSIS_5/CMSIS/RTOS2/RTX/Source/rtx_timer.o
    0x08004376   0x000000dc   Code   RO        27359    .text.UART_SetConfig  BUILD/NUCLEO_F429ZI/ARMC6/mbed-os/targets/TARGET_STM/TARGET_STM32F4/STM32Cube_FW/STM32F4xx_HAL_Driver/stm32f4xx_hal_uart.o
    0x08004452   0x00000002   PAD
    0x08004454   0x000003fe   Code   RO           62    .text._GLOBAL__sub_I_main.cpp  BUILD/NUCLEO_F429ZI/ARMC6/main.o
    0x08004852   0x0000001a   Code   RO          717    .text._ZL17default_idle_hookv  BUILD/NUCLEO_F429ZI/ARMC6/mbed-os/cmsis/device/rtos/source/mbed_rtx_idle.o
    0x0800486c   0x00000054   Code   RO        23032    .text._ZL18reserve_filehandlev  BUILD/NUCLEO_F429ZI/ARMC6/mbed-os/platform/source/mbed_retarget.o
    0x080048c0   0x00000004   Code   RO         2978    .text._ZN10STM32_EMAC10power_downEv  BUILD/NUCLEO_F429ZI/ARMC6/mbed-os/connectivity/drivers/emac/TARGET_STM/stm32xx_emac.o
    0x080048c4   0x00000002   Code   RO         2966    .text._ZN10STM32_EMAC10set_hwaddrEPKh  BUILD/NUCLEO_F429ZI/ARMC6/mbed-os/connectivity/drivers/emac/TARGET_STM/stm32xx_emac.o
    0x080048c6   0x0000006c   Code   RO         2926    .text._ZN10STM32_EMAC12get_instanceEv  BUILD/NUCLEO_F429ZI/ARMC6/mbed-os/connectivity/drivers/emac/TARGET_STM/stm32xx_emac.o
    0x08004932   0x00000002   PAD
    0x08004934   0x00000104   Code   RO         2938    .text._ZN10STM32_EMAC15low_level_inputEPPv  BUILD/NUCLEO_F429ZI/ARMC6/mbed-os/connectivity/drivers/emac/TARGET_STM/stm32xx_emac.o
    0x08004a38   0x00000054   Code   RO         2942    .text._ZN10STM32_EMAC15thread_functionEPv  BUILD/NUCLEO_F429ZI/ARMC6/mbed-os/connectivity/drivers/emac/TARGET_STM/stm32xx_emac.o
    0x08004a8c   0x00000002   Code   RO         2976    .text._ZN10STM32_EMAC17set_all_multicastEb  BUILD/NUCLEO_F429ZI/ARMC6/mbed-os/connectivity/drivers/emac/TARGET_STM/stm32xx_emac.o
    0x08004a8e   0x0000000c   Code   RO         2968    .text._ZN10STM32_EMAC17set_link_input_cbEN4mbed8CallbackIFvPvEEE  BUILD/NUCLEO_F429ZI/ARMC6/mbed-os/connectivity/drivers/emac/TARGET_STM/stm32xx_emac.o
    0x08004a9a   0x0000000c   Code   RO         2970    .text._ZN10STM32_EMAC17set_link_state_cbEN4mbed8CallbackIFvbEEE  BUILD/NUCLEO_F429ZI/ARMC6/mbed-os/connectivity/drivers/emac/TARGET_STM/stm32xx_emac.o
    0x08004aa6   0x00000006   Code   RO         2980    .text._ZN10STM32_EMAC18set_memory_managerER17EMACMemoryManager  BUILD/NUCLEO_F429ZI/ARMC6/mbed-os/connectivity/drivers/emac/TARGET_STM/stm32xx_emac.o
    0x08004aac   0x00000002   Code   RO         2972    .text._ZN10STM32_EMAC19add_multicast_groupEPKh  BUILD/NUCLEO_F429ZI/ARMC6/mbed-os/connectivity/drivers/emac/TARGET_STM/stm32xx_emac.o
    0x08004aae   0x00000002   Code   RO         2974    .text._ZN10STM32_EMAC22remove_multicast_groupEPKh  BUILD/NUCLEO_F429ZI/ARMC6/mbed-os/connectivity/drivers/emac/TARGET_STM/stm32xx_emac.o
    0x08004ab0   0x000000a8   Code   RO         2932    .text._ZN10STM32_EMAC25low_level_init_successfulEv  BUILD/NUCLEO_F429ZI/ARMC6/mbed-os/connectivity/drivers/emac/TARGET_STM/stm32xx_emac.o
    0x08004b58   0x00000134   Code   RO         2936    .text._ZN10STM32_EMAC8link_outEPv  BUILD/NUCLEO_F429ZI/ARMC6/mbed-os/connectivity/drivers/emac/TARGET_STM/stm32xx_emac.o
    0x08004c8c   0x00000048   Code   RO         2944    .text._ZN10STM32_EMAC8phy_taskEv  BUILD/NUCLEO_F429ZI/ARMC6/mbed-os/connectivity/drivers/emac/TARGET_STM/stm32xx_emac.o
    0x08004cd4   0x000000a8   Code   RO         2954    .text._ZN10STM32_EMAC8power_upEv  BUILD/NUCLEO_F429ZI/ARMC6/mbed-os/connectivity/drivers/emac/TARGET_STM/stm32xx_emac.o
    0x08004d7c   0x0000007c   Code   RO         2940    .text._ZN10STM32_EMAC9packet_rxEv  BUILD/NUCLEO_F429ZI/ARMC6/mbed-os/connectivity/drivers/emac/TARGET_STM/stm32xx_emac.o
    0x08004df8   0x00000020   Code   RO           17    .text._ZN10dimensions10print_dimsEv  BUILD/NUCLEO_F429ZI/ARMC6/Matrix_Deploy.o
    0x08004e18   0x0000000a   Code   RO            7    .text._ZN10dimensionsC2Eii  BUILD/NUCLEO_F429ZI/ARMC6/Matrix_Deploy.o
    0x08004e22   0x00000002   PAD
    0x08004e24   0x00000068   Code   RO        28790    .text._ZN11neuromancer15display_networkEv  BUILD/NUCLEO_F429ZI/ARMC6/neuromancer_deploy.o
    0x08004e8c   0x0000010c   Code   RO        28788    .text._ZN11neuromancer16init_network_351Ev  BUILD/NUCLEO_F429ZI/ARMC6/neuromancer_deploy.o
    0x08004f98   0x00000094   Code   RO        28786    .text._ZN11neuromancerC2Ev  BUILD/NUCLEO_F429ZI/ARMC6/neuromancer_deploy.o
    0x0800502c   0x0000001c   Code   RO        23016    .text._ZN12DirectSerial4readEPvj  BUILD/NUCLEO_F429ZI/ARMC6/mbed-os/platform/source/mbed_retarget.o
    0x08005048   0x0000000a   Code   RO        23192    .text._ZN12DirectSerial4seekEli  BUILD/NUCLEO_F429ZI/ARMC6/mbed-os/platform/source/mbed_retarget.o
    0x08005052   0x00000006   Code   RO        23198    .text._ZN12DirectSerial4sizeEv  BUILD/NUCLEO_F429ZI/ARMC6/mbed-os/platform/source/mbed_retarget.o
    0x08005058   0x00000004   Code   RO        23194    .text._ZN12DirectSerial5closeEv  BUILD/NUCLEO_F429ZI/ARMC6/mbed-os/platform/source/mbed_retarget.o
    0x0800505c   0x00000028   Code   RO        23014    .text._ZN12DirectSerial5writeEPKvj  BUILD/NUCLEO_F429ZI/ARMC6/mbed-os/platform/source/mbed_retarget.o
    0x08005084   0x00000004   Code   RO        23196    .text._ZN12DirectSerial6isattyEv  BUILD/NUCLEO_F429ZI/ARMC6/mbed-os/platform/source/mbed_retarget.o
    0x08005088   0x0000003a   Code   RO        23012    .text._ZN12DirectSerialC2ERK15serial_pinmap_ti  BUILD/NUCLEO_F429ZI/ARMC6/mbed-os/platform/source/mbed_retarget.o
    0x080050c2   0x00000004   Code   RO        23190    .text._ZN12DirectSerialD0Ev  BUILD/NUCLEO_F429ZI/ARMC6/mbed-os/platform/source/mbed_retarget.o
    0x080050c6   0x00000006   Code   RO        21106    .text._ZN4mbed10FileHandle12enable_inputEb  BUILD/NUCLEO_F429ZI/ARMC6/mbed-os/drivers/usb/source/USBKeyboard.o
    0x080050cc   0x00000010   Code   RO        20410    .text._ZN4mbed10FileHandle12set_blockingEb  BUILD/NUCLEO_F429ZI/ARMC6/mbed-os/drivers/source/UnbufferedSerial.o
    0x080050dc   0x00000006   Code   RO        21108    .text._ZN4mbed10FileHandle13enable_outputEb  BUILD/NUCLEO_F429ZI/ARMC6/mbed-os/drivers/usb/source/USBKeyboard.o
    0x080050e2   0x00000004   Code   RO        20404    .text._ZN4mbed10FileHandle4syncEv  BUILD/NUCLEO_F429ZI/ARMC6/mbed-os/drivers/source/UnbufferedSerial.o
    0x080050e6   0x0000000a   Code   RO        19718    .text._ZN4mbed10FileHandle4tellEv  BUILD/NUCLEO_F429ZI/ARMC6/mbed-os/drivers/source/BufferedSerial.o
    0x080050f0   0x00000002   Code   RO        20414    .text._ZN4mbed10FileHandle5sigioENS_8CallbackIFvvEEE  BUILD/NUCLEO_F429ZI/ARMC6/mbed-os/drivers/source/UnbufferedSerial.o
    0x080050f2   0x0000000a   Code   RO        19720    .text._ZN4mbed10FileHandle6rewindEv  BUILD/NUCLEO_F429ZI/ARMC6/mbed-os/drivers/source/BufferedSerial.o
    0x080050fc   0x00000006   Code   RO        19722    .text._ZN4mbed10FileHandle8truncateEl  BUILD/NUCLEO_F429ZI/ARMC6/mbed-os/drivers/source/BufferedSerial.o
    0x08005102   0x00000002   Code   RO        22485    .text._ZN4mbed10FileHandleD2Ev  BUILD/NUCLEO_F429ZI/ARMC6/mbed-os/platform/source/FileHandle.o
    0x08005104   0x0000001c   Code   RO        21526    .text._ZN4mbed16mbed_event_queueEv  BUILD/NUCLEO_F429ZI/ARMC6/mbed-os/events/source/mbed_shared_queues.o
    0x08005120   0x0000008e   Code   RO        23028    .text._ZN4mbed16mbed_file_handleEi  BUILD/NUCLEO_F429ZI/ARMC6/mbed-os/platform/source/mbed_retarget.o
    0x080051ae   0x000000fa   Code   RO        21532    .text._ZN4mbed33do_shared_event_queue_with_threadIL12osPriority_t24ELj768ELj2048EEEPN6events10EventQueueEPKc  BUILD/NUCLEO_F429ZI/ARMC6/mbed-os/events/source/mbed_shared_queues.o
    0x080052a8   0x0000003a   Code   RO        20008    .text._ZN4mbed4impl7MbedCRCILj79764919ELh32ELNS_7CrcModeE2EE7computeEPKvjPj  BUILD/NUCLEO_F429ZI/ARMC6/mbed-os/drivers/source/MbedCRC.o
    0x080052e2   0x00000014   Code   RO         2997    .text._ZN4mbed8CallbackIFvvEE11target_callIZNS2_C1IP10STM32_EMACMS5_FvvELi0EEET_T0_EUlvE_EEvPKNS_6detail12CallbackBaseE  BUILD/NUCLEO_F429ZI/ARMC6/mbed-os/connectivity/drivers/emac/TARGET_STM/stm32xx_emac.o
    0x080052f6   0x00000014   Code   RO         1437    .text._ZN4mbed8CallbackIFvvEE11target_callIZNS2_C1IPN6events10EventQueueEMS6_FvvELi0EEET_T0_EUlvE_EEvPKNS_6detail12CallbackBaseE  BUILD/NUCLEO_F429ZI/ARMC6/mbed-os/connectivity/cellular/source/framework/device/CellularDevice.o
    0x0800530a   0x00000002   PAD
    0x0800530c   0x000000a4   Code   RO        22469    .text._ZN4mbed8FileBase6lookupEPKcj  BUILD/NUCLEO_F429ZI/ARMC6/mbed-os/platform/source/FileBase.o
    0x080053b0   0x0000001e   Code   RO        22498    .text._ZN4mbed8FilePath10fileSystemEv  BUILD/NUCLEO_F429ZI/ARMC6/mbed-os/platform/source/FilePath.o
    0x080053ce   0x0000001c   Code   RO        22502    .text._ZN4mbed8FilePath4fileEv  BUILD/NUCLEO_F429ZI/ARMC6/mbed-os/platform/source/FilePath.o
    0x080053ea   0x0000000a   Code   RO        22504    .text._ZN4mbed8FilePath6existsEv  BUILD/NUCLEO_F429ZI/ARMC6/mbed-os/platform/source/FilePath.o
    0x080053f4   0x00000016   Code   RO        22500    .text._ZN4mbed8FilePath6isFileEv  BUILD/NUCLEO_F429ZI/ARMC6/mbed-os/platform/source/FilePath.o
    0x0800540a   0x00000002   PAD
    0x0800540c   0x00000080   Code   RO        22492    .text._ZN4mbed8FilePathC2EPKc  BUILD/NUCLEO_F429ZI/ARMC6/mbed-os/platform/source/FilePath.o
    0x0800548c   0x00000058   Code   RO        23303    .text._ZN4rtos10EventFlags11constructorEPKc  BUILD/NUCLEO_F429ZI/ARMC6/mbed-os/rtos/source/EventFlags.o
    0x080054e4   0x00000006   Code   RO        23307    .text._ZN4rtos10EventFlags3setEj  BUILD/NUCLEO_F429ZI/ARMC6/mbed-os/rtos/source/EventFlags.o
    0x080054ea   0x00000012   Code   RO        23323    .text._ZN4rtos10EventFlags8wait_anyEjjb  BUILD/NUCLEO_F429ZI/ARMC6/mbed-os/rtos/source/EventFlags.o
    0x080054fc   0x0000000c   Code   RO        23305    .text._ZN4rtos10EventFlagsC2EPKc  BUILD/NUCLEO_F429ZI/ARMC6/mbed-os/rtos/source/EventFlags.o
    0x08005508   0x000000a0   Code   RO        23348    .text._ZN4rtos5Mutex11constructorEPKc  BUILD/NUCLEO_F429ZI/ARMC6/mbed-os/rtos/source/Mutex.o
    0x080055a8   0x00000040   Code   RO        23352    .text._ZN4rtos5Mutex4lockEv  BUILD/NUCLEO_F429ZI/ARMC6/mbed-os/rtos/source/Mutex.o
    0x080055e8   0x00000050   Code   RO        23364    .text._ZN4rtos5Mutex6unlockEv  BUILD/NUCLEO_F429ZI/ARMC6/mbed-os/rtos/source/Mutex.o
    0x08005638   0x0000000e   Code   RO        23346    .text._ZN4rtos5MutexC2Ev  BUILD/NUCLEO_F429ZI/ARMC6/mbed-os/rtos/source/Mutex.o
    0x08005646   0x0000000e   Code   RO        23368    .text._ZN4rtos5MutexD2Ev  BUILD/NUCLEO_F429ZI/ARMC6/mbed-os/rtos/source/Mutex.o
    0x08005654   0x00000034   Code   RO        23335    .text._ZN4rtos6Kernel4impl14get_tick_countEv  BUILD/NUCLEO_F429ZI/ARMC6/mbed-os/rtos/source/Kernel.o
    0x08005688   0x00000066   Code   RO        23443    .text._ZN4rtos6Thread11constructorE12osPriority_tjPhPKc  BUILD/NUCLEO_F429ZI/ARMC6/mbed-os/rtos/source/Thread.o
    0x080056ee   0x00000002   PAD
    0x080056f0   0x000000be   Code   RO        23445    .text._ZN4rtos6Thread5startEN4mbed8CallbackIFvvEEE  BUILD/NUCLEO_F429ZI/ARMC6/mbed-os/rtos/source/Thread.o
    0x080057ae   0x00000002   PAD
    0x080057b0   0x00000074   Code   RO        23447    .text._ZN4rtos6Thread6_thunkEPv  BUILD/NUCLEO_F429ZI/ARMC6/mbed-os/rtos/source/Thread.o
    0x08005824   0x00000044   Code   RO        23449    .text._ZN4rtos6Thread9terminateEv  BUILD/NUCLEO_F429ZI/ARMC6/mbed-os/rtos/source/Thread.o
    0x08005868   0x0000004c   Code   RO         1435    .text._ZN4rtos6ThreadC2E12osPriority_tjPhPKc  BUILD/NUCLEO_F429ZI/ARMC6/mbed-os/connectivity/cellular/source/framework/device/CellularDevice.o
    0x080058b4   0x0000000e   Code   RO        23475    .text._ZN4rtos6ThreadD0Ev  BUILD/NUCLEO_F429ZI/ARMC6/mbed-os/rtos/source/Thread.o
    0x080058c2   0x0000003c   Code   RO        23473    .text._ZN4rtos6ThreadD2Ev  BUILD/NUCLEO_F429ZI/ARMC6/mbed-os/rtos/source/Thread.o
    0x080058fe   0x00000002   PAD
    0x08005900   0x00000064   Code   RO        23375    .text._ZN4rtos9Semaphore11constructorEit  BUILD/NUCLEO_F429ZI/ARMC6/mbed-os/rtos/source/Semaphore.o
    0x08005964   0x00000006   Code   RO        23391    .text._ZN4rtos9Semaphore7releaseEv  BUILD/NUCLEO_F429ZI/ARMC6/mbed-os/rtos/source/Semaphore.o
    0x0800596a   0x00000010   Code   RO        23373    .text._ZN4rtos9SemaphoreC2Ei  BUILD/NUCLEO_F429ZI/ARMC6/mbed-os/rtos/source/Semaphore.o
    0x0800597a   0x0000000e   Code   RO        23393    .text._ZN4rtos9SemaphoreD2Ev  BUILD/NUCLEO_F429ZI/ARMC6/mbed-os/rtos/source/Semaphore.o
    0x08005988   0x00000058   Code   RO         2995    .text._ZN6events10EventQueue10call_everyIN4mbed8CallbackIFvvEEEEEiNSt3__26chrono8durationIiNS6_5ratioILx1ELx1000EEEEET_  BUILD/NUCLEO_F429ZI/ARMC6/mbed-os/connectivity/drivers/emac/TARGET_STM/stm32xx_emac.o
    0x080059e0   0x00000024   Code   RO         1520    .text._ZN6events10EventQueue13function_callIN4mbed8CallbackIFvvEEEEEvPv  BUILD/NUCLEO_F429ZI/ARMC6/mbed-os/connectivity/cellular/source/framework/device/CellularStateMachine.o
    0x08005a04   0x00000002   Code   RO          845    .text._ZN6events10EventQueue13function_dtorIN4mbed8CallbackIFvvEEEEEvPv  BUILD/NUCLEO_F429ZI/ARMC6/mbed-os/connectivity/cellular/source/framework/AT/AT_CellularContext.o
    0x08005a06   0x00000008   Code   RO        21429    .text._ZN6events10EventQueue16dispatch_foreverEv  BUILD/NUCLEO_F429ZI/ARMC6/mbed-os/events/source/EventQueue.o
    0x08005a0e   0x00000020   Code   RO        21421    .text._ZN6events10EventQueueC2EjPh  BUILD/NUCLEO_F429ZI/ARMC6/mbed-os/events/source/EventQueue.o
    0x08005a2e   0x00000002   PAD
    0x08005a30   0x00000026   Code   RO           41    .text._ZN6matrix12column_sliceES_i  BUILD/NUCLEO_F429ZI/ARMC6/Matrix_Deploy.o
    0x08005a56   0x00000002   PAD
    0x08005a58   0x00000060   Code   RO           39    .text._ZN6matrix5printEv  BUILD/NUCLEO_F429ZI/ARMC6/Matrix_Deploy.o
    0x08005ab8   0x00000140   Code   RO           47    .text._ZN6matrix8multiplyES_  BUILD/NUCLEO_F429ZI/ARMC6/Matrix_Deploy.o
    0x08005bf8   0x00000050   Code   RO           35    .text._ZN6matrix8set_dataEPf10dimensions  BUILD/NUCLEO_F429ZI/ARMC6/Matrix_Deploy.o
    0x08005c48   0x00000054   Code   RO           43    .text._ZN6matrix9data_copyES_  BUILD/NUCLEO_F429ZI/ARMC6/Matrix_Deploy.o
    0x08005c9c   0x00000024   Code   RO           33    .text._ZN6matrixC2ERKS_  BUILD/NUCLEO_F429ZI/ARMC6/Matrix_Deploy.o
    0x08005cc0   0x0000003c   Code   RO           27    .text._ZN6matrixC2Eii  BUILD/NUCLEO_F429ZI/ARMC6/Matrix_Deploy.o
    0x08005cfc   0x00000074   Code   RO           29    .text._ZN6matrixC2Eiif  BUILD/NUCLEO_F429ZI/ARMC6/Matrix_Deploy.o
    0x08005d70   0x0000002a   Code   RO           25    .text._ZN6matrixC2Ev  BUILD/NUCLEO_F429ZI/ARMC6/Matrix_Deploy.o
    0x08005d9a   0x00000010   Code   RO           37    .text._ZN6matrixD2Ev  BUILD/NUCLEO_F429ZI/ARMC6/Matrix_Deploy.o
    0x08005daa   0x0000000c   Code   RO         2964    .text._ZNK10STM32_EMAC10get_hwaddrEPh  BUILD/NUCLEO_F429ZI/ARMC6/mbed-os/connectivity/drivers/emac/TARGET_STM/stm32xx_emac.o
    0x08005db6   0x00000002   PAD
    0x08005db8   0x00000014   Code   RO         2960    .text._ZNK10STM32_EMAC10get_ifnameEPch  BUILD/NUCLEO_F429ZI/ARMC6/mbed-os/connectivity/drivers/emac/TARGET_STM/stm32xx_emac.o
    0x08005dcc   0x00000006   Code   RO         2956    .text._ZNK10STM32_EMAC12get_mtu_sizeEv  BUILD/NUCLEO_F429ZI/ARMC6/mbed-os/connectivity/drivers/emac/TARGET_STM/stm32xx_emac.o
    0x08005dd2   0x00000004   Code   RO         2962    .text._ZNK10STM32_EMAC15get_hwaddr_sizeEv  BUILD/NUCLEO_F429ZI/ARMC6/mbed-os/connectivity/drivers/emac/TARGET_STM/stm32xx_emac.o
    0x08005dd6   0x00000004   Code   RO         2958    .text._ZNK10STM32_EMAC20get_align_preferenceEv  BUILD/NUCLEO_F429ZI/ARMC6/mbed-os/connectivity/drivers/emac/TARGET_STM/stm32xx_emac.o
    0x08005dda   0x0000003a   Code   RO        23018    .text._ZNK12DirectSerial4pollEs  BUILD/NUCLEO_F429ZI/ARMC6/mbed-os/platform/source/mbed_retarget.o
    0x08005e14   0x00000052   Code   RO        18967    .text._ZNK12SingletonPtrIN4rtos5MutexEE3getEv  BUILD/NUCLEO_F429ZI/ARMC6/mbed-os/connectivity/netsocket/source/nsapi_dns.o
    0x08005e66   0x00000004   Code   RO        20412    .text._ZNK4mbed10FileHandle11is_blockingEv  BUILD/NUCLEO_F429ZI/ARMC6/mbed-os/drivers/source/UnbufferedSerial.o
    0x08005e6a   0x00000002   PAD
    0x08005e6c   0x0000007a   Code   RO        20010    .text._ZNK4mbed4impl7MbedCRCILj79764919ELh32ELNS_7CrcModeE2EE18do_compute_partialILS2_2EEENSt3__29enable_ifIXeqT_LS2_2EEiE4typeEPKhjPj  BUILD/NUCLEO_F429ZI/ARMC6/mbed-os/drivers/source/MbedCRC.o
    0x08005ee6   0x00000084   Code   RO        23459    .text._ZNK4rtos6Thread9get_stateEv  BUILD/NUCLEO_F429ZI/ARMC6/mbed-os/rtos/source/Thread.o
    0x08005f6a   0x00000004   Code   RO        29195    .text._ZNKSt3__220__vector_base_commonILb1EE20__throw_length_errorEv  c:\Users\jackj\AppData\Local\Mbed Studio\mbed-studio-tools\ac6\bin\..\lib\libcxx\libcpp_w.l(vector.cpp.o)
    0x08005f6e   0x00000024   Code   RO           81    .text._ZNSt3__26vectorIfNS_9allocatorIfEEE11__vallocateEj  BUILD/NUCLEO_F429ZI/ARMC6/main.o
    0x08005f92   0x0000003a   Code   RO           83    .text._ZNSt3__26vectorIfNS_9allocatorIfEEEC2ERKS3_  BUILD/NUCLEO_F429ZI/ARMC6/main.o
    0x08005fcc   0x00000004   Code   RO        23158    .text._ZdaPv        BUILD/NUCLEO_F429ZI/ARMC6/mbed-os/platform/source/mbed_retarget.o
    0x08005fd0   0x00000004   Code   RO        23102    .text._ZdlPv        BUILD/NUCLEO_F429ZI/ARMC6/mbed-os/platform/source/mbed_retarget.o
    0x08005fd4   0x0000004c   Code   RO        23152    .text._Znaj         BUILD/NUCLEO_F429ZI/ARMC6/mbed-os/platform/source/mbed_retarget.o
    0x08006020   0x0000004c   Code   RO        23150    .text._Znwj         BUILD/NUCLEO_F429ZI/ARMC6/mbed-os/platform/source/mbed_retarget.o
    0x0800606c   0x00000024   Code   RO        22906    .text.__NVIC_SystemReset  BUILD/NUCLEO_F429ZI/ARMC6/mbed-os/platform/source/mbed_error.o
    0x08006090   0x00000078   Code   RO        23144    .text.__cxa_guard_acquire  BUILD/NUCLEO_F429ZI/ARMC6/mbed-os/platform/source/mbed_retarget.o
    0x08006108   0x00000042   Code   RO        23146    .text.__cxa_guard_release  BUILD/NUCLEO_F429ZI/ARMC6/mbed-os/platform/source/mbed_retarget.o
    0x0800614a   0x0000004e   Code   RO          630    .text.__rt_entry    BUILD/NUCLEO_F429ZI/ARMC6/mbed-os/cmsis/device/rtos/TOOLCHAIN_ARM_STD/mbed_boot_arm_std.o
    0x08006198   0x00000068   Code   RO          634    .text.__user_perthread_libspace  BUILD/NUCLEO_F429ZI/ARMC6/mbed-os/cmsis/device/rtos/TOOLCHAIN_ARM_STD/mbed_boot_arm_std.o
    0x08006200   0x00000004   Code   RO        23080    .text.__user_setup_stackheap  BUILD/NUCLEO_F429ZI/ARMC6/mbed-os/platform/source/mbed_retarget.o
    0x08006204   0x0000003a   Code   RO         2914    .text._eth_config_mac  BUILD/NUCLEO_F429ZI/ARMC6/mbed-os/connectivity/drivers/emac/TARGET_STM/TARGET_STM32F4/TARGET_NUCLEO_F429ZI/stm32f4_eth_conf.o
    0x0800623e   0x00000032   Code   RO        23076    .text._mbed_user_setup_stackheap  BUILD/NUCLEO_F429ZI/ARMC6/mbed-os/platform/source/mbed_retarget.o
    0x08006270   0x00000034   Code   RO          638    .text._mutex_acquire  BUILD/NUCLEO_F429ZI/ARMC6/mbed-os/cmsis/device/rtos/TOOLCHAIN_ARM_STD/mbed_boot_arm_std.o
    0x080062a4   0x00000042   Code   RO          642    .text._mutex_free   BUILD/NUCLEO_F429ZI/ARMC6/mbed-os/cmsis/device/rtos/TOOLCHAIN_ARM_STD/mbed_boot_arm_std.o
    0x080062e6   0x00000002   PAD
    0x080062e8   0x000000a4   Code   RO          636    .text._mutex_initialize  BUILD/NUCLEO_F429ZI/ARMC6/mbed-os/cmsis/device/rtos/TOOLCHAIN_ARM_STD/mbed_boot_arm_std.o
    0x0800638c   0x00000030   Code   RO          640    .text._mutex_release  BUILD/NUCLEO_F429ZI/ARMC6/mbed-os/cmsis/device/rtos/TOOLCHAIN_ARM_STD/mbed_boot_arm_std.o
    0x080063bc   0x00000004   Code   RO          269    .text._platform_post_stackheap_init  BUILD/NUCLEO_F429ZI/ARMC6/mbed-os/cmsis/CMSIS_5/CMSIS/RTOS2/RTX/Source/rtx_lib.o
    0x080063c0   0x00000004   Code   RO        23046    .text._sys_close    BUILD/NUCLEO_F429ZI/ARMC6/mbed-os/platform/source/mbed_retarget.o
    0x080063c4   0x00000002   Code   RO        23054    .text._sys_exit     BUILD/NUCLEO_F429ZI/ARMC6/mbed-os/platform/source/mbed_retarget.o
    0x080063c6   0x0000002a   Code   RO        23074    .text._sys_flen     BUILD/NUCLEO_F429ZI/ARMC6/mbed-os/platform/source/mbed_retarget.o
    0x080063f0   0x00000004   Code   RO        23062    .text._sys_istty    BUILD/NUCLEO_F429ZI/ARMC6/mbed-os/platform/source/mbed_retarget.o
    0x080063f4   0x0000008a   Code   RO        23042    .text._sys_open     BUILD/NUCLEO_F429ZI/ARMC6/mbed-os/platform/source/mbed_retarget.o
    0x0800647e   0x00000006   Code   RO        23064    .text._sys_seek     BUILD/NUCLEO_F429ZI/ARMC6/mbed-os/platform/source/mbed_retarget.o
    0x08006484   0x00000130   Code   RO        23050    .text._sys_write    BUILD/NUCLEO_F429ZI/ARMC6/mbed-os/platform/source/mbed_retarget.o
    0x080065b4   0x00000018   Code   RO        23056    .text._ttywrch      BUILD/NUCLEO_F429ZI/ARMC6/mbed-os/platform/source/mbed_retarget.o
    0x080065cc   0x00000016   Code   RO        23255    .text._wait_us_ticks  BUILD/NUCLEO_F429ZI/ARMC6/mbed-os/platform/source/mbed_wait_api_no_rtos.o
    0x080065e2   0x00000002   Code   RO        22251    .text.block_us_ticker_free  BUILD/NUCLEO_F429ZI/ARMC6/mbed-os/hal/source/mbed_us_ticker_api.o
    0x080065e4   0x0000013a   Code   RO        28341    .text.can_irq       BUILD/NUCLEO_F429ZI/ARMC6/mbed-os/targets/TARGET_STM/can_api.o
    0x0800671e   0x0000003c   Code   RO        23048    .text.close         BUILD/NUCLEO_F429ZI/ARMC6/mbed-os/platform/source/mbed_retarget.o
    0x0800675a   0x0000000c   Code   RO        22849    .text.core_util_are_interrupts_enabled  BUILD/NUCLEO_F429ZI/ARMC6/mbed-os/platform/source/mbed_critical.o
    0x08006766   0x00000002   PAD
    0x08006768   0x00000084   Code   RO        22855    .text.core_util_critical_section_enter  BUILD/NUCLEO_F429ZI/ARMC6/mbed-os/platform/source/mbed_critical.o
    0x080067ec   0x00000018   Code   RO        22857    .text.core_util_critical_section_exit  BUILD/NUCLEO_F429ZI/ARMC6/mbed-os/platform/source/mbed_critical.o
    0x08006804   0x0000000c   Code   RO        22851    .text.core_util_is_isr_active  BUILD/NUCLEO_F429ZI/ARMC6/mbed-os/platform/source/mbed_critical.o
    0x08006810   0x00000054   Code   RO        28641    .text.debug         BUILD/NUCLEO_F429ZI/ARMC6/mbed-os/targets/TARGET_STM/serial_api.o
    0x08006864   0x00000082   Code   RO        21455    .text.equeue_alloc  BUILD/NUCLEO_F429ZI/ARMC6/mbed-os/events/source/equeue.o
    0x080068e6   0x00000024   Code   RO        21449    .text.equeue_create  BUILD/NUCLEO_F429ZI/ARMC6/mbed-os/events/source/equeue.o
    0x0800690a   0x00000072   Code   RO        21451    .text.equeue_create_inplace  BUILD/NUCLEO_F429ZI/ARMC6/mbed-os/events/source/equeue.o
    0x0800697c   0x00000086   Code   RO        21457    .text.equeue_dealloc  BUILD/NUCLEO_F429ZI/ARMC6/mbed-os/events/source/equeue.o
    0x08006a02   0x00000002   PAD
    0x08006a04   0x000001aa   Code   RO        21477    .text.equeue_dispatch  BUILD/NUCLEO_F429ZI/ARMC6/mbed-os/events/source/equeue.o
    0x08006bae   0x00000002   PAD
    0x08006bb0   0x000000b4   Code   RO        21459    .text.equeue_enqueue  BUILD/NUCLEO_F429ZI/ARMC6/mbed-os/events/source/equeue.o
    0x08006c64   0x00000004   Code   RO        21511    .text.equeue_mutex_lock  BUILD/NUCLEO_F429ZI/ARMC6/mbed-os/events/source/equeue_mbed.o
    0x08006c68   0x00000004   Code   RO        21513    .text.equeue_mutex_unlock  BUILD/NUCLEO_F429ZI/ARMC6/mbed-os/events/source/equeue_mbed.o
    0x08006c6c   0x00000048   Code   RO        21461    .text.equeue_post   BUILD/NUCLEO_F429ZI/ARMC6/mbed-os/events/source/equeue.o
    0x08006cb4   0x00000014   Code   RO        21515    .text.equeue_sema_create  BUILD/NUCLEO_F429ZI/ARMC6/mbed-os/events/source/equeue_mbed.o
    0x08006cc8   0x00000006   Code   RO        21519    .text.equeue_sema_signal  BUILD/NUCLEO_F429ZI/ARMC6/mbed-os/events/source/equeue_mbed.o
    0x08006cce   0x00000018   Code   RO        21521    .text.equeue_sema_wait  BUILD/NUCLEO_F429ZI/ARMC6/mbed-os/events/source/equeue_mbed.o
    0x08006ce6   0x00000008   Code   RO        21505    .text.equeue_tick   BUILD/NUCLEO_F429ZI/ARMC6/mbed-os/events/source/equeue_mbed.o
    0x08006cee   0x00000002   PAD
    0x08006cf0   0x00000070   Code   RO        22862    .text.error         BUILD/NUCLEO_F429ZI/ARMC6/mbed-os/platform/source/mbed_error.o
    0x08006d60   0x00000034   Code   RO          709    .text.error_msg     BUILD/NUCLEO_F429ZI/ARMC6/mbed-os/cmsis/device/rtos/source/mbed_rtx_handlers.o
    0x08006d94   0x0000002e   Code   RO        23120    .text.exit          BUILD/NUCLEO_F429ZI/ARMC6/mbed-os/platform/source/mbed_retarget.o
    0x08006dc2   0x0000002c   Code   RO        23072    .text.fsync         BUILD/NUCLEO_F429ZI/ARMC6/mbed-os/platform/source/mbed_retarget.o
    0x08006dee   0x000000aa   Code   RO        28631    .text.get_uart_index  BUILD/NUCLEO_F429ZI/ARMC6/mbed-os/targets/TARGET_STM/serial_api.o
    0x08006e98   0x0000002e   Code   RO        28372    .text.gpio_dir      BUILD/NUCLEO_F429ZI/ARMC6/mbed-os/targets/TARGET_STM/gpio_api.o
    0x08006ec6   0x00000046   Code   RO        28368    .text.gpio_init     BUILD/NUCLEO_F429ZI/ARMC6/mbed-os/targets/TARGET_STM/gpio_api.o
    0x08006f0c   0x00000006   Code   RO        22107    .text.gpio_init_out  BUILD/NUCLEO_F429ZI/ARMC6/mbed-os/hal/source/mbed_gpio.o
    0x08006f12   0x00000038   Code   RO        22109    .text.gpio_init_out_ex  BUILD/NUCLEO_F429ZI/ARMC6/mbed-os/hal/source/mbed_gpio.o
    0x08006f4a   0x00000008   Code   RO        28370    .text.gpio_mode     BUILD/NUCLEO_F429ZI/ARMC6/mbed-os/targets/TARGET_STM/gpio_api.o
    0x08006f52   0x00000002   PAD
    0x08006f54   0x00000064   Code   RO        28366    .text.gpio_set      BUILD/NUCLEO_F429ZI/ARMC6/mbed-os/targets/TARGET_STM/gpio_api.o
    0x08006fb8   0x0000002a   Code   RO        22089    .text.hal_critical_section_enter  BUILD/NUCLEO_F429ZI/ARMC6/mbed-os/hal/source/mbed_critical_section_api.o
    0x08006fe2   0x00000002   PAD
    0x08006fe4   0x00000080   Code   RO        22091    .text.hal_critical_section_exit  BUILD/NUCLEO_F429ZI/ARMC6/mbed-os/hal/source/mbed_critical_section_api.o
    0x08007064   0x0000011c   Code   RO        28670    .text.hal_deepsleep  BUILD/NUCLEO_F429ZI/ARMC6/mbed-os/targets/TARGET_STM/sleep.o
    0x08007180   0x00000022   Code   RO        28668    .text.hal_sleep     BUILD/NUCLEO_F429ZI/ARMC6/mbed-os/targets/TARGET_STM/sleep.o
    0x080071a2   0x00000110   Code   RO        22864    .text.handle_error  BUILD/NUCLEO_F429ZI/ARMC6/mbed-os/platform/source/mbed_error.o
    0x080072b2   0x000000bc   Code   RO        28746    .text.init_32bit_timer  BUILD/NUCLEO_F429ZI/ARMC6/mbed-os/targets/TARGET_STM/us_ticker.o
    0x0800736e   0x00000064   Code   RO        28633    .text.init_uart     BUILD/NUCLEO_F429ZI/ARMC6/mbed-os/targets/TARGET_STM/serial_api.o
    0x080073d2   0x00000028   Code   RO        23036    .text.isatty        BUILD/NUCLEO_F429ZI/ARMC6/mbed-os/platform/source/mbed_retarget.o
    0x080073fa   0x00000032   Code   RO        23066    .text.lseek         BUILD/NUCLEO_F429ZI/ARMC6/mbed-os/platform/source/mbed_retarget.o
    0x0800742c   0x000001a8   Code   RO           60    .text.main          BUILD/NUCLEO_F429ZI/ARMC6/main.o
    0x080075d4   0x0000001a   Code   RO        22738    .text.mbed_assert_internal  BUILD/NUCLEO_F429ZI/ARMC6/mbed-os/platform/source/mbed_assert.o
    0x080075ee   0x00000002   PAD
    0x080075f0   0x00000064   Code   RO        22838    .text.mbed_die      BUILD/NUCLEO_F429ZI/ARMC6/mbed-os/platform/source/mbed_board.o
    0x08007654   0x00000124   Code   RO        22886    .text.mbed_error    BUILD/NUCLEO_F429ZI/ARMC6/mbed-os/platform/source/mbed_error.o
    0x08007778   0x0000006a   Code   RO        22874    .text.mbed_error_initialize  BUILD/NUCLEO_F429ZI/ARMC6/mbed-os/platform/source/mbed_error.o
    0x080077e2   0x00000020   Code   RO        22840    .text.mbed_error_printf  BUILD/NUCLEO_F429ZI/ARMC6/mbed-os/platform/source/mbed_board.o
    0x08007802   0x00000002   PAD
    0x08007804   0x00000052   Code   RO        22844    .text.mbed_error_puts  BUILD/NUCLEO_F429ZI/ARMC6/mbed-os/platform/source/mbed_board.o
    0x08007856   0x00000034   Code   RO        22842    .text.mbed_error_vprintf  BUILD/NUCLEO_F429ZI/ARMC6/mbed-os/platform/source/mbed_board.o
    0x0800788a   0x00000002   PAD
    0x0800788c   0x00000100   Code   RO        22721    .text.mbed_fault_handler  BUILD/NUCLEO_F429ZI/ARMC6/mbed-os/platform/source/TARGET_CORTEX_M/mbed_fault_handler.o
    0x0800798c   0x0000000c   Code   RO        22882    .text.mbed_get_error_in_progress  BUILD/NUCLEO_F429ZI/ARMC6/mbed-os/platform/source/mbed_error.o
    0x08007998   0x0000003e   Code   RO        22868    .text.mbed_halt_system  BUILD/NUCLEO_F429ZI/ARMC6/mbed-os/platform/source/mbed_error.o
    0x080079d6   0x00000002   PAD
    0x080079d8   0x0000003c   Code   RO          650    .text.mbed_init     BUILD/NUCLEO_F429ZI/ARMC6/mbed-os/cmsis/device/rtos/source/mbed_boot.o
    0x08007a14   0x0000002c   Code   RO         2934    .text.mbed_mac_address  BUILD/NUCLEO_F429ZI/ARMC6/mbed-os/connectivity/drivers/emac/TARGET_STM/stm32xx_emac.o
    0x08007a40   0x000000b0   Code   RO        22259    .text.mbed_mpu_init  BUILD/NUCLEO_F429ZI/ARMC6/mbed-os/hal/source/mpu/mbed_mpu_v7m.o
    0x08007af0   0x00000004   Code   RO          666    .text.mbed_rtos_init  BUILD/NUCLEO_F429ZI/ARMC6/mbed-os/cmsis/device/rtos/source/mbed_rtos_rtx.o
    0x08007af4   0x0000002c   Code   RO          670    .text.mbed_rtos_init_singleton_mutex  BUILD/NUCLEO_F429ZI/ARMC6/mbed-os/cmsis/device/rtos/source/mbed_rtos_rtx.o
    0x08007b20   0x000000a8   Code   RO          668    .text.mbed_rtos_start  BUILD/NUCLEO_F429ZI/ARMC6/mbed-os/cmsis/device/rtos/source/mbed_rtos_rtx.o
    0x08007bc8   0x00000024   Code   RO        28531    .text.mbed_sdk_init  BUILD/NUCLEO_F429ZI/ARMC6/mbed-os/targets/TARGET_STM/mbed_overrides.o
    0x08007bec   0x0000001e   Code   RO          654    .text.mbed_start    BUILD/NUCLEO_F429ZI/ARMC6/mbed-os/cmsis/device/rtos/source/mbed_boot.o
    0x08007c0a   0x00000020   Code   RO        19999    .text.mbed_tiny_compute_crc32  BUILD/NUCLEO_F429ZI/ARMC6/mbed-os/drivers/source/MbedCRC.o
    0x08007c2a   0x0000001a   Code   RO          632    .text.mbed_toolchain_init  BUILD/NUCLEO_F429ZI/ARMC6/mbed-os/cmsis/device/rtos/TOOLCHAIN_ARM_STD/mbed_boot_arm_std.o
    0x08007c44   0x000000be   Code   RO        23044    .text.open          BUILD/NUCLEO_F429ZI/ARMC6/mbed-os/platform/source/mbed_retarget.o
    0x08007d02   0x0000002e   Code   RO          139    .text.osDelay       BUILD/NUCLEO_F429ZI/ARMC6/mbed-os/cmsis/CMSIS_5/CMSIS/RTOS2/RTX/Source/rtx_delay.o
    0x08007d30   0x00000032   Code   RO          149    .text.osEventFlagsNew  BUILD/NUCLEO_F429ZI/ARMC6/mbed-os/cmsis/CMSIS_5/CMSIS/RTOS2/RTX/Source/rtx_evflags.o
    0x08007d62   0x00000056   Code   RO          153    .text.osEventFlagsSet  BUILD/NUCLEO_F429ZI/ARMC6/mbed-os/cmsis/CMSIS_5/CMSIS/RTOS2/RTX/Source/rtx_evflags.o
    0x08007db8   0x0000004e   Code   RO          163    .text.osEventFlagsWait  BUILD/NUCLEO_F429ZI/ARMC6/mbed-os/cmsis/CMSIS_5/CMSIS/RTOS2/RTX/Source/rtx_evflags.o
    0x08007e06   0x00000032   Code   RO          219    .text.osKernelGetState  BUILD/NUCLEO_F429ZI/ARMC6/mbed-os/cmsis/CMSIS_5/CMSIS/RTOS2/RTX/Source/rtx_kernel.o
    0x08007e38   0x0000002a   Code   RO          235    .text.osKernelGetTickCount  BUILD/NUCLEO_F429ZI/ARMC6/mbed-os/cmsis/CMSIS_5/CMSIS/RTOS2/RTX/Source/rtx_kernel.o
    0x08007e62   0x00000032   Code   RO          213    .text.osKernelInitialize  BUILD/NUCLEO_F429ZI/ARMC6/mbed-os/cmsis/CMSIS_5/CMSIS/RTOS2/RTX/Source/rtx_kernel.o
    0x08007e94   0x0000002e   Code   RO          223    .text.osKernelStart  BUILD/NUCLEO_F429ZI/ARMC6/mbed-os/cmsis/CMSIS_5/CMSIS/RTOS2/RTX/Source/rtx_kernel.o
    0x08007ec2   0x0000007c   Code   RO          345    .text.osMessageQueueGet  BUILD/NUCLEO_F429ZI/ARMC6/mbed-os/cmsis/CMSIS_5/CMSIS/RTOS2/RTX/Source/rtx_msgqueue.o
    0x08007f3e   0x00000032   Code   RO          339    .text.osMessageQueueNew  BUILD/NUCLEO_F429ZI/ARMC6/mbed-os/cmsis/CMSIS_5/CMSIS/RTOS2/RTX/Source/rtx_msgqueue.o
    0x08007f70   0x00000084   Code   RO          343    .text.osMessageQueuePut  BUILD/NUCLEO_F429ZI/ARMC6/mbed-os/cmsis/CMSIS_5/CMSIS/RTOS2/RTX/Source/rtx_msgqueue.o
    0x08007ff4   0x0000002e   Code   RO          395    .text.osMutexAcquire  BUILD/NUCLEO_F429ZI/ARMC6/mbed-os/cmsis/CMSIS_5/CMSIS/RTOS2/RTX/Source/rtx_mutex.o
    0x08008022   0x0000002e   Code   RO          401    .text.osMutexDelete  BUILD/NUCLEO_F429ZI/ARMC6/mbed-os/cmsis/CMSIS_5/CMSIS/RTOS2/RTX/Source/rtx_mutex.o
    0x08008050   0x00000032   Code   RO          391    .text.osMutexNew    BUILD/NUCLEO_F429ZI/ARMC6/mbed-os/cmsis/CMSIS_5/CMSIS/RTOS2/RTX/Source/rtx_mutex.o
    0x08008082   0x0000002e   Code   RO          397    .text.osMutexRelease  BUILD/NUCLEO_F429ZI/ARMC6/mbed-os/cmsis/CMSIS_5/CMSIS/RTOS2/RTX/Source/rtx_mutex.o
    0x080080b0   0x000000fc   Code   RO          685    .text.osRtxErrorNotify  BUILD/NUCLEO_F429ZI/ARMC6/mbed-os/cmsis/device/rtos/source/mbed_rtx_handlers.o
    0x080081ac   0x00000038   Code   RO          169    .text.osRtxEventFlagsPostProcess  BUILD/NUCLEO_F429ZI/ARMC6/mbed-os/cmsis/CMSIS_5/CMSIS/RTOS2/RTX/Source/rtx_evflags.o
    0x080081e4   0x00000004   Code   RO          683    .text.osRtxIdleThread  BUILD/NUCLEO_F429ZI/ARMC6/mbed-os/cmsis/device/rtos/source/mbed_rtx_handlers.o
    0x080081e8   0x00000086   Code   RO          287    .text.osRtxMemoryAlloc  BUILD/NUCLEO_F429ZI/ARMC6/mbed-os/cmsis/CMSIS_5/CMSIS/RTOS2/RTX/Source/rtx_memory.o
    0x0800826e   0x00000002   PAD
    0x08008270   0x0000004e   Code   RO          289    .text.osRtxMemoryFree  BUILD/NUCLEO_F429ZI/ARMC6/mbed-os/cmsis/CMSIS_5/CMSIS/RTOS2/RTX/Source/rtx_memory.o
    0x080082be   0x00000038   Code   RO          285    .text.osRtxMemoryInit  BUILD/NUCLEO_F429ZI/ARMC6/mbed-os/cmsis/CMSIS_5/CMSIS/RTOS2/RTX/Source/rtx_memory.o
    0x080082f6   0x0000003a   Code   RO          295    .text.osRtxMemoryPoolAlloc  BUILD/NUCLEO_F429ZI/ARMC6/mbed-os/cmsis/CMSIS_5/CMSIS/RTOS2/RTX/Source/rtx_mempool.o
    0x08008330   0x0000004a   Code   RO          297    .text.osRtxMemoryPoolFree  BUILD/NUCLEO_F429ZI/ARMC6/mbed-os/cmsis/CMSIS_5/CMSIS/RTOS2/RTX/Source/rtx_mempool.o
    0x0800837a   0x00000002   PAD
    0x0800837c   0x00000052   Code   RO          293    .text.osRtxMemoryPoolInit  BUILD/NUCLEO_F429ZI/ARMC6/mbed-os/cmsis/CMSIS_5/CMSIS/RTOS2/RTX/Source/rtx_mempool.o
    0x080083ce   0x000000d6   Code   RO          369    .text.osRtxMessageQueuePostProcess  BUILD/NUCLEO_F429ZI/ARMC6/mbed-os/cmsis/CMSIS_5/CMSIS/RTOS2/RTX/Source/rtx_msgqueue.o
    0x080084a4   0x0000004a   Code   RO          387    .text.osRtxMutexOwnerRelease  BUILD/NUCLEO_F429ZI/ARMC6/mbed-os/cmsis/CMSIS_5/CMSIS/RTOS2/RTX/Source/rtx_mutex.o
    0x080084ee   0x00000002   PAD
    0x080084f0   0x0000004a   Code   RO          389    .text.osRtxMutexOwnerRestore  BUILD/NUCLEO_F429ZI/ARMC6/mbed-os/cmsis/CMSIS_5/CMSIS/RTOS2/RTX/Source/rtx_mutex.o
    0x0800853a   0x00000002   PAD
    0x0800853c   0x000000a4   Code   RO          447    .text.osRtxPendSV_Handler  BUILD/NUCLEO_F429ZI/ARMC6/mbed-os/cmsis/CMSIS_5/CMSIS/RTOS2/RTX/Source/rtx_system.o
    0x080085e0   0x00000076   Code   RO          449    .text.osRtxPostProcess  BUILD/NUCLEO_F429ZI/ARMC6/mbed-os/cmsis/CMSIS_5/CMSIS/RTOS2/RTX/Source/rtx_system.o
    0x08008656   0x00000036   Code   RO          433    .text.osRtxSemaphorePostProcess  BUILD/NUCLEO_F429ZI/ARMC6/mbed-os/cmsis/CMSIS_5/CMSIS/RTOS2/RTX/Source/rtx_semaphore.o
    0x0800868c   0x000000a2   Code   RO          479    .text.osRtxThreadDelayInsert  BUILD/NUCLEO_F429ZI/ARMC6/mbed-os/cmsis/CMSIS_5/CMSIS/RTOS2/RTX/Source/rtx_thread.o
    0x0800872e   0x00000042   Code   RO          475    .text.osRtxThreadDelayRemove  BUILD/NUCLEO_F429ZI/ARMC6/mbed-os/cmsis/CMSIS_5/CMSIS/RTOS2/RTX/Source/rtx_thread.o
    0x08008770   0x000000a2   Code   RO          463    .text.osRtxThreadDelayTick  BUILD/NUCLEO_F429ZI/ARMC6/mbed-os/cmsis/CMSIS_5/CMSIS/RTOS2/RTX/Source/rtx_thread.o
    0x08008812   0x00000002   PAD
    0x08008814   0x000000fe   Code   RO          471    .text.osRtxThreadDispatch  BUILD/NUCLEO_F429ZI/ARMC6/mbed-os/cmsis/CMSIS_5/CMSIS/RTOS2/RTX/Source/rtx_thread.o
    0x08008912   0x00000064   Code   RO          553    .text.osRtxThreadFree  BUILD/NUCLEO_F429ZI/ARMC6/mbed-os/cmsis/CMSIS_5/CMSIS/RTOS2/RTX/Source/rtx_thread.o
    0x08008976   0x00000012   Code   RO          455    .text.osRtxThreadListGet  BUILD/NUCLEO_F429ZI/ARMC6/mbed-os/cmsis/CMSIS_5/CMSIS/RTOS2/RTX/Source/rtx_thread.o
    0x08008988   0x0000002a   Code   RO          453    .text.osRtxThreadListPut  BUILD/NUCLEO_F429ZI/ARMC6/mbed-os/cmsis/CMSIS_5/CMSIS/RTOS2/RTX/Source/rtx_thread.o
    0x080089b2   0x00000014   Code   RO          459    .text.osRtxThreadListRemove  BUILD/NUCLEO_F429ZI/ARMC6/mbed-os/cmsis/CMSIS_5/CMSIS/RTOS2/RTX/Source/rtx_thread.o
    0x080089c6   0x00000002   PAD
    0x080089c8   0x00000046   Code   RO          457    .text.osRtxThreadListSort  BUILD/NUCLEO_F429ZI/ARMC6/mbed-os/cmsis/CMSIS_5/CMSIS/RTOS2/RTX/Source/rtx_thread.o
    0x08008a0e   0x0000002a   Code   RO          529    .text.osRtxThreadPostProcess  BUILD/NUCLEO_F429ZI/ARMC6/mbed-os/cmsis/CMSIS_5/CMSIS/RTOS2/RTX/Source/rtx_thread.o
    0x08008a38   0x0000003a   Code   RO          461    .text.osRtxThreadReadyPut  BUILD/NUCLEO_F429ZI/ARMC6/mbed-os/cmsis/CMSIS_5/CMSIS/RTOS2/RTX/Source/rtx_thread.o
    0x08008a72   0x00000014   Code   RO          465    .text.osRtxThreadRegPtr  BUILD/NUCLEO_F429ZI/ARMC6/mbed-os/cmsis/CMSIS_5/CMSIS/RTOS2/RTX/Source/rtx_thread.o
    0x08008a86   0x0000002a   Code   RO          469    .text.osRtxThreadStackCheck  BUILD/NUCLEO_F429ZI/ARMC6/mbed-os/cmsis/CMSIS_5/CMSIS/RTOS2/RTX/Source/rtx_thread.o
    0x08008ab0   0x00000046   Code   RO          481    .text.osRtxThreadStartup  BUILD/NUCLEO_F429ZI/ARMC6/mbed-os/cmsis/CMSIS_5/CMSIS/RTOS2/RTX/Source/rtx_thread.o
    0x08008af6   0x00000012   Code   RO          467    .text.osRtxThreadSwitch  BUILD/NUCLEO_F429ZI/ARMC6/mbed-os/cmsis/CMSIS_5/CMSIS/RTOS2/RTX/Source/rtx_thread.o
    0x08008b08   0x0000004c   Code   RO          477    .text.osRtxThreadWaitEnter  BUILD/NUCLEO_F429ZI/ARMC6/mbed-os/cmsis/CMSIS_5/CMSIS/RTOS2/RTX/Source/rtx_thread.o
    0x08008b54   0x00000062   Code   RO          473    .text.osRtxThreadWaitExit  BUILD/NUCLEO_F429ZI/ARMC6/mbed-os/cmsis/CMSIS_5/CMSIS/RTOS2/RTX/Source/rtx_thread.o
    0x08008bb6   0x00000074   Code   RO          445    .text.osRtxTick_Handler  BUILD/NUCLEO_F429ZI/ARMC6/mbed-os/cmsis/CMSIS_5/CMSIS/RTOS2/RTX/Source/rtx_system.o
    0x08008c2a   0x00000002   PAD
    0x08008c2c   0x00000044   Code   RO          575    .text.osRtxTimerThread  BUILD/NUCLEO_F429ZI/ARMC6/mbed-os/cmsis/CMSIS_5/CMSIS/RTOS2/RTX/Source/rtx_timer.o
    0x08008c70   0x0000005a   Code   RO          577    .text.osRtxTimerTick  BUILD/NUCLEO_F429ZI/ARMC6/mbed-os/cmsis/CMSIS_5/CMSIS/RTOS2/RTX/Source/rtx_timer.o
    0x08008cca   0x0000002e   Code   RO          429    .text.osSemaphoreDelete  BUILD/NUCLEO_F429ZI/ARMC6/mbed-os/cmsis/CMSIS_5/CMSIS/RTOS2/RTX/Source/rtx_semaphore.o
    0x08008cf8   0x00000032   Code   RO          417    .text.osSemaphoreNew  BUILD/NUCLEO_F429ZI/ARMC6/mbed-os/cmsis/CMSIS_5/CMSIS/RTOS2/RTX/Source/rtx_semaphore.o
    0x08008d2a   0x00000076   Code   RO          423    .text.osSemaphoreRelease  BUILD/NUCLEO_F429ZI/ARMC6/mbed-os/cmsis/CMSIS_5/CMSIS/RTOS2/RTX/Source/rtx_semaphore.o
    0x08008da0   0x0000001a   Code   RO          513    .text.osThreadExit  BUILD/NUCLEO_F429ZI/ARMC6/mbed-os/cmsis/CMSIS_5/CMSIS/RTOS2/RTX/Source/rtx_thread.o
    0x08008dba   0x00000066   Code   RO          521    .text.osThreadFlagsSet  BUILD/NUCLEO_F429ZI/ARMC6/mbed-os/cmsis/CMSIS_5/CMSIS/RTOS2/RTX/Source/rtx_thread.o
    0x08008e20   0x00000030   Code   RO          527    .text.osThreadFlagsWait  BUILD/NUCLEO_F429ZI/ARMC6/mbed-os/cmsis/CMSIS_5/CMSIS/RTOS2/RTX/Source/rtx_thread.o
    0x08008e50   0x0000002a   Code   RO          489    .text.osThreadGetId  BUILD/NUCLEO_F429ZI/ARMC6/mbed-os/cmsis/CMSIS_5/CMSIS/RTOS2/RTX/Source/rtx_thread.o
    0x08008e7a   0x00000032   Code   RO          485    .text.osThreadNew   BUILD/NUCLEO_F429ZI/ARMC6/mbed-os/cmsis/CMSIS_5/CMSIS/RTOS2/RTX/Source/rtx_thread.o
    0x08008eac   0x00000038   Code   RO          515    .text.osThreadTerminate  BUILD/NUCLEO_F429ZI/ARMC6/mbed-os/cmsis/CMSIS_5/CMSIS/RTOS2/RTX/Source/rtx_thread.o
    0x08008ee4   0x00000128   Code   RO        28537    .text.pin_function  BUILD/NUCLEO_F429ZI/ARMC6/mbed-os/targets/TARGET_STM/pinmap.o
    0x0800900c   0x00000088   Code   RO        28539    .text.pin_mode      BUILD/NUCLEO_F429ZI/ARMC6/mbed-os/targets/TARGET_STM/pinmap.o
    0x08009094   0x00000170   Code   RO        22723    .text.print_context_info  BUILD/NUCLEO_F429ZI/ARMC6/mbed-os/platform/source/TARGET_CORTEX_M/mbed_fault_handler.o
    0x08009204   0x000001f0   Code   RO        22866    .text.print_error_report  BUILD/NUCLEO_F429ZI/ARMC6/mbed-os/platform/source/mbed_error.o
    0x080093f4   0x00000038   Code   RO        28762    .text.restore_timer_ctx  BUILD/NUCLEO_F429ZI/ARMC6/mbed-os/targets/TARGET_STM/us_ticker.o
    0x0800942c   0x0000000e   Code   RO          719    .text.rtos_idle_loop  BUILD/NUCLEO_F429ZI/ARMC6/mbed-os/cmsis/device/rtos/source/mbed_rtx_idle.o
    0x0800943a   0x00000038   Code   RO        28760    .text.save_timer_ctx  BUILD/NUCLEO_F429ZI/ARMC6/mbed-os/targets/TARGET_STM/us_ticker.o
    0x08009472   0x00000002   PAD
    0x08009474   0x00000138   Code   RO        22221    .text.schedule_interrupt  BUILD/NUCLEO_F429ZI/ARMC6/mbed-os/hal/source/mbed_ticker_api.o
    0x080095ac   0x00000018   Code   RO        28639    .text.serial_baud   BUILD/NUCLEO_F429ZI/ARMC6/mbed-os/targets/TARGET_STM/serial_api.o
    0x080095c4   0x00000042   Code   RO        28155    .text.serial_getc   BUILD/NUCLEO_F429ZI/ARMC6/mbed-os/targets/TARGET_STM/TARGET_STM32F4/serial_device.o
    0x08009606   0x00000002   PAD
    0x08009608   0x00000240   Code   RO        28629    .text.serial_init_direct  BUILD/NUCLEO_F429ZI/ARMC6/mbed-os/targets/TARGET_STM/serial_api.o
    0x08009848   0x000000ca   Code   RO        28661    .text.serial_is_tx_ongoing  BUILD/NUCLEO_F429ZI/ARMC6/mbed-os/targets/TARGET_STM/serial_api.o
    0x08009912   0x00000002   PAD
    0x08009914   0x0000002a   Code   RO        28157    .text.serial_putc   BUILD/NUCLEO_F429ZI/ARMC6/mbed-os/targets/TARGET_STM/TARGET_STM32F4/serial_device.o
    0x0800993e   0x00000032   Code   RO        28653    .text.serial_readable  BUILD/NUCLEO_F429ZI/ARMC6/mbed-os/targets/TARGET_STM/serial_api.o
    0x08009970   0x0000001a   Code   RO        28655    .text.serial_writable  BUILD/NUCLEO_F429ZI/ARMC6/mbed-os/targets/TARGET_STM/serial_api.o
    0x0800998a   0x00000002   PAD
    0x0800998c   0x00000060   Code   RO        22995    .text.sleep_manager_lock_deep_sleep_internal  BUILD/NUCLEO_F429ZI/ARMC6/mbed-os/platform/source/mbed_power_mgmt.o
    0x080099ec   0x00000024   Code   RO        23003    .text.sleep_manager_sleep_auto  BUILD/NUCLEO_F429ZI/ARMC6/mbed-os/platform/source/mbed_power_mgmt.o
    0x08009a10   0x00000064   Code   RO        22997    .text.sleep_manager_unlock_deep_sleep_internal  BUILD/NUCLEO_F429ZI/ARMC6/mbed-os/platform/source/mbed_power_mgmt.o
    0x08009a74   0x00000014   Code   RO          143    .text.svcRtxDelay   BUILD/NUCLEO_F429ZI/ARMC6/mbed-os/cmsis/CMSIS_5/CMSIS/RTOS2/RTX/Source/rtx_delay.o
    0x08009a88   0x00000080   Code   RO          167    .text.svcRtxEventFlagsNew  BUILD/NUCLEO_F429ZI/ARMC6/mbed-os/cmsis/CMSIS_5/CMSIS/RTOS2/RTX/Source/rtx_evflags.o
    0x08009b08   0x00000088   Code   RO          175    .text.svcRtxEventFlagsSet  BUILD/NUCLEO_F429ZI/ARMC6/mbed-os/cmsis/CMSIS_5/CMSIS/RTOS2/RTX/Source/rtx_evflags.o
    0x08009b90   0x00000068   Code   RO          177    .text.svcRtxEventFlagsWait  BUILD/NUCLEO_F429ZI/ARMC6/mbed-os/cmsis/CMSIS_5/CMSIS/RTOS2/RTX/Source/rtx_evflags.o
    0x08009bf8   0x0000000c   Code   RO          221    .text.svcRtxKernelGetState  BUILD/NUCLEO_F429ZI/ARMC6/mbed-os/cmsis/CMSIS_5/CMSIS/RTOS2/RTX/Source/rtx_kernel.o
    0x08009c04   0x0000000c   Code   RO          237    .text.svcRtxKernelGetTickCount  BUILD/NUCLEO_F429ZI/ARMC6/mbed-os/cmsis/CMSIS_5/CMSIS/RTOS2/RTX/Source/rtx_kernel.o
    0x08009c10   0x0000015a   Code   RO          251    .text.svcRtxKernelInitialize  BUILD/NUCLEO_F429ZI/ARMC6/mbed-os/cmsis/CMSIS_5/CMSIS/RTOS2/RTX/Source/rtx_kernel.o
    0x08009d6a   0x000000a4   Code   RO          253    .text.svcRtxKernelStart  BUILD/NUCLEO_F429ZI/ARMC6/mbed-os/cmsis/CMSIS_5/CMSIS/RTOS2/RTX/Source/rtx_kernel.o
    0x08009e0e   0x000000f6   Code   RO          379    .text.svcRtxMessageQueueGet  BUILD/NUCLEO_F429ZI/ARMC6/mbed-os/cmsis/CMSIS_5/CMSIS/RTOS2/RTX/Source/rtx_msgqueue.o
    0x08009f04   0x00000158   Code   RO          367    .text.svcRtxMessageQueueNew  BUILD/NUCLEO_F429ZI/ARMC6/mbed-os/cmsis/CMSIS_5/CMSIS/RTOS2/RTX/Source/rtx_msgqueue.o
    0x0800a05c   0x000000c0   Code   RO          375    .text.svcRtxMessageQueuePut  BUILD/NUCLEO_F429ZI/ARMC6/mbed-os/cmsis/CMSIS_5/CMSIS/RTOS2/RTX/Source/rtx_msgqueue.o
    0x0800a11c   0x000000b0   Code   RO          407    .text.svcRtxMutexAcquire  BUILD/NUCLEO_F429ZI/ARMC6/mbed-os/cmsis/CMSIS_5/CMSIS/RTOS2/RTX/Source/rtx_mutex.o
    0x0800a1cc   0x000000be   Code   RO          413    .text.svcRtxMutexDelete  BUILD/NUCLEO_F429ZI/ARMC6/mbed-os/cmsis/CMSIS_5/CMSIS/RTOS2/RTX/Source/rtx_mutex.o
    0x0800a28a   0x00000078   Code   RO          403    .text.svcRtxMutexNew  BUILD/NUCLEO_F429ZI/ARMC6/mbed-os/cmsis/CMSIS_5/CMSIS/RTOS2/RTX/Source/rtx_mutex.o
    0x0800a302   0x000000d8   Code   RO          409    .text.svcRtxMutexRelease  BUILD/NUCLEO_F429ZI/ARMC6/mbed-os/cmsis/CMSIS_5/CMSIS/RTOS2/RTX/Source/rtx_mutex.o
    0x0800a3da   0x00000002   PAD
    0x0800a3dc   0x0000006c   Code   RO          441    .text.svcRtxSemaphoreDelete  BUILD/NUCLEO_F429ZI/ARMC6/mbed-os/cmsis/CMSIS_5/CMSIS/RTOS2/RTX/Source/rtx_semaphore.o
    0x0800a448   0x000000a0   Code   RO          431    .text.svcRtxSemaphoreNew  BUILD/NUCLEO_F429ZI/ARMC6/mbed-os/cmsis/CMSIS_5/CMSIS/RTOS2/RTX/Source/rtx_semaphore.o
    0x0800a4e8   0x00000066   Code   RO          439    .text.svcRtxSemaphoreRelease  BUILD/NUCLEO_F429ZI/ARMC6/mbed-os/cmsis/CMSIS_5/CMSIS/RTOS2/RTX/Source/rtx_semaphore.o
    0x0800a54e   0x00000072   Code   RO          557    .text.svcRtxThreadExit  BUILD/NUCLEO_F429ZI/ARMC6/mbed-os/cmsis/CMSIS_5/CMSIS/RTOS2/RTX/Source/rtx_thread.o
    0x0800a5c0   0x0000008e   Code   RO          565    .text.svcRtxThreadFlagsSet  BUILD/NUCLEO_F429ZI/ARMC6/mbed-os/cmsis/CMSIS_5/CMSIS/RTOS2/RTX/Source/rtx_thread.o
    0x0800a64e   0x0000006e   Code   RO          571    .text.svcRtxThreadFlagsWait  BUILD/NUCLEO_F429ZI/ARMC6/mbed-os/cmsis/CMSIS_5/CMSIS/RTOS2/RTX/Source/rtx_thread.o
    0x0800a6bc   0x0000000c   Code   RO          491    .text.svcRtxThreadGetId  BUILD/NUCLEO_F429ZI/ARMC6/mbed-os/cmsis/CMSIS_5/CMSIS/RTOS2/RTX/Source/rtx_thread.o
    0x0800a6c8   0x0000021e   Code   RO          483    .text.svcRtxThreadNew  BUILD/NUCLEO_F429ZI/ARMC6/mbed-os/cmsis/CMSIS_5/CMSIS/RTOS2/RTX/Source/rtx_thread.o
    0x0800a8e6   0x000000f2   Code   RO          559    .text.svcRtxThreadTerminate  BUILD/NUCLEO_F429ZI/ARMC6/mbed-os/cmsis/CMSIS_5/CMSIS/RTOS2/RTX/Source/rtx_thread.o
    0x0800a9d8   0x00000004   Code   RO        22888    .text.system_reset  BUILD/NUCLEO_F429ZI/ARMC6/mbed-os/platform/source/mbed_error.o
    0x0800a9dc   0x00000062   Code   RO        22217    .text.ticker_irq_handler  BUILD/NUCLEO_F429ZI/ARMC6/mbed-os/hal/source/mbed_ticker_api.o
    0x0800aa3e   0x0000002a   Code   RO        28744    .text.timer_irq_handler  BUILD/NUCLEO_F429ZI/ARMC6/mbed-os/targets/TARGET_STM/us_ticker.o
    0x0800aa68   0x0000002a   Code   RO          689    .text.trap_rtx_error  BUILD/NUCLEO_F429ZI/ARMC6/mbed-os/cmsis/device/rtos/source/mbed_rtx_handlers.o
    0x0800aa92   0x00000086   Code   RO        22219    .text.update_present_time  BUILD/NUCLEO_F429ZI/ARMC6/mbed-os/hal/source/mbed_ticker_api.o
    0x0800ab18   0x00000012   Code   RO        28758    .text.us_ticker_clear_interrupt  BUILD/NUCLEO_F429ZI/ARMC6/mbed-os/targets/TARGET_STM/us_ticker.o
    0x0800ab2a   0x00000014   Code   RO        28756    .text.us_ticker_disable_interrupt  BUILD/NUCLEO_F429ZI/ARMC6/mbed-os/targets/TARGET_STM/us_ticker.o
    0x0800ab3e   0x00000022   Code   RO        28754    .text.us_ticker_fire_interrupt  BUILD/NUCLEO_F429ZI/ARMC6/mbed-os/targets/TARGET_STM/us_ticker.o
    0x0800ab60   0x0000000a   Code   RO        28742    .text.us_ticker_get_info  BUILD/NUCLEO_F429ZI/ARMC6/mbed-os/targets/TARGET_STM/us_ticker.o
    0x0800ab6a   0x00000018   Code   RO        28748    .text.us_ticker_init  BUILD/NUCLEO_F429ZI/ARMC6/mbed-os/targets/TARGET_STM/us_ticker.o
    0x0800ab82   0x00000018   Code   RO        22249    .text.us_ticker_irq_handler  BUILD/NUCLEO_F429ZI/ARMC6/mbed-os/hal/source/mbed_us_ticker_api.o
    0x0800ab9a   0x0000000c   Code   RO        28750    .text.us_ticker_read  BUILD/NUCLEO_F429ZI/ARMC6/mbed-os/targets/TARGET_STM/us_ticker.o
    0x0800aba6   0x0000001c   Code   RO        28752    .text.us_ticker_set_interrupt  BUILD/NUCLEO_F429ZI/ARMC6/mbed-os/targets/TARGET_STM/us_ticker.o
    0x0800abc2   0x00000032   Code   RO        23052    .text.write         BUILD/NUCLEO_F429ZI/ARMC6/mbed-os/platform/source/mbed_retarget.o
    0x0800abf4   0x0000003e   Code   RO        29537    CL$$btod_d2e        c:\Users\jackj\AppData\Local\Mbed Studio\mbed-studio-tools\ac6\bin\..\lib\armlib\c_w.l(btod.o)
    0x0800ac32   0x00000046   Code   RO        29539    CL$$btod_d2e_denorm_low  c:\Users\jackj\AppData\Local\Mbed Studio\mbed-studio-tools\ac6\bin\..\lib\armlib\c_w.l(btod.o)
    0x0800ac78   0x00000060   Code   RO        29538    CL$$btod_d2e_norm_op1  c:\Users\jackj\AppData\Local\Mbed Studio\mbed-studio-tools\ac6\bin\..\lib\armlib\c_w.l(btod.o)
    0x0800acd8   0x00000338   Code   RO        29547    CL$$btod_div_common  c:\Users\jackj\AppData\Local\Mbed Studio\mbed-studio-tools\ac6\bin\..\lib\armlib\c_w.l(btod.o)
    0x0800b010   0x000000dc   Code   RO        29544    CL$$btod_e2e        c:\Users\jackj\AppData\Local\Mbed Studio\mbed-studio-tools\ac6\bin\..\lib\armlib\c_w.l(btod.o)
    0x0800b0ec   0x0000002a   Code   RO        29541    CL$$btod_ediv       c:\Users\jackj\AppData\Local\Mbed Studio\mbed-studio-tools\ac6\bin\..\lib\armlib\c_w.l(btod.o)
    0x0800b116   0x0000002a   Code   RO        29540    CL$$btod_emul       c:\Users\jackj\AppData\Local\Mbed Studio\mbed-studio-tools\ac6\bin\..\lib\armlib\c_w.l(btod.o)
    0x0800b140   0x00000244   Code   RO        29546    CL$$btod_mult_common  c:\Users\jackj\AppData\Local\Mbed Studio\mbed-studio-tools\ac6\bin\..\lib\armlib\c_w.l(btod.o)
    0x0800b384   0x00000030   Code   RO        29640    i.__ARM_fpclassify  c:\Users\jackj\AppData\Local\Mbed Studio\mbed-studio-tools\ac6\bin\..\lib\armlib\m_wm.l(fpclassify.o)
    0x0800b3b4   0x0000000e   Code   RO        28954    i._is_digit         c:\Users\jackj\AppData\Local\Mbed Studio\mbed-studio-tools\ac6\bin\..\lib\armlib\c_w.l(__printf_wp.o)
    0x0800b3c2   0x0000001a   Code   RO        29001    i.fputc             c:\Users\jackj\AppData\Local\Mbed Studio\mbed-studio-tools\ac6\bin\..\lib\armlib\c_w.l(fputc.o)
    0x0800b3dc   0x0000002c   Code   RO        29367    locale$$code        c:\Users\jackj\AppData\Local\Mbed Studio\mbed-studio-tools\ac6\bin\..\lib\armlib\c_w.l(lc_ctype_c.o)
    0x0800b408   0x0000002c   Code   RO        29588    locale$$code        c:\Users\jackj\AppData\Local\Mbed Studio\mbed-studio-tools\ac6\bin\..\lib\armlib\c_w.l(lc_numeric_c.o)
    0x0800b434   0x0000000c   Code   RO        29444    x$fpl$dretinf       c:\Users\jackj\AppData\Local\Mbed Studio\mbed-studio-tools\ac6\bin\..\lib\armlib\fz_wm.l(dretinf.o)
    0x0800b440   0x00000056   Code   RO        29138    x$fpl$f2d           c:\Users\jackj\AppData\Local\Mbed Studio\mbed-studio-tools\ac6\bin\..\lib\armlib\fz_wm.l(f2d.o)
    0x0800b496   0x0000008c   Code   RO        29446    x$fpl$fnaninf       c:\Users\jackj\AppData\Local\Mbed Studio\mbed-studio-tools\ac6\bin\..\lib\armlib\fz_wm.l(fnaninf.o)
    0x0800b522   0x0000001a   Code   RO        29628    x$fpl$fpinit        c:\Users\jackj\AppData\Local\Mbed Studio\mbed-studio-tools\ac6\bin\..\lib\armlib\fz_wm.l(fpinit.o)
    0x0800b53c   0x00000004   Code   RO        29142    x$fpl$printf1       c:\Users\jackj\AppData\Local\Mbed Studio\mbed-studio-tools\ac6\bin\..\lib\armlib\fz_wm.l(printf1.o)
    0x0800b540   0x00000004   Code   RO        29448    x$fpl$printf2       c:\Users\jackj\AppData\Local\Mbed Studio\mbed-studio-tools\ac6\bin\..\lib\armlib\fz_wm.l(printf2.o)
    0x0800b544   0x00000000   Code   RO        29456    x$fpl$usenofp       c:\Users\jackj\AppData\Local\Mbed Studio\mbed-studio-tools\ac6\bin\..\lib\armlib\fz_wm.l(usenofp.o)
    0x0800b544   0x00000008   Data   RO        28915    .constdata          c:\Users\jackj\AppData\Local\Mbed Studio\mbed-studio-tools\ac6\bin\..\lib\armlib\c_w.l(_printf_wctomb.o)
    0x0800b54c   0x00000028   Data   RO        28942    .constdata          c:\Users\jackj\AppData\Local\Mbed Studio\mbed-studio-tools\ac6\bin\..\lib\armlib\c_w.l(_printf_hex_int_ll_ptr.o)
    0x0800b574   0x00000011   Data   RO        28962    .constdata          c:\Users\jackj\AppData\Local\Mbed Studio\mbed-studio-tools\ac6\bin\..\lib\armlib\c_w.l(__printf_flags_ss_wp.o)
    0x0800b585   0x00000026   Data   RO        29514    .constdata          c:\Users\jackj\AppData\Local\Mbed Studio\mbed-studio-tools\ac6\bin\..\lib\armlib\c_w.l(_printf_fp_hex.o)
    0x0800b5ab   0x00000001   PAD
    0x0800b5ac   0x00000094   Data   RO        29535    .constdata          c:\Users\jackj\AppData\Local\Mbed Studio\mbed-studio-tools\ac6\bin\..\lib\armlib\c_w.l(bigflt0.o)
    0x0800b640   0x000000a0   Data   RO          275    .rodata             BUILD/NUCLEO_F429ZI/ARMC6/mbed-os/cmsis/CMSIS_5/CMSIS/RTOS2/RTX/Source/rtx_lib.o
    0x0800b6e0   0x00000010   Data   RO          677    .rodata..L__const.mbed_rtos_init_singleton_mutex.singleton_mutex_attr  BUILD/NUCLEO_F429ZI/ARMC6/mbed-os/cmsis/device/rtos/source/mbed_rtos_rtx.o
    0x0800b6f0   0x0000002c   Data   RO           66    .rodata..Lconstinit  BUILD/NUCLEO_F429ZI/ARMC6/main.o
    0x0800b71c   0x0000002c   Data   RO           67    .rodata..Lconstinit.2  BUILD/NUCLEO_F429ZI/ARMC6/main.o
    0x0800b748   0x00000fa0   Data   RO           69    .rodata..Lconstinit.4  BUILD/NUCLEO_F429ZI/ARMC6/main.o
    0x0800c6e8   0x00000fa0   Data   RO           70    .rodata..Lconstinit.5  BUILD/NUCLEO_F429ZI/ARMC6/main.o
    0x0800d688   0x00000fa0   Data   RO           71    .rodata..Lconstinit.6  BUILD/NUCLEO_F429ZI/ARMC6/main.o
    0x0800e628   0x00000fa0   Data   RO           73    .rodata..Lconstinit.8  BUILD/NUCLEO_F429ZI/ARMC6/main.o
    0x0800f5c8   0x00000fa0   Data   RO           74    .rodata..Lconstinit.9  BUILD/NUCLEO_F429ZI/ARMC6/main.o
    0x08010568   0x00000010   Data   RO        28051    .rodata.AHBPrescTable  BUILD/NUCLEO_F429ZI/ARMC6/mbed-os/targets/TARGET_STM/TARGET_STM32F4/STM32Cube_FW/system_stm32f4xx.o
    0x08010578   0x00000008   Data   RO        28052    .rodata.APBPrescTable  BUILD/NUCLEO_F429ZI/ARMC6/mbed-os/targets/TARGET_STM/TARGET_STM32F4/STM32Cube_FW/system_stm32f4xx.o
    0x08010580   0x00000044   Data   RO         2988    .rodata._ZTV10STM32_EMAC  BUILD/NUCLEO_F429ZI/ARMC6/mbed-os/connectivity/drivers/emac/TARGET_STM/stm32xx_emac.o
    0x080105c4   0x00000050   Data   RO        23176    .rodata._ZTV12DirectSerial  BUILD/NUCLEO_F429ZI/ARMC6/mbed-os/platform/source/mbed_retarget.o
    0x08010614   0x00000010   Data   RO        23478    .rodata._ZTVN4rtos6ThreadE  BUILD/NUCLEO_F429ZI/ARMC6/mbed-os/rtos/source/Thread.o
    0x08010624   0x00000018   Data   RO        23186    .rodata._ZZL15default_consolevE14console_pinmap  BUILD/NUCLEO_F429ZI/ARMC6/mbed-os/platform/source/mbed_retarget.o
    0x0801063c   0x00000008   Data   RO        23172    .rodata.__stderr_name  BUILD/NUCLEO_F429ZI/ARMC6/mbed-os/platform/source/mbed_retarget.o
    0x08010644   0x00000007   Data   RO        23170    .rodata.__stdin_name  BUILD/NUCLEO_F429ZI/ARMC6/mbed-os/platform/source/mbed_retarget.o
    0x0801064b   0x00000008   Data   RO        23171    .rodata.__stdout_name  BUILD/NUCLEO_F429ZI/ARMC6/mbed-os/platform/source/mbed_retarget.o
    0x08010653   0x00000001   PAD
    0x08010654   0x00000010   Data   RO           76    .rodata.cst16       BUILD/NUCLEO_F429ZI/ARMC6/main.o
    0x08010664   0x00000040   Data   RO        28541    .rodata.ll_pin_defines  BUILD/NUCLEO_F429ZI/ARMC6/mbed-os/targets/TARGET_STM/pinmap.o
    0x080106a4   0x00000004   Data   RO          277    .rodata.osRtxUserSVC  BUILD/NUCLEO_F429ZI/ARMC6/mbed-os/cmsis/CMSIS_5/CMSIS/RTOS2/RTX/Source/rtx_lib.o
    0x080106a8   0x00000024   Data   RO          272    .rodata.os_idle_thread_attr  BUILD/NUCLEO_F429ZI/ARMC6/mbed-os/cmsis/CMSIS_5/CMSIS/RTOS2/RTX/Source/rtx_lib.o
    0x080106cc   0x00000018   Data   RO          274    .rodata.os_timer_mq_attr  BUILD/NUCLEO_F429ZI/ARMC6/mbed-os/cmsis/CMSIS_5/CMSIS/RTOS2/RTX/Source/rtx_lib.o
    0x080106e4   0x00000024   Data   RO          273    .rodata.os_timer_thread_attr  BUILD/NUCLEO_F429ZI/ARMC6/mbed-os/cmsis/CMSIS_5/CMSIS/RTOS2/RTX/Source/rtx_lib.o
    0x08010708   0x00000008   Data   RO           57    .rodata.str1.1      BUILD/NUCLEO_F429ZI/ARMC6/Matrix_Deploy.o
    0x08010710   0x00000013   Data   RO          278    .rodata.str1.1      BUILD/NUCLEO_F429ZI/ARMC6/mbed-os/cmsis/CMSIS_5/CMSIS/RTOS2/RTX/Source/rtx_lib.o
    0x08010723   0x00000010   Data   RO          675    .rodata.str1.1      BUILD/NUCLEO_F429ZI/ARMC6/mbed-os/cmsis/device/rtos/source/mbed_rtos_rtx.o
    0x08010733   0x00000138   Data   RO          712    .rodata.str1.1      BUILD/NUCLEO_F429ZI/ARMC6/mbed-os/cmsis/device/rtos/source/mbed_rtx_handlers.o
    0x0801086b   0x0000003b   Data   RO         1516    .rodata.str1.1      BUILD/NUCLEO_F429ZI/ARMC6/mbed-os/connectivity/cellular/source/framework/device/CellularStateMachine.o
    0x080108a6   0x00000056   Data   RO        18957    .rodata.str1.1      BUILD/NUCLEO_F429ZI/ARMC6/mbed-os/connectivity/netsocket/source/nsapi_dns.o
    0x080108fc   0x0000003e   Data   RO        21530    .rodata.str1.1      BUILD/NUCLEO_F429ZI/ARMC6/mbed-os/events/source/mbed_shared_queues.o
    0x0801093a   0x000000c8   Data   RO        22727    .rodata.str1.1      BUILD/NUCLEO_F429ZI/ARMC6/mbed-os/platform/source/TARGET_CORTEX_M/mbed_fault_handler.o
    0x08010a02   0x000001a4   Data   RO        22913    .rodata.str1.1      BUILD/NUCLEO_F429ZI/ARMC6/mbed-os/platform/source/mbed_error.o
    0x08010ba6   0x00000063   Data   RO        23180    .rodata.str1.1      BUILD/NUCLEO_F429ZI/ARMC6/mbed-os/platform/source/mbed_retarget.o
    0x08010c09   0x00000012   Data   RO        23370    .rodata.str1.1      BUILD/NUCLEO_F429ZI/ARMC6/mbed-os/rtos/source/Mutex.o
    0x08010c1b   0x0000001b   Data   RO        23477    .rodata.str1.1      BUILD/NUCLEO_F429ZI/ARMC6/mbed-os/rtos/source/Thread.o
    0x08010c36   0x0000002a   Data   RO        28664    .rodata.str1.1      BUILD/NUCLEO_F429ZI/ARMC6/mbed-os/targets/TARGET_STM/serial_api.o
    0x08010c60   0x0000000b   Data   RO          265    .rodata.str1.4      BUILD/NUCLEO_F429ZI/ARMC6/mbed-os/cmsis/CMSIS_5/CMSIS/RTOS2/RTX/Source/rtx_kernel.o
    0x08010c6b   0x00000001   PAD
    0x08010c6c   0x00000008   Data   RO        22253    .rodata.us_data     BUILD/NUCLEO_F429ZI/ARMC6/mbed-os/hal/source/mbed_us_ticker_api.o
    0x08010c74   0x00000024   Data   RO        22255    .rodata.us_interface  BUILD/NUCLEO_F429ZI/ARMC6/mbed-os/hal/source/mbed_us_ticker_api.o
    0x08010c98   0x00000008   Data   RO        28766    .rodata.us_ticker_get_info.info  BUILD/NUCLEO_F429ZI/ARMC6/mbed-os/targets/TARGET_STM/us_ticker.o
    0x08010ca0   0x00000020   Data   RO        29759    Region$$Table       anon$$obj.o
    0x08010cc0   0x00000110   Data   RO        29366    locale$$data        c:\Users\jackj\AppData\Local\Mbed Studio\mbed-studio-tools\ac6\bin\..\lib\armlib\c_w.l(lc_ctype_c.o)
    0x08010dd0   0x0000001c   Data   RO        29587    locale$$data        c:\Users\jackj\AppData\Local\Mbed Studio\mbed-studio-tools\ac6\bin\..\lib\armlib\c_w.l(lc_numeric_c.o)
    0x08010dec   0x00000004   Data   RO           77    .init_array         BUILD/NUCLEO_F429ZI/ARMC6/main.o
    0x08010df0   0x00000000   Data   RO        29109    .init_array         c:\Users\jackj\AppData\Local\Mbed Studio\mbed-studio-tools\ac6\bin\..\lib\armlib\c_w.l(init_aeabi.o)


    Execution Region RW_IRAM2 (Base: 0x10000000, Size: 0x00000000, Max: 0x00010000, ABSOLUTE)

    **** No section assigned to this execution region ****


    Execution Region RW_m_crash_data (Base: 0x200001b0, Size: 0x00000100, Max: 0x00000100, ABSOLUTE)

    Base Addr    Size         Type   Attr      Idx    E Section Name        Object

    0x200001b0   0x00000100   Zero   RW            1    RW_m_crash_data.bss  anon$$obj.o


    Execution Region RW_IRAM1 (Base: 0x200002b0, Size: 0x00005f30, Max: 0x0002fd50, ABSOLUTE)

    Base Addr    Size         Type   Attr      Idx    E Section Name        Object

    0x200002b0   0x00000004   Data   RW        29025    .data               c:\Users\jackj\AppData\Local\Mbed Studio\mbed-studio-tools\ac6\bin\..\lib\armlib\c_w.l(stdio_streams.o)
    0x200002b4   0x00000004   Data   RW        29026    .data               c:\Users\jackj\AppData\Local\Mbed Studio\mbed-studio-tools\ac6\bin\..\lib\armlib\c_w.l(stdio_streams.o)
    0x200002b8   0x00000004   Data   RW        29027    .data               c:\Users\jackj\AppData\Local\Mbed Studio\mbed-studio-tools\ac6\bin\..\lib\armlib\c_w.l(stdio_streams.o)
    0x200002bc   0x00000004   Data   RW        29353    .data               c:\Users\jackj\AppData\Local\Mbed Studio\mbed-studio-tools\ac6\bin\..\lib\armlib\c_w.l(streamlock.o)
    0x200002c0   0x00000004   Data   RW        28050    .data.SystemCoreClock  BUILD/NUCLEO_F429ZI/ARMC6/mbed-os/targets/TARGET_STM/TARGET_STM32F4/STM32Cube_FW/system_stm32f4xx.o
    0x200002c4   0x00000040   Data   RW        23185    .data._ZL11filehandles  BUILD/NUCLEO_F429ZI/ARMC6/mbed-os/platform/source/mbed_retarget.o
    0x20000304   0x00000004   Data   RW          721    .data._ZL14idle_hook_fptr  BUILD/NUCLEO_F429ZI/ARMC6/mbed-os/cmsis/device/rtos/source/mbed_rtx_idle.o
    0x20000308   0x00000004   Data   RW        22254    .data.irq_handler   BUILD/NUCLEO_F429ZI/ARMC6/mbed-os/hal/source/mbed_us_ticker_api.o
    0x2000030c   0x000000a4   Data   RW          266    .data.os            BUILD/NUCLEO_F429ZI/ARMC6/mbed-os/cmsis/CMSIS_5/CMSIS/RTOS2/RTX/Source/rtx_kernel.o
    0x200003b0   0x00000001   Data   RW        25073    .data.uwTickFreq    BUILD/NUCLEO_F429ZI/ARMC6/mbed-os/targets/TARGET_STM/TARGET_STM32F4/STM32Cube_FW/STM32F4xx_HAL_Driver/stm32f4xx_hal.o
    0x200003b1   0x00000003   PAD
    0x200003b4   0x00000004   Data   RW        25072    .data.uwTickPrio    BUILD/NUCLEO_F429ZI/ARMC6/mbed-os/targets/TARGET_STM/TARGET_STM32F4/STM32Cube_FW/STM32F4xx_HAL_Driver/stm32f4xx_hal.o
    0x200003b8   0x00000054   Zero   RW        29022    .bss                c:\Users\jackj\AppData\Local\Mbed Studio\mbed-studio-tools\ac6\bin\..\lib\armlib\c_w.l(stdio_streams.o)
    0x2000040c   0x00000054   Zero   RW        29023    .bss                c:\Users\jackj\AppData\Local\Mbed Studio\mbed-studio-tools\ac6\bin\..\lib\armlib\c_w.l(stdio_streams.o)
    0x20000460   0x00000054   Zero   RW        29024    .bss                c:\Users\jackj\AppData\Local\Mbed Studio\mbed-studio-tools\ac6\bin\..\lib\armlib\c_w.l(stdio_streams.o)
    0x200004b4   0x00000060   Zero   RW        29243    .bss                c:\Users\jackj\AppData\Local\Mbed Studio\mbed-studio-tools\ac6\bin\..\lib\armlib\c_w.l(libspace.o)
    0x20000514   0x0000009c   Zero   RW           75    .bss.Case           BUILD/NUCLEO_F429ZI/ARMC6/main.o
    0x200005b0   0x00000080   Zero   RW         2984    .bss.DMARxDscrTab   BUILD/NUCLEO_F429ZI/ARMC6/mbed-os/connectivity/drivers/emac/TARGET_STM/stm32xx_emac.o
    0x20000630   0x00000080   Zero   RW         2985    .bss.DMATxDscrTab   BUILD/NUCLEO_F429ZI/ARMC6/mbed-os/connectivity/drivers/emac/TARGET_STM/stm32xx_emac.o
    0x200006b0   0x0000000c   Zero   RW           68    .bss.Inputs_output  BUILD/NUCLEO_F429ZI/ARMC6/main.o
    0x200006bc   0x00000001   Zero   RW          625    .bss.PendST         BUILD/NUCLEO_F429ZI/ARMC6/mbed-os/cmsis/CMSIS_5/CMSIS/RTOS2/Source/os_systick.o
    0x200006bd   0x00000003   PAD
    0x200006c0   0x000017d0   Zero   RW         2986    .bss.Rx_Buff        BUILD/NUCLEO_F429ZI/ARMC6/mbed-os/connectivity/drivers/emac/TARGET_STM/stm32xx_emac.o
    0x20001e90   0x0000000c   Zero   RW           72    .bss.Targets_outputs  BUILD/NUCLEO_F429ZI/ARMC6/main.o
    0x20001e9c   0x00000048   Zero   RW        28767    .bss.TimMasterHandle  BUILD/NUCLEO_F429ZI/ARMC6/mbed-os/targets/TARGET_STM/us_ticker.o
    0x20001ee4   0x000017d0   Zero   RW         2987    .bss.Tx_Buff        BUILD/NUCLEO_F429ZI/ARMC6/mbed-os/connectivity/drivers/emac/TARGET_STM/stm32xx_emac.o
    0x200036b4   0x0000000c   Zero   RW           64    .bss.W1_output      BUILD/NUCLEO_F429ZI/ARMC6/main.o
    0x200036c0   0x0000000c   Zero   RW           65    .bss.W2_output      BUILD/NUCLEO_F429ZI/ARMC6/main.o
    0x200036cc   0x00000004   Zero   RW        23188    .bss._ZGVZL15default_consolevE7console  BUILD/NUCLEO_F429ZI/ARMC6/mbed-os/platform/source/mbed_retarget.o
    0x200036d0   0x00000004   Zero   RW         2992    .bss._ZGVZN10STM32_EMAC12get_instanceEvE4emac  BUILD/NUCLEO_F429ZI/ARMC6/mbed-os/connectivity/drivers/emac/TARGET_STM/stm32xx_emac.o
    0x200036d4   0x00000004   Zero   RW         2990    .bss._ZGVZN10STM32_EMAC15thread_functionEPvE10stm32_enet  BUILD/NUCLEO_F429ZI/ARMC6/mbed-os/connectivity/drivers/emac/TARGET_STM/stm32xx_emac.o
    0x200036d8   0x00000004   Zero   RW        21538    .bss._ZGVZN4mbed33do_shared_event_queue_with_threadIL12osPriority_t24ELj768ELj2048EEEPN6events10EventQueueEPKcE5queue  BUILD/NUCLEO_F429ZI/ARMC6/mbed-os/events/source/mbed_shared_queues.o
    0x200036dc   0x00000004   Zero   RW        21541    .bss._ZGVZN4mbed33do_shared_event_queue_with_threadIL12osPriority_t24ELj768ELj2048EEEPN6events10EventQueueEPKcE6thread  BUILD/NUCLEO_F429ZI/ARMC6/mbed-os/events/source/mbed_shared_queues.o
    0x200036e0   0x00000010   Zero   RW        23178    .bss._ZL13stdio_in_prev  BUILD/NUCLEO_F429ZI/ARMC6/mbed-os/platform/source/mbed_retarget.o
    0x200036f0   0x00000010   Zero   RW        23179    .bss._ZL14stdio_out_prev  BUILD/NUCLEO_F429ZI/ARMC6/mbed-os/platform/source/mbed_retarget.o
    0x20003700   0x00000028   Zero   RW        23175    .bss._ZL16filehandle_mutex  BUILD/NUCLEO_F429ZI/ARMC6/mbed-os/platform/source/mbed_retarget.o
    0x20003728   0x00000004   Zero   RW        22475    .bss._ZN4mbed8FileBase5_headE  BUILD/NUCLEO_F429ZI/ARMC6/mbed-os/platform/source/FileBase.o
    0x2000372c   0x00000028   Zero   RW        22476    .bss._ZN4mbed8FileBase6_mutexE  BUILD/NUCLEO_F429ZI/ARMC6/mbed-os/platform/source/FileBase.o
    0x20003754   0x00000004   Zero   RW        22477    .bss._ZN4mbed8FileBase8_defaultE  BUILD/NUCLEO_F429ZI/ARMC6/mbed-os/platform/source/FileBase.o
    0x20003758   0x00000004   Zero   RW        23187    .bss._ZZL15default_consolevE7console  BUILD/NUCLEO_F429ZI/ARMC6/mbed-os/platform/source/mbed_retarget.o
    0x2000375c   0x00000108   Zero   RW         2991    .bss._ZZN10STM32_EMAC12get_instanceEvE4emac  BUILD/NUCLEO_F429ZI/ARMC6/mbed-os/connectivity/drivers/emac/TARGET_STM/stm32xx_emac.o
    0x20003864   0x00000004   Zero   RW         2989    .bss._ZZN10STM32_EMAC15thread_functionEPvE10stm32_enet  BUILD/NUCLEO_F429ZI/ARMC6/mbed-os/connectivity/drivers/emac/TARGET_STM/stm32xx_emac.o
    0x20003868   0x00000300   Zero   RW        21536    .bss._ZZN4mbed33do_shared_event_queue_with_threadIL12osPriority_t24ELj768ELj2048EEEPN6events10EventQueueEPKcE12queue_buffer  BUILD/NUCLEO_F429ZI/ARMC6/mbed-os/events/source/mbed_shared_queues.o
    0x20003b68   0x0000005c   Zero   RW        21537    .bss._ZZN4mbed33do_shared_event_queue_with_threadIL12osPriority_t24ELj768ELj2048EEEPN6events10EventQueueEPKcE5queue  BUILD/NUCLEO_F429ZI/ARMC6/mbed-os/events/source/mbed_shared_queues.o
    0x20003bc4   0x00000004   PAD
    0x20003bc8   0x00000800   Zero   RW        21539    .bss._ZZN4mbed33do_shared_event_queue_with_threadIL12osPriority_t24ELj768ELj2048EEEPN6events10EventQueueEPKcE5stack  BUILD/NUCLEO_F429ZI/ARMC6/mbed-os/events/source/mbed_shared_queues.o
    0x200043c8   0x000000bc   Zero   RW        21540    .bss._ZZN4mbed33do_shared_event_queue_with_threadIL12osPriority_t24ELj768ELj2048EEEPN6events10EventQueueEPKcE6thread  BUILD/NUCLEO_F429ZI/ARMC6/mbed-os/events/source/mbed_shared_queues.o
    0x20004484   0x00000004   Zero   RW        23342    .bss._ZZN4rtos6Kernel4impl14get_tick_countEvE6tick_h  BUILD/NUCLEO_F429ZI/ARMC6/mbed-os/rtos/source/Kernel.o
    0x20004488   0x00000004   Zero   RW        23343    .bss._ZZN4rtos6Kernel4impl14get_tick_countEvE6tick_l  BUILD/NUCLEO_F429ZI/ARMC6/mbed-os/rtos/source/Kernel.o
    0x2000448c   0x00000004   PAD
    0x20004490   0x00001000   Zero   RW          672    .bss._main_stack    BUILD/NUCLEO_F429ZI/ARMC6/mbed-os/cmsis/device/rtos/source/mbed_rtos_rtx.o
    0x20005490   0x00000024   Zero   RW          673    .bss._main_thread_attr  BUILD/NUCLEO_F429ZI/ARMC6/mbed-os/cmsis/device/rtos/source/mbed_rtos_rtx.o
    0x200054b4   0x00000020   Zero   RW          645    .bss._static_mutexes  BUILD/NUCLEO_F429ZI/ARMC6/mbed-os/cmsis/device/rtos/TOOLCHAIN_ARM_STD/mbed_boot_arm_std.o
    0x200054d4   0x000000e0   Zero   RW          646    .bss._static_mutexes_mem  BUILD/NUCLEO_F429ZI/ARMC6/mbed-os/cmsis/device/rtos/TOOLCHAIN_ARM_STD/mbed_boot_arm_std.o
    0x200055b4   0x00000008   Zero   RW        28360    .bss.can_irq_ids    BUILD/NUCLEO_F429ZI/ARMC6/mbed-os/targets/TARGET_STM/can_api.o
    0x200055bc   0x00000001   Zero   RW        22096    .bss.critical_interrupts_enabled  BUILD/NUCLEO_F429ZI/ARMC6/mbed-os/hal/source/mbed_critical_section_api.o
    0x200055bd   0x00000003   PAD
    0x200055c0   0x00000004   Zero   RW        22859    .bss.critical_section_reentrancy_counter  BUILD/NUCLEO_F429ZI/ARMC6/mbed-os/platform/source/mbed_critical.o
    0x200055c4   0x00000002   Zero   RW        23005    .bss.deep_sleep_lock  BUILD/NUCLEO_F429ZI/ARMC6/mbed-os/platform/source/mbed_power_mgmt.o
    0x200055c6   0x00000002   PAD
    0x200055c8   0x00000004   Zero   RW        22912    .bss.error_count    BUILD/NUCLEO_F429ZI/ARMC6/mbed-os/platform/source/mbed_error.o
    0x200055cc   0x00000004   Zero   RW        22914    .bss.error_hook     BUILD/NUCLEO_F429ZI/ARMC6/mbed-os/platform/source/mbed_error.o
    0x200055d0   0x00000038   Zero   RW        22256    .bss.events         BUILD/NUCLEO_F429ZI/ARMC6/mbed-os/hal/source/mbed_us_ticker_api.o
    0x20005608   0x00000040   Zero   RW        22911    .bss.first_error_ctx  BUILD/NUCLEO_F429ZI/ARMC6/mbed-os/platform/source/mbed_error.o
    0x20005648   0x00000001   Zero   RW        22915    .bss.halt_in_progress  BUILD/NUCLEO_F429ZI/ARMC6/mbed-os/platform/source/mbed_error.o
    0x20005649   0x00000003   PAD
    0x2000564c   0x00000004   Zero   RW        28359    .bss.irq_handler    BUILD/NUCLEO_F429ZI/ARMC6/mbed-os/targets/TARGET_STM/can_api.o
    0x20005650   0x00000001   Zero   RW        22910    .bss.is_reboot_error_valid  BUILD/NUCLEO_F429ZI/ARMC6/mbed-os/platform/source/mbed_error.o
    0x20005651   0x00000003   PAD
    0x20005654   0x00000040   Zero   RW        22909    .bss.last_error_ctx  BUILD/NUCLEO_F429ZI/ARMC6/mbed-os/platform/source/mbed_error.o
    0x20005694   0x00000001   Zero   RW        22908    .bss.mbed_error_in_progress  BUILD/NUCLEO_F429ZI/ARMC6/mbed-os/platform/source/mbed_error.o
    0x20005695   0x00000003   PAD
    0x20005698   0x00000004   Zero   RW        23174    .bss.mbed_heap_size  BUILD/NUCLEO_F429ZI/ARMC6/mbed-os/platform/source/mbed_retarget.o
    0x2000569c   0x00000004   Zero   RW        23173    .bss.mbed_heap_start  BUILD/NUCLEO_F429ZI/ARMC6/mbed-os/platform/source/mbed_retarget.o
    0x200056a0   0x00000004   Zero   RW        28533    .bss.mbed_sdk_inited  BUILD/NUCLEO_F429ZI/ARMC6/mbed-os/targets/TARGET_STM/mbed_overrides.o
    0x200056a4   0x00000004   Zero   RW          663    .bss.mbed_stack_isr_size  BUILD/NUCLEO_F429ZI/ARMC6/mbed-os/cmsis/device/rtos/source/mbed_boot.o
    0x200056a8   0x00000004   Zero   RW          662    .bss.mbed_stack_isr_start  BUILD/NUCLEO_F429ZI/ARMC6/mbed-os/cmsis/device/rtos/source/mbed_boot.o
    0x200056ac   0x00000040   Zero   RW          271    .bss.os             BUILD/NUCLEO_F429ZI/ARMC6/mbed-os/cmsis/CMSIS_5/CMSIS/RTOS2/RTX/Source/rtx_lib.o
    0x200056ec   0x000001f0   Zero   RW          644    .bss.os.libspace    BUILD/NUCLEO_F429ZI/ARMC6/mbed-os/cmsis/device/rtos/TOOLCHAIN_ARM_STD/mbed_boot_arm_std.o
    0x200058dc   0x00000034   Zero   RW          281    .bss.os.msgqueue.cb  BUILD/NUCLEO_F429ZI/ARMC6/mbed-os/cmsis/CMSIS_5/CMSIS/RTOS2/RTX/Source/rtx_lib.o
    0x20005910   0x00000050   Zero   RW          282    .bss.os.msgqueue.mem  BUILD/NUCLEO_F429ZI/ARMC6/mbed-os/cmsis/CMSIS_5/CMSIS/RTOS2/RTX/Source/rtx_lib.o
    0x20005960   0x00000088   Zero   RW          279    .bss.os.thread.cb   BUILD/NUCLEO_F429ZI/ARMC6/mbed-os/cmsis/CMSIS_5/CMSIS/RTOS2/RTX/Source/rtx_lib.o
    0x200059e8   0x00000044   Zero   RW          674    .bss.os.thread.cb   BUILD/NUCLEO_F429ZI/ARMC6/mbed-os/cmsis/device/rtos/source/mbed_rtos_rtx.o
    0x20005a2c   0x00000004   PAD
    0x20005a30   0x00000500   Zero   RW          280    .bss.os.thread.stack  BUILD/NUCLEO_F429ZI/ARMC6/mbed-os/cmsis/CMSIS_5/CMSIS/RTOS2/RTX/Source/rtx_lib.o
    0x20005f30   0x00000001   Zero   RW          647    .bss.os_kernel_is_active.os_kernel_active  BUILD/NUCLEO_F429ZI/ARMC6/mbed-os/cmsis/device/rtos/TOOLCHAIN_ARM_STD/mbed_boot_arm_std.o
    0x20005f31   0x00000001   PAD
    0x20005f32   0x00000002   Zero   RW        28416    .bss.prev_tick_remainder  BUILD/NUCLEO_F429ZI/ARMC6/mbed-os/targets/TARGET_STM/hal_tick_overrides.o
    0x20005f34   0x00000004   Zero   RW        28415    .bss.prev_time      BUILD/NUCLEO_F429ZI/ARMC6/mbed-os/targets/TARGET_STM/hal_tick_overrides.o
    0x20005f38   0x00000004   Zero   RW          678    .bss.singleton_mutex_id  BUILD/NUCLEO_F429ZI/ARMC6/mbed-os/cmsis/device/rtos/source/mbed_rtos_rtx.o
    0x20005f3c   0x0000001c   Zero   RW          676    .bss.singleton_mutex_obj  BUILD/NUCLEO_F429ZI/ARMC6/mbed-os/cmsis/device/rtos/source/mbed_rtos_rtx.o
    0x20005f58   0x00000001   Zero   RW        22095    .bss.state_saved    BUILD/NUCLEO_F429ZI/ARMC6/mbed-os/hal/source/mbed_critical_section_api.o
    0x20005f59   0x00000003   PAD
    0x20005f5c   0x0000004c   Zero   RW        28665    .bss.stdio_uart     BUILD/NUCLEO_F429ZI/ARMC6/mbed-os/targets/TARGET_STM/serial_api.o
    0x20005fa8   0x00000004   Zero   RW        28663    .bss.stdio_uart_inited  BUILD/NUCLEO_F429ZI/ARMC6/mbed-os/targets/TARGET_STM/serial_api.o
    0x20005fac   0x00000004   Zero   RW          711    .bss.terminate_hook  BUILD/NUCLEO_F429ZI/ARMC6/mbed-os/cmsis/device/rtos/source/mbed_rtx_handlers.o
    0x20005fb0   0x00000004   Zero   RW        28769    .bss.timer_ccr1_reg  BUILD/NUCLEO_F429ZI/ARMC6/mbed-os/targets/TARGET_STM/us_ticker.o
    0x20005fb4   0x00000004   Zero   RW        28768    .bss.timer_cnt_reg  BUILD/NUCLEO_F429ZI/ARMC6/mbed-os/targets/TARGET_STM/us_ticker.o
    0x20005fb8   0x00000004   Zero   RW        28770    .bss.timer_dier_reg  BUILD/NUCLEO_F429ZI/ARMC6/mbed-os/targets/TARGET_STM/us_ticker.o
    0x20005fbc   0x00000004   Zero   RW        28417    .bss.total_ticks    BUILD/NUCLEO_F429ZI/ARMC6/mbed-os/targets/TARGET_STM/hal_tick_overrides.o
    0x20005fc0   0x00000220   Zero   RW        28189    .bss.uart_handlers  BUILD/NUCLEO_F429ZI/ARMC6/mbed-os/targets/TARGET_STM/TARGET_STM32F4/serial_device.o


    Execution Region ARM_LIB_HEAP (Base: 0x200061e0, Size: 0x00029a20, Max: 0x00029a20, ABSOLUTE)

    Base Addr    Size         Type   Attr      Idx    E Section Name        Object

    0x200061e0   0x00029a20   Zero   RW            2    ARM_LIB_HEAP.bss    anon$$obj.o


    Execution Region ARM_LIB_STACK (Base: 0x2002fc00, Size: 0x00000400, Max: 0x00000400, ABSOLUTE)

    Base Addr    Size         Type   Attr      Idx    E Section Name        Object

    0x2002fc00   0x00000400   Zero   RW            3    ARM_LIB_STACK.bss   anon$$obj.o


==============================================================================

Image component sizes


      Code (inc. data)   RO Data    RW Data    ZI Data      Debug   

     34976       2338      22576        248     195564      31652   Object Totals
         0          0         32          0     171808          0   (incl. Generated)
        88          0          2          3         33          0   (incl. Padding)
     11000        498        552         16        348       8568   Library Totals
        18          0          1          0          0          0   (incl. Padding)

==============================================================================


      Code (inc. data)   RO Data    RW Data    ZI Data      Debug   

     45976       2836      23128        264     195912      33716   Grand Totals
     45976       2836      23128        264     195912      33716   ELF Image Totals
     45976       2836      23128        264          0          0   ROM Totals

==============================================================================

    Total RO  Size (Code + RO Data)                69104 (  67.48kB)
    Total RW  Size (RW Data + ZI Data)            196176 ( 191.58kB)
    Total ROM Size (Code + RO Data + RW Data)      69368 (  67.74kB)

==============================================================================

