Component: ARM Compiler 6.16 Tool: armlink [5dfeaa00]

==============================================================================

Memory Map of the image

  Image Entry point : 0x080001ad

  Load Region LR_IROM1 (Base: 0x08000000, Size: 0x0000bde4, Max: 0x00200000, ABSOLUTE, COMPRESSED[0x0000bd04])

    Execution Region ER_IROM1 (Base: 0x08000000, Size: 0x0000bba8, Max: 0x00200000, ABSOLUTE)

    Base Addr    Size         Type   Attr      Idx    E Section Name        Object

    0x08000000   0x000001ac   Data   RO        28081    RESET               BUILD/NUCLEO_F429ZI/ARMC6/mbed-os/targets/TARGET_STM/TARGET_STM32F4/TARGET_STM32F429xI/TOOLCHAIN_ARM/startup_stm32f429xx.o
    0x080001ac   0x00000008   Code   RO        29102  * !!!main             c:\Users\jackj\AppData\Local\Mbed Studio\mbed-studio-tools\ac6\bin\..\lib\armlib\c_w.l(__main.o)
    0x080001b4   0x00000034   Code   RO        29750    !!!scatter          c:\Users\jackj\AppData\Local\Mbed Studio\mbed-studio-tools\ac6\bin\..\lib\armlib\c_w.l(__scatter.o)
    0x080001e8   0x0000003a   Code   RO        29748    !!dczerorl          c:\Users\jackj\AppData\Local\Mbed Studio\mbed-studio-tools\ac6\bin\..\lib\armlib\c_w.l(__dczerorl.o)
    0x08000222   0x00000002   PAD
    0x08000224   0x0000001c   Code   RO        29752    !!handler_zi        c:\Users\jackj\AppData\Local\Mbed Studio\mbed-studio-tools\ac6\bin\..\lib\armlib\c_w.l(__scatter_zi.o)
    0x08000240   0x00000000   Code   RO        28970    .ARM.Collect$$_printf_percent$$00000000  c:\Users\jackj\AppData\Local\Mbed Studio\mbed-studio-tools\ac6\bin\..\lib\armlib\c_w.l(_printf_percent.o)
    0x08000240   0x00000006   Code   RO        28962    .ARM.Collect$$_printf_percent$$00000001  c:\Users\jackj\AppData\Local\Mbed Studio\mbed-studio-tools\ac6\bin\..\lib\armlib\c_w.l(_printf_n.o)
    0x08000246   0x00000006   Code   RO        28964    .ARM.Collect$$_printf_percent$$00000002  c:\Users\jackj\AppData\Local\Mbed Studio\mbed-studio-tools\ac6\bin\..\lib\armlib\c_w.l(_printf_p.o)
    0x0800024c   0x00000006   Code   RO        28969    .ARM.Collect$$_printf_percent$$00000003  c:\Users\jackj\AppData\Local\Mbed Studio\mbed-studio-tools\ac6\bin\..\lib\armlib\c_w.l(_printf_f.o)
    0x08000252   0x00000006   Code   RO        29299    .ARM.Collect$$_printf_percent$$00000004  c:\Users\jackj\AppData\Local\Mbed Studio\mbed-studio-tools\ac6\bin\..\lib\armlib\c_w.l(_printf_e.o)
    0x08000258   0x00000006   Code   RO        29300    .ARM.Collect$$_printf_percent$$00000005  c:\Users\jackj\AppData\Local\Mbed Studio\mbed-studio-tools\ac6\bin\..\lib\armlib\c_w.l(_printf_g.o)
    0x0800025e   0x00000006   Code   RO        29301    .ARM.Collect$$_printf_percent$$00000006  c:\Users\jackj\AppData\Local\Mbed Studio\mbed-studio-tools\ac6\bin\..\lib\armlib\c_w.l(_printf_a.o)
    0x08000264   0x0000000a   Code   RO        29306    .ARM.Collect$$_printf_percent$$00000007  c:\Users\jackj\AppData\Local\Mbed Studio\mbed-studio-tools\ac6\bin\..\lib\armlib\c_w.l(_printf_ll.o)
    0x0800026e   0x00000006   Code   RO        28966    .ARM.Collect$$_printf_percent$$00000008  c:\Users\jackj\AppData\Local\Mbed Studio\mbed-studio-tools\ac6\bin\..\lib\armlib\c_w.l(_printf_i.o)
    0x08000274   0x00000006   Code   RO        28967    .ARM.Collect$$_printf_percent$$00000009  c:\Users\jackj\AppData\Local\Mbed Studio\mbed-studio-tools\ac6\bin\..\lib\armlib\c_w.l(_printf_d.o)
    0x0800027a   0x00000006   Code   RO        28968    .ARM.Collect$$_printf_percent$$0000000A  c:\Users\jackj\AppData\Local\Mbed Studio\mbed-studio-tools\ac6\bin\..\lib\armlib\c_w.l(_printf_u.o)
    0x08000280   0x00000006   Code   RO        28965    .ARM.Collect$$_printf_percent$$0000000B  c:\Users\jackj\AppData\Local\Mbed Studio\mbed-studio-tools\ac6\bin\..\lib\armlib\c_w.l(_printf_o.o)
    0x08000286   0x00000006   Code   RO        28963    .ARM.Collect$$_printf_percent$$0000000C  c:\Users\jackj\AppData\Local\Mbed Studio\mbed-studio-tools\ac6\bin\..\lib\armlib\c_w.l(_printf_x.o)
    0x0800028c   0x00000006   Code   RO        29303    .ARM.Collect$$_printf_percent$$0000000D  c:\Users\jackj\AppData\Local\Mbed Studio\mbed-studio-tools\ac6\bin\..\lib\armlib\c_w.l(_printf_lli.o)
    0x08000292   0x00000006   Code   RO        29304    .ARM.Collect$$_printf_percent$$0000000E  c:\Users\jackj\AppData\Local\Mbed Studio\mbed-studio-tools\ac6\bin\..\lib\armlib\c_w.l(_printf_lld.o)
    0x08000298   0x00000006   Code   RO        29305    .ARM.Collect$$_printf_percent$$0000000F  c:\Users\jackj\AppData\Local\Mbed Studio\mbed-studio-tools\ac6\bin\..\lib\armlib\c_w.l(_printf_llu.o)
    0x0800029e   0x00000006   Code   RO        29309    .ARM.Collect$$_printf_percent$$00000010  c:\Users\jackj\AppData\Local\Mbed Studio\mbed-studio-tools\ac6\bin\..\lib\armlib\c_w.l(_printf_llo.o)
    0x080002a4   0x00000006   Code   RO        29310    .ARM.Collect$$_printf_percent$$00000011  c:\Users\jackj\AppData\Local\Mbed Studio\mbed-studio-tools\ac6\bin\..\lib\armlib\c_w.l(_printf_llx.o)
[...]
    0x080017ae   0x0000002c   Code   RO        29291    .text               c:\Users\jackj\AppData\Local\Mbed Studio\mbed-studio-tools\ac6\bin\..\lib\armlib\c_w.l(_printf_char.o)
    0x080017da   0x0000002c   Code   RO        29295    .text               c:\Users\jackj\AppData\Local\Mbed Studio\mbed-studio-tools\ac6\bin\..\lib\armlib\c_w.l(_printf_wchar.o)
    0x08001806   0x00000002   PAD
    0x08001808   0x0000007c   Code   RO        29297    .text               c:\Users\jackj\AppData\Local\Mbed Studio\mbed-studio-tools\ac6\bin\..\lib\armlib\c_w.l(_printf_longlong_dec.o)
    0x08001884   0x000001d6   Code   RO        29335    .text               c:\Users\jackj\AppData\Local\Mbed Studio\mbed-studio-tools\ac6\bin\..\lib\armlib\c_w.l(flsbuf.o)
    0x08001a5a   0x00000002   PAD
    0x08001a5c   0x000000f0   Code   RO        29339    .text               c:\Users\jackj\AppData\Local\Mbed Studio\mbed-studio-tools\ac6\bin\..\lib\armlib\c_w.l(stdio.o)
    0x08001b4c   0x00000068   Code   RO        29348    .text               c:\Users\jackj\AppData\Local\Mbed Studio\mbed-studio-tools\ac6\bin\..\lib\armlib\c_w.l(setvbuf_locked.o)
    0x08001bb4   0x000001c8   Code   RO        29350    .text               c:\Users\jackj\AppData\Local\Mbed Studio\mbed-studio-tools\ac6\bin\..\lib\armlib\c_w.l(initio_locked.o)
    0x08001d7c   0x00000048   Code   RO        29352    .text               c:\Users\jackj\AppData\Local\Mbed Studio\mbed-studio-tools\ac6\bin\..\lib\armlib\c_w.l(_c16rtomb.o)
    0x08001dc4   0x00000000   Code   RO        29492    .text               c:\Users\jackj\AppData\Local\Mbed Studio\mbed-studio-tools\ac6\bin\..\lib\armlib\c_w.l(maybetermalloc2.o)
    0x08001dc4   0x00000052   Code   RO        29495    .text               c:\Users\jackj\AppData\Local\Mbed Studio\mbed-studio-tools\ac6\bin\..\lib\armlib\c_w.l(h1_extend_threads.o)
    0x08001e16   0x0000008a   Code   RO        29497    .text               c:\Users\jackj\AppData\Local\Mbed Studio\mbed-studio-tools\ac6\bin\..\lib\armlib\c_w.l(lludiv10.o)
    0x08001ea0   0x000002fc   Code   RO        29501    .text               c:\Users\jackj\AppData\Local\Mbed Studio\mbed-studio-tools\ac6\bin\..\lib\armlib\c_w.l(_printf_fp_hex.o)
    0x0800219c   0x00000080   Code   RO        29504    .text               c:\Users\jackj\AppData\Local\Mbed Studio\mbed-studio-tools\ac6\bin\..\lib\armlib\c_w.l(_printf_fp_infnan.o)
    0x0800221c   0x00000040   Code   RO        29508    .text               c:\Users\jackj\AppData\Local\Mbed Studio\mbed-studio-tools\ac6\bin\..\lib\armlib\c_w.l(_printf_char_file_locked.o)
    0x0800225c   0x000000e4   Code   RO        29522    .text               c:\Users\jackj\AppData\Local\Mbed Studio\mbed-studio-tools\ac6\bin\..\lib\armlib\c_w.l(bigflt0.o)
    0x08002340   0x00000040   Code   RO        29563    .text               c:\Users\jackj\AppData\Local\Mbed Studio\mbed-studio-tools\ac6\bin\..\lib\armlib\c_w.l(puts_locked.o)
    0x08002380   0x0000000e   Code   RO        29582    .text               c:\Users\jackj\AppData\Local\Mbed Studio\mbed-studio-tools\ac6\bin\..\lib\armlib\c_w.l(defsig_rtred_outer.o)
    0x0800238e   0x0000000e   Code   RO        29586    .text               c:\Users\jackj\AppData\Local\Mbed Studio\mbed-studio-tools\ac6\bin\..\lib\armlib\c_w.l(defsig_rtmem_outer.o)
    0x0800239c   0x00000010   Code   RO        29632    .text               c:\Users\jackj\AppData\Local\Mbed Studio\mbed-studio-tools\ac6\bin\..\lib\armlib\c_w.l(term_alloc.o)
    0x080023ac   0x0000000a   Code   RO        29643    .text               c:\Users\jackj\AppData\Local\Mbed Studio\mbed-studio-tools\ac6\bin\..\lib\armlib\c_w.l(defsig_exit.o)
    0x080023b6   0x00000002   PAD
    0x080023b8   0x00000034   Code   RO        29651    .text               c:\Users\jackj\AppData\Local\Mbed Studio\mbed-studio-tools\ac6\bin\..\lib\armlib\c_w.l(defsig_rtred_inner.o)
    0x080023ec   0x00000050   Code   RO        29653    .text               c:\Users\jackj\AppData\Local\Mbed Studio\mbed-studio-tools\ac6\bin\..\lib\armlib\c_w.l(defsig_rtmem_inner.o)
    0x0800243c   0x0000000a   Code   RO        29679    .text               c:\Users\jackj\AppData\Local\Mbed Studio\mbed-studio-tools\ac6\bin\..\lib\armlib\c_w.l(h1_final_threads.o)
    0x08002446   0x00000032   Code   RO        29689    .text               c:\Users\jackj\AppData\Local\Mbed Studio\mbed-studio-tools\ac6\bin\..\lib\armlib\c_w.l(defsig_general.o)
    0x08002478   0x0000002e   Code   RO        23086    .text.$Sub$$__rt_lib_init  BUILD/NUCLEO_F429ZI/ARMC6/mbed-os/platform/source/mbed_retarget.o
    0x080024a6   0x0000000e   Code   RO        28347    .text.CAN1_RX0_IRQHandler  BUILD/NUCLEO_F429ZI/ARMC6/mbed-os/targets/TARGET_STM/can_api.o
    0x080024b4   0x0000000e   Code   RO        28353    .text.CAN1_SCE_IRQHandler  BUILD/NUCLEO_F429ZI/ARMC6/mbed-os/targets/TARGET_STM/can_api.o
    0x080024c2   0x0000000e   Code   RO        28351    .text.CAN1_TX_IRQHandler  BUILD/NUCLEO_F429ZI/ARMC6/mbed-os/targets/TARGET_STM/can_api.o
    0x080024d0   0x0000000e   Code   RO        28355    .text.CAN2_RX0_IRQHandler  BUILD/NUCLEO_F429ZI/ARMC6/mbed-os/targets/TARGET_STM/can_api.o
    0x080024de   0x0000000e   Code   RO        28359    .text.CAN2_SCE_IRQHandler  BUILD/NUCLEO_F429ZI/ARMC6/mbed-os/targets/TARGET_STM/can_api.o
    0x080024ec   0x0000000e   Code   RO        28357    .text.CAN2_TX_IRQHandler  BUILD/NUCLEO_F429ZI/ARMC6/mbed-os/targets/TARGET_STM/can_api.o
    0x080024fa   0x00000018   Code   RO         2936    .text.ETH_IRQHandler  BUILD/NUCLEO_F429ZI/ARMC6/mbed-os/connectivity/drivers/emac/TARGET_STM/stm32xx_emac.o
    0x08002512   0x000000f6   Code   RO        25458    .text.ETH_MACDMAConfig  BUILD/NUCLEO_F429ZI/ARMC6/mbed-os/targets/TARGET_STM/TARGET_STM32F4/STM32Cube_FW/STM32F4xx_HAL_Driver/stm32f4xx_hal_eth.o
    0x08002608   0x00000070   Code   RO          178    .text.EventFlagsCheck  BUILD/NUCLEO_F429ZI/ARMC6/mbed-os/cmsis/CMSIS_5/CMSIS/RTOS2/RTX/Source/rtx_evflags.o
    0x08002678   0x0000000c   Code   RO          702    .text.EvrRtxEventFlagsError  BUILD/NUCLEO_F429ZI/ARMC6/mbed-os/cmsis/device/rtos/source/mbed_rtx_handlers.o
    0x08002684   0x0000000e   Code   RO          694    .text.EvrRtxKernelError  BUILD/NUCLEO_F429ZI/ARMC6/mbed-os/cmsis/device/rtos/source/mbed_rtx_handlers.o
    0x08002692   0x0000000c   Code   RO          710    .text.EvrRtxMessageQueueError  BUILD/NUCLEO_F429ZI/ARMC6/mbed-os/cmsis/device/rtos/source/mbed_rtx_handlers.o
    0x0800269e   0x0000000c   Code   RO          704    .text.EvrRtxMutexError  BUILD/NUCLEO_F429ZI/ARMC6/mbed-os/cmsis/device/rtos/source/mbed_rtx_handlers.o
    0x080026aa   0x00000014   Code   RO          706    .text.EvrRtxSemaphoreError  BUILD/NUCLEO_F429ZI/ARMC6/mbed-os/cmsis/device/rtos/source/mbed_rtx_handlers.o
    0x080026be   0x0000000c   Code   RO          698    .text.EvrRtxThreadError  BUILD/NUCLEO_F429ZI/ARMC6/mbed-os/cmsis/device/rtos/source/mbed_rtx_handlers.o
    0x080026ca   0x0000001a   Code   RO          712    .text.EvrRtxThreadExit  BUILD/NUCLEO_F429ZI/ARMC6/mbed-os/cmsis/device/rtos/source/mbed_rtx_handlers.o
    0x080026e4   0x00000010   Code   RO          714    .text.EvrRtxThreadTerminate  BUILD/NUCLEO_F429ZI/ARMC6/mbed-os/cmsis/device/rtos/source/mbed_rtx_handlers.o
    0x080026f4   0x00000028   Code   RO        25042    .text.HAL_Delay     BUILD/NUCLEO_F429ZI/ARMC6/mbed-os/targets/TARGET_STM/TARGET_STM32F4/STM32Cube_FW/STM32F4xx_HAL_Driver/stm32f4xx_hal.o
    0x0800271c   0x00000122   Code   RO        25488    .text.HAL_ETH_ConfigMAC  BUILD/NUCLEO_F429ZI/ARMC6/mbed-os/targets/TARGET_STM/TARGET_STM32F4/STM32Cube_FW/STM32F4xx_HAL_Driver/stm32f4xx_hal_eth.o
    0x0800283e   0x00000002   PAD
    0x08002840   0x00000080   Code   RO        25468    .text.HAL_ETH_DMARxDescListInit  BUILD/NUCLEO_F429ZI/ARMC6/mbed-os/targets/TARGET_STM/TARGET_STM32F4/STM32Cube_FW/STM32F4xx_HAL_Driver/stm32f4xx_hal_eth.o
    0x080028c0   0x00000080   Code   RO        25466    .text.HAL_ETH_DMATxDescListInit  BUILD/NUCLEO_F429ZI/ARMC6/mbed-os/targets/TARGET_STM/TARGET_STM32F4/STM32Cube_FW/STM32F4xx_HAL_Driver/stm32f4xx_hal_eth.o
    0x08002940   0x0000009e   Code   RO        25474    .text.HAL_ETH_GetReceivedFrame_IT  BUILD/NUCLEO_F429ZI/ARMC6/mbed-os/targets/TARGET_STM/TARGET_STM32F4/STM32Cube_FW/STM32F4xx_HAL_Driver/stm32f4xx_hal_eth.o
    0x080029de   0x0000006c   Code   RO        25476    .text.HAL_ETH_IRQHandler  BUILD/NUCLEO_F429ZI/ARMC6/mbed-os/targets/TARGET_STM/TARGET_STM32F4/STM32Cube_FW/STM32F4xx_HAL_Driver/stm32f4xx_hal_eth.o
    0x08002a4a   0x00000002   PAD
    0x08002a4c   0x0000020e   Code   RO        25452    .text.HAL_ETH_Init  BUILD/NUCLEO_F429ZI/ARMC6/mbed-os/targets/TARGET_STM/TARGET_STM32F4/STM32Cube_FW/STM32F4xx_HAL_Driver/stm32f4xx_hal_eth.o
    0x08002c5a   0x0000010c   Code   RO         2926    .text.HAL_ETH_MspInit  BUILD/NUCLEO_F429ZI/ARMC6/mbed-os/connectivity/drivers/emac/TARGET_STM/TARGET_STM32F4/TARGET_NUCLEO_F429ZI/stm32f4_eth_init.o
    0x08002d66   0x00000002   PAD
    0x08002d68   0x0000006c   Code   RO        25460    .text.HAL_ETH_ReadPHYRegister  BUILD/NUCLEO_F429ZI/ARMC6/mbed-os/targets/TARGET_STM/TARGET_STM32F4/STM32Cube_FW/STM32F4xx_HAL_Driver/stm32f4xx_hal_eth.o
    0x08002dd4   0x0000001e   Code   RO         2932    .text.HAL_ETH_RxCpltCallback  BUILD/NUCLEO_F429ZI/ARMC6/mbed-os/connectivity/drivers/emac/TARGET_STM/stm32xx_emac.o
    0x08002df2   0x00000002   PAD
    0x08002df4   0x000000e4   Code   RO        25484    .text.HAL_ETH_Start  BUILD/NUCLEO_F429ZI/ARMC6/mbed-os/targets/TARGET_STM/TARGET_STM32F4/STM32Cube_FW/STM32F4xx_HAL_Driver/stm32f4xx_hal_eth.o
    0x08002ed8   0x000000de   Code   RO        25470    .text.HAL_ETH_TransmitFrame  BUILD/NUCLEO_F429ZI/ARMC6/mbed-os/targets/TARGET_STM/TARGET_STM32F4/STM32Cube_FW/STM32F4xx_HAL_Driver/stm32f4xx_hal_eth.o
    0x08002fb6   0x00000002   PAD
    0x08002fb8   0x0000006a   Code   RO        25456    .text.HAL_ETH_WritePHYRegister  BUILD/NUCLEO_F429ZI/ARMC6/mbed-os/targets/TARGET_STM/TARGET_STM32F4/STM32Cube_FW/STM32F4xx_HAL_Driver/stm32f4xx_hal_eth.o
    0x08003022   0x00000002   PAD
    0x08003024   0x000001b8   Code   RO        25576    .text.HAL_GPIO_Init  BUILD/NUCLEO_F429ZI/ARMC6/mbed-os/targets/TARGET_STM/TARGET_STM32F4/STM32Cube_FW/STM32F4xx_HAL_Driver/stm32f4xx_hal_gpio.o
    0x080031dc   0x0000009c   Code   RO        28417    .text.HAL_GetTick   BUILD/NUCLEO_F429ZI/ARMC6/mbed-os/targets/TARGET_STM/hal_tick_overrides.o
    0x08003278   0x00000036   Code   RO        25022    .text.HAL_Init      BUILD/NUCLEO_F429ZI/ARMC6/mbed-os/targets/TARGET_STM/TARGET_STM32F4/STM32Cube_FW/STM32F4xx_HAL_Driver/stm32f4xx_hal.o
    0x080032ae   0x0000000a   Code   RO        28415    .text.HAL_InitTick  BUILD/NUCLEO_F429ZI/ARMC6/mbed-os/targets/TARGET_STM/hal_tick_overrides.o
    0x080032b8   0x0000001e   Code   RO        25175    .text.HAL_NVIC_EnableIRQ  BUILD/NUCLEO_F429ZI/ARMC6/mbed-os/targets/TARGET_STM/TARGET_STM32F4/STM32Cube_FW/STM32F4xx_HAL_Driver/stm32f4xx_hal_cortex.o
    0x080032d6   0x00000056   Code   RO        25173    .text.HAL_NVIC_SetPriority  BUILD/NUCLEO_F429ZI/ARMC6/mbed-os/targets/TARGET_STM/TARGET_STM32F4/STM32Cube_FW/STM32F4xx_HAL_Driver/stm32f4xx_hal_cortex.o
    0x0800332c   0x00000020   Code   RO        25171    .text.HAL_NVIC_SetPriorityGrouping  BUILD/NUCLEO_F429ZI/ARMC6/mbed-os/targets/TARGET_STM/TARGET_STM32F4/STM32Cube_FW/STM32F4xx_HAL_Driver/stm32f4xx_hal_cortex.o
    0x0800334c   0x00000078   Code   RO        26343    .text.HAL_PWREx_EnableOverDrive  BUILD/NUCLEO_F429ZI/ARMC6/mbed-os/targets/TARGET_STM/TARGET_STM32F4/STM32Cube_FW/STM32F4xx_HAL_Driver/stm32f4xx_hal_pwr_ex.o
    0x080033c4   0x00000026   Code   RO        26311    .text.HAL_PWR_EnterSLEEPMode  BUILD/NUCLEO_F429ZI/ARMC6/mbed-os/targets/TARGET_STM/TARGET_STM32F4/STM32Cube_FW/STM32F4xx_HAL_Driver/stm32f4xx_hal_pwr.o
    0x080033ea   0x0000003c   Code   RO        26313    .text.HAL_PWR_EnterSTOPMode  BUILD/NUCLEO_F429ZI/ARMC6/mbed-os/targets/TARGET_STM/TARGET_STM32F4/STM32Cube_FW/STM32F4xx_HAL_Driver/stm32f4xx_hal_pwr.o
    0x08003426   0x00000002   PAD
    0x08003428   0x0000014e   Code   RO        26356    .text.HAL_RCC_ClockConfig  BUILD/NUCLEO_F429ZI/ARMC6/mbed-os/targets/TARGET_STM/TARGET_STM32F4/STM32Cube_FW/STM32F4xx_HAL_Driver/stm32f4xx_hal_rcc.o
    0x08003576   0x0000003e   Code   RO        26374    .text.HAL_RCC_GetClockConfig  BUILD/NUCLEO_F429ZI/ARMC6/mbed-os/targets/TARGET_STM/TARGET_STM32F4/STM32Cube_FW/STM32F4xx_HAL_Driver/stm32f4xx_hal_rcc.o
    0x080035b4   0x0000000c   Code   RO        26366    .text.HAL_RCC_GetHCLKFreq  BUILD/NUCLEO_F429ZI/ARMC6/mbed-os/targets/TARGET_STM/TARGET_STM32F4/STM32Cube_FW/STM32F4xx_HAL_Driver/stm32f4xx_hal_rcc.o
    0x080035c0   0x00000096   Code   RO        26372    .text.HAL_RCC_GetOscConfig  BUILD/NUCLEO_F429ZI/ARMC6/mbed-os/targets/TARGET_STM/TARGET_STM32F4/STM32Cube_FW/STM32F4xx_HAL_Driver/stm32f4xx_hal_rcc.o
    0x08003656   0x00000026   Code   RO        26368    .text.HAL_RCC_GetPCLK1Freq  BUILD/NUCLEO_F429ZI/ARMC6/mbed-os/targets/TARGET_STM/TARGET_STM32F4/STM32Cube_FW/STM32F4xx_HAL_Driver/stm32f4xx_hal_rcc.o
    0x0800367c   0x00000026   Code   RO        26370    .text.HAL_RCC_GetPCLK2Freq  BUILD/NUCLEO_F429ZI/ARMC6/mbed-os/targets/TARGET_STM/TARGET_STM32F4/STM32Cube_FW/STM32F4xx_HAL_Driver/stm32f4xx_hal_rcc.o
    0x080036a2   0x0000006a   Code   RO        26358    .text.HAL_RCC_GetSysClockFreq  BUILD/NUCLEO_F429ZI/ARMC6/mbed-os/targets/TARGET_STM/TARGET_STM32F4/STM32Cube_FW/STM32F4xx_HAL_Driver/stm32f4xx_hal_rcc.o
    0x0800370c   0x0000035c   Code   RO        26354    .text.HAL_RCC_OscConfig  BUILD/NUCLEO_F429ZI/ARMC6/mbed-os/targets/TARGET_STM/TARGET_STM32F4/STM32Cube_FW/STM32F4xx_HAL_Driver/stm32f4xx_hal_rcc.o
    0x08003a68   0x00000058   Code   RO        27079    .text.HAL_TIM_OC_Init  BUILD/NUCLEO_F429ZI/ARMC6/mbed-os/targets/TARGET_STM/TARGET_STM32F4/STM32Cube_FW/STM32F4xx_HAL_Driver/stm32f4xx_hal_tim.o
    0x08003ac0   0x00000104   Code   RO        27087    .text.HAL_TIM_OC_Start  BUILD/NUCLEO_F429ZI/ARMC6/mbed-os/targets/TARGET_STM/TARGET_STM32F4/STM32Cube_FW/STM32F4xx_HAL_Driver/stm32f4xx_hal_tim.o
    0x08003bc4   0x0000005c   Code   RO        27363    .text.HAL_UART_Init  BUILD/NUCLEO_F429ZI/ARMC6/mbed-os/targets/TARGET_STM/TARGET_STM32F4/STM32Cube_FW/STM32F4xx_HAL_Driver/stm32f4xx_hal_uart.o
    0x08003c20   0x00000042   Code   RO          384    .text.MessageQueueGet  BUILD/NUCLEO_F429ZI/ARMC6/mbed-os/cmsis/CMSIS_5/CMSIS/RTOS2/RTX/Source/rtx_msgqueue.o
    0x08003c62   0x00000002   PAD
    0x08003c64   0x00000060   Code   RO          378    .text.MessageQueuePut  BUILD/NUCLEO_F429ZI/ARMC6/mbed-os/cmsis/CMSIS_5/CMSIS/RTOS2/RTX/Source/rtx_msgqueue.o
    0x08003cc4   0x0000000c   Code   RO          620    .text.OS_Tick_AcknowledgeIRQ  BUILD/NUCLEO_F429ZI/ARMC6/mbed-os/cmsis/CMSIS_5/CMSIS/RTOS2/Source/os_systick.o
    0x08003cd0   0x00000032   Code   RO          616    .text.OS_Tick_Enable  BUILD/NUCLEO_F429ZI/ARMC6/mbed-os/cmsis/CMSIS_5/CMSIS/RTOS2/Source/os_systick.o
    0x08003d02   0x00000048   Code   RO          614    .text.OS_Tick_Setup  BUILD/NUCLEO_F429ZI/ARMC6/mbed-os/cmsis/CMSIS_5/CMSIS/RTOS2/Source/os_systick.o
    0x08003d4a   0x00000002   PAD
    0x08003d4c   0x0000002c   Code   RO        28085    .text.SetSysClock   BUILD/NUCLEO_F429ZI/ARMC6/mbed-os/targets/TARGET_STM/TARGET_STM32F4/TARGET_STM32F429xI/system_clock.o
    0x08003d78   0x000000b8   Code   RO        28087    .text.SetSysClock_PLL_HSE  BUILD/NUCLEO_F429ZI/ARMC6/mbed-os/targets/TARGET_STM/TARGET_STM32F4/TARGET_STM32F429xI/system_clock.o
    0x08003e30   0x0000009c   Code   RO        28089    .text.SetSysClock_PLL_HSI  BUILD/NUCLEO_F429ZI/ARMC6/mbed-os/targets/TARGET_STM/TARGET_STM32F4/TARGET_STM32F429xI/system_clock.o
    0x08003ecc   0x00000210   Code   RO        28372    .text.Set_GPIO_Clock  BUILD/NUCLEO_F429ZI/ARMC6/mbed-os/targets/TARGET_STM/gpio_api.o
    0x080040dc   0x0000007c   Code   RO        28056    .text.SystemCoreClockUpdate  BUILD/NUCLEO_F429ZI/ARMC6/mbed-os/targets/TARGET_STM/TARGET_STM32F4/STM32Cube_FW/system_stm32f4xx.o
    0x08004158   0x00000020   Code   RO        28054    .text.SystemInit    BUILD/NUCLEO_F429ZI/ARMC6/mbed-os/targets/TARGET_STM/TARGET_STM32F4/STM32Cube_FW/system_stm32f4xx.o
    0x08004178   0x0000011c   Code   RO        27055    .text.TIM_Base_SetConfig  BUILD/NUCLEO_F429ZI/ARMC6/mbed-os/targets/TARGET_STM/TARGET_STM32F4/STM32Cube_FW/STM32F4xx_HAL_Driver/stm32f4xx_hal_tim.o
    0x08004294   0x00000070   Code   RO          538    .text.ThreadFlagsCheck  BUILD/NUCLEO_F429ZI/ARMC6/mbed-os/cmsis/CMSIS_5/CMSIS/RTOS2/RTX/Source/rtx_thread.o
    0x08004304   0x00000056   Code   RO          598    .text.TimerInsert   BUILD/NUCLEO_F429ZI/ARMC6/mbed-os/cmsis/CMSIS_5/CMSIS/RTOS2/RTX/Source/rtx_timer.o
    0x0800435a   0x000000dc   Code   RO        27367    .text.UART_SetConfig  BUILD/NUCLEO_F429ZI/ARMC6/mbed-os/targets/TARGET_STM/TARGET_STM32F4/STM32Cube_FW/STM32F4xx_HAL_Driver/stm32f4xx_hal_uart.o
    0x08004436   0x0000009a   Code   RO           74    .text._GLOBAL__sub_I_main.cpp  BUILD/NUCLEO_F429ZI/ARMC6/main.o
    0x080044d0   0x00000074   Code   RO           68    .text._Z12forward_passv  BUILD/NUCLEO_F429ZI/ARMC6/main.o
    0x08004544   0x000000d8   Code   RO           70    .text._Z15display_networkv  BUILD/NUCLEO_F429ZI/ARMC6/main.o
    0x0800461c   0x0000001a   Code   RO          724    .text._ZL17default_idle_hookv  BUILD/NUCLEO_F429ZI/ARMC6/mbed-os/cmsis/device/rtos/source/mbed_rtx_idle.o
    0x08004636   0x00000002   PAD
    0x08004638   0x00000054   Code   RO        23040    .text._ZL18reserve_filehandlev  BUILD/NUCLEO_F429ZI/ARMC6/mbed-os/platform/source/mbed_retarget.o
    0x0800468c   0x00000004   Code   RO         2986    .text._ZN10STM32_EMAC10power_downEv  BUILD/NUCLEO_F429ZI/ARMC6/mbed-os/connectivity/drivers/emac/TARGET_STM/stm32xx_emac.o
    0x08004690   0x00000002   Code   RO         2974    .text._ZN10STM32_EMAC10set_hwaddrEPKh  BUILD/NUCLEO_F429ZI/ARMC6/mbed-os/connectivity/drivers/emac/TARGET_STM/stm32xx_emac.o
    0x08004692   0x0000006c   Code   RO         2934    .text._ZN10STM32_EMAC12get_instanceEv  BUILD/NUCLEO_F429ZI/ARMC6/mbed-os/connectivity/drivers/emac/TARGET_STM/stm32xx_emac.o
    0x080046fe   0x00000002   PAD
    0x08004700   0x00000104   Code   RO         2946    .text._ZN10STM32_EMAC15low_level_inputEPPv  BUILD/NUCLEO_F429ZI/ARMC6/mbed-os/connectivity/drivers/emac/TARGET_STM/stm32xx_emac.o
    0x08004804   0x00000054   Code   RO         2950    .text._ZN10STM32_EMAC15thread_functionEPv  BUILD/NUCLEO_F429ZI/ARMC6/mbed-os/connectivity/drivers/emac/TARGET_STM/stm32xx_emac.o
    0x08004858   0x00000002   Code   RO         2984    .text._ZN10STM32_EMAC17set_all_multicastEb  BUILD/NUCLEO_F429ZI/ARMC6/mbed-os/connectivity/drivers/emac/TARGET_STM/stm32xx_emac.o
    0x0800485a   0x0000000c   Code   RO         2976    .text._ZN10STM32_EMAC17set_link_input_cbEN4mbed8CallbackIFvPvEEE  BUILD/NUCLEO_F429ZI/ARMC6/mbed-os/connectivity/drivers/emac/TARGET_STM/stm32xx_emac.o
    0x08004866   0x0000000c   Code   RO         2978    .text._ZN10STM32_EMAC17set_link_state_cbEN4mbed8CallbackIFvbEEE  BUILD/NUCLEO_F429ZI/ARMC6/mbed-os/connectivity/drivers/emac/TARGET_STM/stm32xx_emac.o
    0x08004872   0x00000006   Code   RO         2988    .text._ZN10STM32_EMAC18set_memory_managerER17EMACMemoryManager  BUILD/NUCLEO_F429ZI/ARMC6/mbed-os/connectivity/drivers/emac/TARGET_STM/stm32xx_emac.o
    0x08004878   0x00000002   Code   RO         2980    .text._ZN10STM32_EMAC19add_multicast_groupEPKh  BUILD/NUCLEO_F429ZI/ARMC6/mbed-os/connectivity/drivers/emac/TARGET_STM/stm32xx_emac.o
    0x0800487a   0x00000002   Code   RO         2982    .text._ZN10STM32_EMAC22remove_multicast_groupEPKh  BUILD/NUCLEO_F429ZI/ARMC6/mbed-os/connectivity/drivers/emac/TARGET_STM/stm32xx_emac.o
    0x0800487c   0x000000a8   Code   RO         2940    .text._ZN10STM32_EMAC25low_level_init_successfulEv  BUILD/NUCLEO_F429ZI/ARMC6/mbed-os/connectivity/drivers/emac/TARGET_STM/stm32xx_emac.o
    0x08004924   0x00000134   Code   RO         2944    .text._ZN10STM32_EMAC8link_outEPv  BUILD/NUCLEO_F429ZI/ARMC6/mbed-os/connectivity/drivers/emac/TARGET_STM/stm32xx_emac.o
    0x08004a58   0x00000048   Code   RO         2952    .text._ZN10STM32_EMAC8phy_taskEv  BUILD/NUCLEO_F429ZI/ARMC6/mbed-os/connectivity/drivers/emac/TARGET_STM/stm32xx_emac.o
    0x08004aa0   0x000000a8   Code   RO         2962    .text._ZN10STM32_EMAC8power_upEv  BUILD/NUCLEO_F429ZI/ARMC6/mbed-os/connectivity/drivers/emac/TARGET_STM/stm32xx_emac.o
    0x08004b48   0x0000007c   Code   RO         2948    .text._ZN10STM32_EMAC9packet_rxEv  BUILD/NUCLEO_F429ZI/ARMC6/mbed-os/connectivity/drivers/emac/TARGET_STM/stm32xx_emac.o
    0x08004bc4   0x0000000a   Code   RO            7    .text._ZN10dimensionsC2Eii  BUILD/NUCLEO_F429ZI/ARMC6/Matrix_Deploy.o
    0x08004bce   0x0000001c   Code   RO        23024    .text._ZN12DirectSerial4readEPvj  BUILD/NUCLEO_F429ZI/ARMC6/mbed-os/platform/source/mbed_retarget.o
    0x08004bea   0x0000000a   Code   RO        23200    .text._ZN12DirectSerial4seekEli  BUILD/NUCLEO_F429ZI/ARMC6/mbed-os/platform/source/mbed_retarget.o
    0x08004bf4   0x00000006   Code   RO        23206    .text._ZN12DirectSerial4sizeEv  BUILD/NUCLEO_F429ZI/ARMC6/mbed-os/platform/source/mbed_retarget.o
    0x08004bfa   0x00000004   Code   RO        23202    .text._ZN12DirectSerial5closeEv  BUILD/NUCLEO_F429ZI/ARMC6/mbed-os/platform/source/mbed_retarget.o
    0x08004bfe   0x00000002   PAD
    0x08004c00   0x00000028   Code   RO        23022    .text._ZN12DirectSerial5writeEPKvj  BUILD/NUCLEO_F429ZI/ARMC6/mbed-os/platform/source/mbed_retarget.o
    0x08004c28   0x00000004   Code   RO        23204    .text._ZN12DirectSerial6isattyEv  BUILD/NUCLEO_F429ZI/ARMC6/mbed-os/platform/source/mbed_retarget.o
    0x08004c2c   0x0000003a   Code   RO        23020    .text._ZN12DirectSerialC2ERK15serial_pinmap_ti  BUILD/NUCLEO_F429ZI/ARMC6/mbed-os/platform/source/mbed_retarget.o
    0x08004c66   0x00000004   Code   RO        23198    .text._ZN12DirectSerialD0Ev  BUILD/NUCLEO_F429ZI/ARMC6/mbed-os/platform/source/mbed_retarget.o
    0x08004c6a   0x00000006   Code   RO        21114    .text._ZN4mbed10FileHandle12enable_inputEb  BUILD/NUCLEO_F429ZI/ARMC6/mbed-os/drivers/usb/source/USBKeyboard.o
    0x08004c70   0x00000010   Code   RO        20418    .text._ZN4mbed10FileHandle12set_blockingEb  BUILD/NUCLEO_F429ZI/ARMC6/mbed-os/drivers/source/UnbufferedSerial.o
    0x08004c80   0x00000006   Code   RO        21116    .text._ZN4mbed10FileHandle13enable_outputEb  BUILD/NUCLEO_F429ZI/ARMC6/mbed-os/drivers/usb/source/USBKeyboard.o
    0x08004c86   0x00000004   Code   RO        20412    .text._ZN4mbed10FileHandle4syncEv  BUILD/NUCLEO_F429ZI/ARMC6/mbed-os/drivers/source/UnbufferedSerial.o
    0x08004c8a   0x0000000a   Code   RO        19726    .text._ZN4mbed10FileHandle4tellEv  BUILD/NUCLEO_F429ZI/ARMC6/mbed-os/drivers/source/BufferedSerial.o
    0x08004c94   0x00000002   Code   RO        20422    .text._ZN4mbed10FileHandle5sigioENS_8CallbackIFvvEEE  BUILD/NUCLEO_F429ZI/ARMC6/mbed-os/drivers/source/UnbufferedSerial.o
    0x08004c96   0x0000000a   Code   RO        19728    .text._ZN4mbed10FileHandle6rewindEv  BUILD/NUCLEO_F429ZI/ARMC6/mbed-os/drivers/source/BufferedSerial.o
    0x08004ca0   0x00000006   Code   RO        19730    .text._ZN4mbed10FileHandle8truncateEl  BUILD/NUCLEO_F429ZI/ARMC6/mbed-os/drivers/source/BufferedSerial.o
    0x08004ca6   0x00000002   Code   RO        22493    .text._ZN4mbed10FileHandleD2Ev  BUILD/NUCLEO_F429ZI/ARMC6/mbed-os/platform/source/FileHandle.o
    0x08004ca8   0x0000001c   Code   RO        21534    .text._ZN4mbed16mbed_event_queueEv  BUILD/NUCLEO_F429ZI/ARMC6/mbed-os/events/source/mbed_shared_queues.o
    0x08004cc4   0x0000008e   Code   RO        23036    .text._ZN4mbed16mbed_file_handleEi  BUILD/NUCLEO_F429ZI/ARMC6/mbed-os/platform/source/mbed_retarget.o
    0x08004d52   0x000000fa   Code   RO        21540    .text._ZN4mbed33do_shared_event_queue_with_threadIL12osPriority_t24ELj768ELj2048EEEPN6events10EventQueueEPKc  BUILD/NUCLEO_F429ZI/ARMC6/mbed-os/events/source/mbed_shared_queues.o
    0x08004e4c   0x0000003a   Code   RO        20016    .text._ZN4mbed4impl7MbedCRCILj79764919ELh32ELNS_7CrcModeE2EE7computeEPKvjPj  BUILD/NUCLEO_F429ZI/ARMC6/mbed-os/drivers/source/MbedCRC.o
    0x08004e86   0x00000014   Code   RO         3005    .text._ZN4mbed8CallbackIFvvEE11target_callIZNS2_C1IP10STM32_EMACMS5_FvvELi0EEET_T0_EUlvE_EEvPKNS_6detail12CallbackBaseE  BUILD/NUCLEO_F429ZI/ARMC6/mbed-os/connectivity/drivers/emac/TARGET_STM/stm32xx_emac.o
    0x08004e9a   0x00000014   Code   RO         1445    .text._ZN4mbed8CallbackIFvvEE11target_callIZNS2_C1IPN6events10EventQueueEMS6_FvvELi0EEET_T0_EUlvE_EEvPKNS_6detail12CallbackBaseE  BUILD/NUCLEO_F429ZI/ARMC6/mbed-os/connectivity/cellular/source/framework/device/CellularDevice.o
    0x08004eae   0x00000002   PAD
    0x08004eb0   0x000000a4   Code   RO        22477    .text._ZN4mbed8FileBase6lookupEPKcj  BUILD/NUCLEO_F429ZI/ARMC6/mbed-os/platform/source/FileBase.o
    0x08004f54   0x0000001e   Code   RO        22506    .text._ZN4mbed8FilePath10fileSystemEv  BUILD/NUCLEO_F429ZI/ARMC6/mbed-os/platform/source/FilePath.o
    0x08004f72   0x0000001c   Code   RO        22510    .text._ZN4mbed8FilePath4fileEv  BUILD/NUCLEO_F429ZI/ARMC6/mbed-os/platform/source/FilePath.o
    0x08004f8e   0x0000000a   Code   RO        22512    .text._ZN4mbed8FilePath6existsEv  BUILD/NUCLEO_F429ZI/ARMC6/mbed-os/platform/source/FilePath.o
    0x08004f98   0x00000016   Code   RO        22508    .text._ZN4mbed8FilePath6isFileEv  BUILD/NUCLEO_F429ZI/ARMC6/mbed-os/platform/source/FilePath.o
    0x08004fae   0x00000002   PAD
    0x08004fb0   0x00000080   Code   RO        22500    .text._ZN4mbed8FilePathC2EPKc  BUILD/NUCLEO_F429ZI/ARMC6/mbed-os/platform/source/FilePath.o
    0x08005030   0x00000058   Code   RO        23311    .text._ZN4rtos10EventFlags11constructorEPKc  BUILD/NUCLEO_F429ZI/ARMC6/mbed-os/rtos/source/EventFlags.o
    0x08005088   0x00000006   Code   RO        23315    .text._ZN4rtos10EventFlags3setEj  BUILD/NUCLEO_F429ZI/ARMC6/mbed-os/rtos/source/EventFlags.o
    0x0800508e   0x00000012   Code   RO        23331    .text._ZN4rtos10EventFlags8wait_anyEjjb  BUILD/NUCLEO_F429ZI/ARMC6/mbed-os/rtos/source/EventFlags.o
    0x080050a0   0x0000000c   Code   RO        23313    .text._ZN4rtos10EventFlagsC2EPKc  BUILD/NUCLEO_F429ZI/ARMC6/mbed-os/rtos/source/EventFlags.o
    0x080050ac   0x000000a0   Code   RO        23356    .text._ZN4rtos5Mutex11constructorEPKc  BUILD/NUCLEO_F429ZI/ARMC6/mbed-os/rtos/source/Mutex.o
    0x0800514c   0x00000040   Code   RO        23360    .text._ZN4rtos5Mutex4lockEv  BUILD/NUCLEO_F429ZI/ARMC6/mbed-os/rtos/source/Mutex.o
    0x0800518c   0x00000050   Code   RO        23372    .text._ZN4rtos5Mutex6unlockEv  BUILD/NUCLEO_F429ZI/ARMC6/mbed-os/rtos/source/Mutex.o
    0x080051dc   0x0000000e   Code   RO        23354    .text._ZN4rtos5MutexC2Ev  BUILD/NUCLEO_F429ZI/ARMC6/mbed-os/rtos/source/Mutex.o
    0x080051ea   0x0000000e   Code   RO        23376    .text._ZN4rtos5MutexD2Ev  BUILD/NUCLEO_F429ZI/ARMC6/mbed-os/rtos/source/Mutex.o
    0x080051f8   0x00000034   Code   RO        23343    .text._ZN4rtos6Kernel4impl14get_tick_countEv  BUILD/NUCLEO_F429ZI/ARMC6/mbed-os/rtos/source/Kernel.o
    0x0800522c   0x00000066   Code   RO        23451    .text._ZN4rtos6Thread11constructorE12osPriority_tjPhPKc  BUILD/NUCLEO_F429ZI/ARMC6/mbed-os/rtos/source/Thread.o
    0x08005292   0x00000002   PAD
    0x08005294   0x000000be   Code   RO        23453    .text._ZN4rtos6Thread5startEN4mbed8CallbackIFvvEEE  BUILD/NUCLEO_F429ZI/ARMC6/mbed-os/rtos/source/Thread.o
    0x08005352   0x00000002   PAD
    0x08005354   0x00000074   Code   RO        23455    .text._ZN4rtos6Thread6_thunkEPv  BUILD/NUCLEO_F429ZI/ARMC6/mbed-os/rtos/source/Thread.o
    0x080053c8   0x00000044   Code   RO        23457    .text._ZN4rtos6Thread9terminateEv  BUILD/NUCLEO_F429ZI/ARMC6/mbed-os/rtos/source/Thread.o
    0x0800540c   0x0000004c   Code   RO         1443    .text._ZN4rtos6ThreadC2E12osPriority_tjPhPKc  BUILD/NUCLEO_F429ZI/ARMC6/mbed-os/connectivity/cellular/source/framework/device/CellularDevice.o
    0x08005458   0x0000000e   Code   RO        23483    .text._ZN4rtos6ThreadD0Ev  BUILD/NUCLEO_F429ZI/ARMC6/mbed-os/rtos/source/Thread.o
    0x08005466   0x0000003c   Code   RO        23481    .text._ZN4rtos6ThreadD2Ev  BUILD/NUCLEO_F429ZI/ARMC6/mbed-os/rtos/source/Thread.o
    0x080054a2   0x00000002   PAD
    0x080054a4   0x00000064   Code   RO        23383    .text._ZN4rtos9Semaphore11constructorEit  BUILD/NUCLEO_F429ZI/ARMC6/mbed-os/rtos/source/Semaphore.o
    0x08005508   0x00000006   Code   RO        23399    .text._ZN4rtos9Semaphore7releaseEv  BUILD/NUCLEO_F429ZI/ARMC6/mbed-os/rtos/source/Semaphore.o
    0x0800550e   0x00000010   Code   RO        23381    .text._ZN4rtos9SemaphoreC2Ei  BUILD/NUCLEO_F429ZI/ARMC6/mbed-os/rtos/source/Semaphore.o
    0x0800551e   0x0000000e   Code   RO        23401    .text._ZN4rtos9SemaphoreD2Ev  BUILD/NUCLEO_F429ZI/ARMC6/mbed-os/rtos/source/Semaphore.o
    0x0800552c   0x00000058   Code   RO         3003    .text._ZN6events10EventQueue10call_everyIN4mbed8CallbackIFvvEEEEEiNSt3__26chrono8durationIiNS6_5ratioILx1ELx1000EEEEET_  BUILD/NUCLEO_F429ZI/ARMC6/mbed-os/connectivity/drivers/emac/TARGET_STM/stm32xx_emac.o
    0x08005584   0x00000024   Code   RO         1528    .text._ZN6events10EventQueue13function_callIN4mbed8CallbackIFvvEEEEEvPv  BUILD/NUCLEO_F429ZI/ARMC6/mbed-os/connectivity/cellular/source/framework/device/CellularStateMachine.o
    0x080055a8   0x00000002   Code   RO          853    .text._ZN6events10EventQueue13function_dtorIN4mbed8CallbackIFvvEEEEEvPv  BUILD/NUCLEO_F429ZI/ARMC6/mbed-os/connectivity/cellular/source/framework/AT/AT_CellularContext.o
    0x080055aa   0x00000008   Code   RO        21437    .text._ZN6events10EventQueue16dispatch_foreverEv  BUILD/NUCLEO_F429ZI/ARMC6/mbed-os/events/source/EventQueue.o
    0x080055b2   0x00000020   Code   RO        21429    .text._ZN6events10EventQueueC2EjPh  BUILD/NUCLEO_F429ZI/ARMC6/mbed-os/events/source/EventQueue.o
    0x080055d2   0x00000002   PAD
    0x080055d4   0x000000c4   Code   RO           51    .text._ZN6matrix4multEPS_S0_  BUILD/NUCLEO_F429ZI/ARMC6/Matrix_Deploy.o
    0x08005698   0x00000060   Code   RO           39    .text._ZN6matrix5printEv  BUILD/NUCLEO_F429ZI/ARMC6/Matrix_Deploy.o
    0x080056f8   0x00000050   Code   RO           55    .text._ZN6matrix7sigmoidEv  BUILD/NUCLEO_F429ZI/ARMC6/Matrix_Deploy.o
    0x08005748   0x00000050   Code   RO           35    .text._ZN6matrix8set_dataEPf10dimensions  BUILD/NUCLEO_F429ZI/ARMC6/Matrix_Deploy.o
    0x08005798   0x0000003c   Code   RO           27    .text._ZN6matrixC2Eii  BUILD/NUCLEO_F429ZI/ARMC6/Matrix_Deploy.o
    0x080057d4   0x00000074   Code   RO           29    .text._ZN6matrixC2Eiif  BUILD/NUCLEO_F429ZI/ARMC6/Matrix_Deploy.o
    0x08005848   0x0000000c   Code   RO         2972    .text._ZNK10STM32_EMAC10get_hwaddrEPh  BUILD/NUCLEO_F429ZI/ARMC6/mbed-os/connectivity/drivers/emac/TARGET_STM/stm32xx_emac.o
    0x08005854   0x00000014   Code   RO         2968    .text._ZNK10STM32_EMAC10get_ifnameEPch  BUILD/NUCLEO_F429ZI/ARMC6/mbed-os/connectivity/drivers/emac/TARGET_STM/stm32xx_emac.o
    0x08005868   0x00000006   Code   RO         2964    .text._ZNK10STM32_EMAC12get_mtu_sizeEv  BUILD/NUCLEO_F429ZI/ARMC6/mbed-os/connectivity/drivers/emac/TARGET_STM/stm32xx_emac.o
    0x0800586e   0x00000004   Code   RO         2970    .text._ZNK10STM32_EMAC15get_hwaddr_sizeEv  BUILD/NUCLEO_F429ZI/ARMC6/mbed-os/connectivity/drivers/emac/TARGET_STM/stm32xx_emac.o
    0x08005872   0x00000004   Code   RO         2966    .text._ZNK10STM32_EMAC20get_align_preferenceEv  BUILD/NUCLEO_F429ZI/ARMC6/mbed-os/connectivity/drivers/emac/TARGET_STM/stm32xx_emac.o
    0x08005876   0x0000003a   Code   RO        23026    .text._ZNK12DirectSerial4pollEs  BUILD/NUCLEO_F429ZI/ARMC6/mbed-os/platform/source/mbed_retarget.o
    0x080058b0   0x00000052   Code   RO        18975    .text._ZNK12SingletonPtrIN4rtos5MutexEE3getEv  BUILD/NUCLEO_F429ZI/ARMC6/mbed-os/connectivity/netsocket/source/nsapi_dns.o
    0x08005902   0x00000004   Code   RO        20420    .text._ZNK4mbed10FileHandle11is_blockingEv  BUILD/NUCLEO_F429ZI/ARMC6/mbed-os/drivers/source/UnbufferedSerial.o
    0x08005906   0x00000002   PAD
    0x08005908   0x0000007a   Code   RO        20018    .text._ZNK4mbed4impl7MbedCRCILj79764919ELh32ELNS_7CrcModeE2EE18do_compute_partialILS2_2EEENSt3__29enable_ifIXeqT_LS2_2EEiE4typeEPKhjPj  BUILD/NUCLEO_F429ZI/ARMC6/mbed-os/drivers/source/MbedCRC.o
    0x08005982   0x00000084   Code   RO        23467    .text._ZNK4rtos6Thread9get_stateEv  BUILD/NUCLEO_F429ZI/ARMC6/mbed-os/rtos/source/Thread.o
    0x08005a06   0x00000004   Code   RO        23166    .text._ZdaPv        BUILD/NUCLEO_F429ZI/ARMC6/mbed-os/platform/source/mbed_retarget.o
    0x08005a0a   0x00000004   Code   RO        23110    .text._ZdlPv        BUILD/NUCLEO_F429ZI/ARMC6/mbed-os/platform/source/mbed_retarget.o
    0x08005a0e   0x00000002   PAD
    0x08005a10   0x0000004c   Code   RO        23160    .text._Znaj         BUILD/NUCLEO_F429ZI/ARMC6/mbed-os/platform/source/mbed_retarget.o
    0x08005a5c   0x00000024   Code   RO        22914    .text.__NVIC_SystemReset  BUILD/NUCLEO_F429ZI/ARMC6/mbed-os/platform/source/mbed_error.o
    0x08005a80   0x00000078   Code   RO        23152    .text.__cxa_guard_acquire  BUILD/NUCLEO_F429ZI/ARMC6/mbed-os/platform/source/mbed_retarget.o
    0x08005af8   0x00000042   Code   RO        23154    .text.__cxa_guard_release  BUILD/NUCLEO_F429ZI/ARMC6/mbed-os/platform/source/mbed_retarget.o
    0x08005b3a   0x0000004e   Code   RO          637    .text.__rt_entry    BUILD/NUCLEO_F429ZI/ARMC6/mbed-os/cmsis/device/rtos/TOOLCHAIN_ARM_STD/mbed_boot_arm_std.o
    0x08005b88   0x00000068   Code   RO          641    .text.__user_perthread_libspace  BUILD/NUCLEO_F429ZI/ARMC6/mbed-os/cmsis/device/rtos/TOOLCHAIN_ARM_STD/mbed_boot_arm_std.o
    0x08005bf0   0x00000004   Code   RO        23088    .text.__user_setup_stackheap  BUILD/NUCLEO_F429ZI/ARMC6/mbed-os/platform/source/mbed_retarget.o
    0x08005bf4   0x0000003a   Code   RO         2922    .text._eth_config_mac  BUILD/NUCLEO_F429ZI/ARMC6/mbed-os/connectivity/drivers/emac/TARGET_STM/TARGET_STM32F4/TARGET_NUCLEO_F429ZI/stm32f4_eth_conf.o
    0x08005c2e   0x00000032   Code   RO        23084    .text._mbed_user_setup_stackheap  BUILD/NUCLEO_F429ZI/ARMC6/mbed-os/platform/source/mbed_retarget.o
    0x08005c60   0x00000034   Code   RO          645    .text._mutex_acquire  BUILD/NUCLEO_F429ZI/ARMC6/mbed-os/cmsis/device/rtos/TOOLCHAIN_ARM_STD/mbed_boot_arm_std.o
    0x08005c94   0x00000042   Code   RO          649    .text._mutex_free   BUILD/NUCLEO_F429ZI/ARMC6/mbed-os/cmsis/device/rtos/TOOLCHAIN_ARM_STD/mbed_boot_arm_std.o
    0x08005cd6   0x00000002   PAD
    0x08005cd8   0x000000a4   Code   RO          643    .text._mutex_initialize  BUILD/NUCLEO_F429ZI/ARMC6/mbed-os/cmsis/device/rtos/TOOLCHAIN_ARM_STD/mbed_boot_arm_std.o
    0x08005d7c   0x00000030   Code   RO          647    .text._mutex_release  BUILD/NUCLEO_F429ZI/ARMC6/mbed-os/cmsis/device/rtos/TOOLCHAIN_ARM_STD/mbed_boot_arm_std.o
    0x08005dac   0x00000004   Code   RO          276    .text._platform_post_stackheap_init  BUILD/NUCLEO_F429ZI/ARMC6/mbed-os/cmsis/CMSIS_5/CMSIS/RTOS2/RTX/Source/rtx_lib.o
    0x08005db0   0x00000004   Code   RO        23054    .text._sys_close    BUILD/NUCLEO_F429ZI/ARMC6/mbed-os/platform/source/mbed_retarget.o
    0x08005db4   0x00000002   Code   RO        23062    .text._sys_exit     BUILD/NUCLEO_F429ZI/ARMC6/mbed-os/platform/source/mbed_retarget.o
    0x08005db6   0x0000002a   Code   RO        23082    .text._sys_flen     BUILD/NUCLEO_F429ZI/ARMC6/mbed-os/platform/source/mbed_retarget.o
    0x08005de0   0x00000004   Code   RO        23070    .text._sys_istty    BUILD/NUCLEO_F429ZI/ARMC6/mbed-os/platform/source/mbed_retarget.o
    0x08005de4   0x0000008a   Code   RO        23050    .text._sys_open     BUILD/NUCLEO_F429ZI/ARMC6/mbed-os/platform/source/mbed_retarget.o
    0x08005e6e   0x00000006   Code   RO        23072    .text._sys_seek     BUILD/NUCLEO_F429ZI/ARMC6/mbed-os/platform/source/mbed_retarget.o
    0x08005e74   0x00000130   Code   RO        23058    .text._sys_write    BUILD/NUCLEO_F429ZI/ARMC6/mbed-os/platform/source/mbed_retarget.o
    0x08005fa4   0x00000018   Code   RO        23064    .text._ttywrch      BUILD/NUCLEO_F429ZI/ARMC6/mbed-os/platform/source/mbed_retarget.o
    0x08005fbc   0x00000016   Code   RO        23263    .text._wait_us_ticks  BUILD/NUCLEO_F429ZI/ARMC6/mbed-os/platform/source/mbed_wait_api_no_rtos.o
    0x08005fd2   0x00000002   Code   RO        22259    .text.block_us_ticker_free  BUILD/NUCLEO_F429ZI/ARMC6/mbed-os/hal/source/mbed_us_ticker_api.o
    0x08005fd4   0x0000013a   Code   RO        28349    .text.can_irq       BUILD/NUCLEO_F429ZI/ARMC6/mbed-os/targets/TARGET_STM/can_api.o
    0x0800610e   0x0000003c   Code   RO        23056    .text.close         BUILD/NUCLEO_F429ZI/ARMC6/mbed-os/platform/source/mbed_retarget.o
    0x0800614a   0x0000000c   Code   RO        22857    .text.core_util_are_interrupts_enabled  BUILD/NUCLEO_F429ZI/ARMC6/mbed-os/platform/source/mbed_critical.o
    0x08006156   0x00000002   PAD
    0x08006158   0x00000084   Code   RO        22863    .text.core_util_critical_section_enter  BUILD/NUCLEO_F429ZI/ARMC6/mbed-os/platform/source/mbed_critical.o
    0x080061dc   0x00000018   Code   RO        22865    .text.core_util_critical_section_exit  BUILD/NUCLEO_F429ZI/ARMC6/mbed-os/platform/source/mbed_critical.o
    0x080061f4   0x0000000c   Code   RO        22859    .text.core_util_is_isr_active  BUILD/NUCLEO_F429ZI/ARMC6/mbed-os/platform/source/mbed_critical.o
    0x08006200   0x00000054   Code   RO        28649    .text.debug         BUILD/NUCLEO_F429ZI/ARMC6/mbed-os/targets/TARGET_STM/serial_api.o
    0x08006254   0x00000082   Code   RO        21463    .text.equeue_alloc  BUILD/NUCLEO_F429ZI/ARMC6/mbed-os/events/source/equeue.o
    0x080062d6   0x00000024   Code   RO        21457    .text.equeue_create  BUILD/NUCLEO_F429ZI/ARMC6/mbed-os/events/source/equeue.o
    0x080062fa   0x00000072   Code   RO        21459    .text.equeue_create_inplace  BUILD/NUCLEO_F429ZI/ARMC6/mbed-os/events/source/equeue.o
    0x0800636c   0x00000086   Code   RO        21465    .text.equeue_dealloc  BUILD/NUCLEO_F429ZI/ARMC6/mbed-os/events/source/equeue.o
    0x080063f2   0x00000002   PAD
    0x080063f4   0x000001aa   Code   RO        21485    .text.equeue_dispatch  BUILD/NUCLEO_F429ZI/ARMC6/mbed-os/events/source/equeue.o
    0x0800659e   0x00000002   PAD
    0x080065a0   0x000000b4   Code   RO        21467    .text.equeue_enqueue  BUILD/NUCLEO_F429ZI/ARMC6/mbed-os/events/source/equeue.o
    0x08006654   0x00000004   Code   RO        21519    .text.equeue_mutex_lock  BUILD/NUCLEO_F429ZI/ARMC6/mbed-os/events/source/equeue_mbed.o
    0x08006658   0x00000004   Code   RO        21521    .text.equeue_mutex_unlock  BUILD/NUCLEO_F429ZI/ARMC6/mbed-os/events/source/equeue_mbed.o
    0x0800665c   0x00000048   Code   RO        21469    .text.equeue_post   BUILD/NUCLEO_F429ZI/ARMC6/mbed-os/events/source/equeue.o
    0x080066a4   0x00000014   Code   RO        21523    .text.equeue_sema_create  BUILD/NUCLEO_F429ZI/ARMC6/mbed-os/events/source/equeue_mbed.o
    0x080066b8   0x00000006   Code   RO        21527    .text.equeue_sema_signal  BUILD/NUCLEO_F429ZI/ARMC6/mbed-os/events/source/equeue_mbed.o
    0x080066be   0x00000018   Code   RO        21529    .text.equeue_sema_wait  BUILD/NUCLEO_F429ZI/ARMC6/mbed-os/events/source/equeue_mbed.o
    0x080066d6   0x00000008   Code   RO        21513    .text.equeue_tick   BUILD/NUCLEO_F429ZI/ARMC6/mbed-os/events/source/equeue_mbed.o
    0x080066de   0x00000002   PAD
    0x080066e0   0x00000070   Code   RO        22870    .text.error         BUILD/NUCLEO_F429ZI/ARMC6/mbed-os/platform/source/mbed_error.o
    0x08006750   0x00000034   Code   RO          716    .text.error_msg     BUILD/NUCLEO_F429ZI/ARMC6/mbed-os/cmsis/device/rtos/source/mbed_rtx_handlers.o
    0x08006784   0x0000002e   Code   RO        23128    .text.exit          BUILD/NUCLEO_F429ZI/ARMC6/mbed-os/platform/source/mbed_retarget.o
    0x080067b2   0x0000002c   Code   RO        23080    .text.fsync         BUILD/NUCLEO_F429ZI/ARMC6/mbed-os/platform/source/mbed_retarget.o
    0x080067de   0x000000aa   Code   RO        28639    .text.get_uart_index  BUILD/NUCLEO_F429ZI/ARMC6/mbed-os/targets/TARGET_STM/serial_api.o
    0x08006888   0x0000002e   Code   RO        28380    .text.gpio_dir      BUILD/NUCLEO_F429ZI/ARMC6/mbed-os/targets/TARGET_STM/gpio_api.o
    0x080068b6   0x00000046   Code   RO        28376    .text.gpio_init     BUILD/NUCLEO_F429ZI/ARMC6/mbed-os/targets/TARGET_STM/gpio_api.o
    0x080068fc   0x00000006   Code   RO        22115    .text.gpio_init_out  BUILD/NUCLEO_F429ZI/ARMC6/mbed-os/hal/source/mbed_gpio.o
    0x08006902   0x00000038   Code   RO        22117    .text.gpio_init_out_ex  BUILD/NUCLEO_F429ZI/ARMC6/mbed-os/hal/source/mbed_gpio.o
    0x0800693a   0x00000008   Code   RO        28378    .text.gpio_mode     BUILD/NUCLEO_F429ZI/ARMC6/mbed-os/targets/TARGET_STM/gpio_api.o
    0x08006942   0x00000002   PAD
    0x08006944   0x00000064   Code   RO        28374    .text.gpio_set      BUILD/NUCLEO_F429ZI/ARMC6/mbed-os/targets/TARGET_STM/gpio_api.o
    0x080069a8   0x0000002a   Code   RO        22097    .text.hal_critical_section_enter  BUILD/NUCLEO_F429ZI/ARMC6/mbed-os/hal/source/mbed_critical_section_api.o
    0x080069d2   0x00000002   PAD
    0x080069d4   0x00000080   Code   RO        22099    .text.hal_critical_section_exit  BUILD/NUCLEO_F429ZI/ARMC6/mbed-os/hal/source/mbed_critical_section_api.o
    0x08006a54   0x0000011c   Code   RO        28678    .text.hal_deepsleep  BUILD/NUCLEO_F429ZI/ARMC6/mbed-os/targets/TARGET_STM/sleep.o
    0x08006b70   0x00000022   Code   RO        28676    .text.hal_sleep     BUILD/NUCLEO_F429ZI/ARMC6/mbed-os/targets/TARGET_STM/sleep.o
    0x08006b92   0x00000110   Code   RO        22872    .text.handle_error  BUILD/NUCLEO_F429ZI/ARMC6/mbed-os/platform/source/mbed_error.o
    0x08006ca2   0x000000bc   Code   RO        28754    .text.init_32bit_timer  BUILD/NUCLEO_F429ZI/ARMC6/mbed-os/targets/TARGET_STM/us_ticker.o
    0x08006d5e   0x00000064   Code   RO        28641    .text.init_uart     BUILD/NUCLEO_F429ZI/ARMC6/mbed-os/targets/TARGET_STM/serial_api.o
    0x08006dc2   0x00000028   Code   RO        23044    .text.isatty        BUILD/NUCLEO_F429ZI/ARMC6/mbed-os/platform/source/mbed_retarget.o
    0x08006dea   0x00000032   Code   RO        23074    .text.lseek         BUILD/NUCLEO_F429ZI/ARMC6/mbed-os/platform/source/mbed_retarget.o
    0x08006e1c   0x00000190   Code   RO           64    .text.main          BUILD/NUCLEO_F429ZI/ARMC6/main.o
    0x08006fac   0x0000001a   Code   RO        22746    .text.mbed_assert_internal  BUILD/NUCLEO_F429ZI/ARMC6/mbed-os/platform/source/mbed_assert.o
    0x08006fc6   0x00000002   PAD
    0x08006fc8   0x00000064   Code   RO        22846    .text.mbed_die      BUILD/NUCLEO_F429ZI/ARMC6/mbed-os/platform/source/mbed_board.o
    0x0800702c   0x00000124   Code   RO        22894    .text.mbed_error    BUILD/NUCLEO_F429ZI/ARMC6/mbed-os/platform/source/mbed_error.o
    0x08007150   0x0000006a   Code   RO        22882    .text.mbed_error_initialize  BUILD/NUCLEO_F429ZI/ARMC6/mbed-os/platform/source/mbed_error.o
    0x080071ba   0x00000020   Code   RO        22848    .text.mbed_error_printf  BUILD/NUCLEO_F429ZI/ARMC6/mbed-os/platform/source/mbed_board.o
    0x080071da   0x00000002   PAD
    0x080071dc   0x00000052   Code   RO        22852    .text.mbed_error_puts  BUILD/NUCLEO_F429ZI/ARMC6/mbed-os/platform/source/mbed_board.o
    0x0800722e   0x00000034   Code   RO        22850    .text.mbed_error_vprintf  BUILD/NUCLEO_F429ZI/ARMC6/mbed-os/platform/source/mbed_board.o
    0x08007262   0x00000002   PAD
    0x08007264   0x00000100   Code   RO        22729    .text.mbed_fault_handler  BUILD/NUCLEO_F429ZI/ARMC6/mbed-os/platform/source/TARGET_CORTEX_M/mbed_fault_handler.o
    0x08007364   0x0000000c   Code   RO        22890    .text.mbed_get_error_in_progress  BUILD/NUCLEO_F429ZI/ARMC6/mbed-os/platform/source/mbed_error.o
    0x08007370   0x0000003e   Code   RO        22876    .text.mbed_halt_system  BUILD/NUCLEO_F429ZI/ARMC6/mbed-os/platform/source/mbed_error.o
    0x080073ae   0x00000002   PAD
    0x080073b0   0x0000003c   Code   RO          657    .text.mbed_init     BUILD/NUCLEO_F429ZI/ARMC6/mbed-os/cmsis/device/rtos/source/mbed_boot.o
    0x080073ec   0x0000002c   Code   RO         2942    .text.mbed_mac_address  BUILD/NUCLEO_F429ZI/ARMC6/mbed-os/connectivity/drivers/emac/TARGET_STM/stm32xx_emac.o
    0x08007418   0x000000b0   Code   RO        22267    .text.mbed_mpu_init  BUILD/NUCLEO_F429ZI/ARMC6/mbed-os/hal/source/mpu/mbed_mpu_v7m.o
    0x080074c8   0x00000004   Code   RO          673    .text.mbed_rtos_init  BUILD/NUCLEO_F429ZI/ARMC6/mbed-os/cmsis/device/rtos/source/mbed_rtos_rtx.o
    0x080074cc   0x0000002c   Code   RO          677    .text.mbed_rtos_init_singleton_mutex  BUILD/NUCLEO_F429ZI/ARMC6/mbed-os/cmsis/device/rtos/source/mbed_rtos_rtx.o
    0x080074f8   0x000000a8   Code   RO          675    .text.mbed_rtos_start  BUILD/NUCLEO_F429ZI/ARMC6/mbed-os/cmsis/device/rtos/source/mbed_rtos_rtx.o
    0x080075a0   0x00000024   Code   RO        28539    .text.mbed_sdk_init  BUILD/NUCLEO_F429ZI/ARMC6/mbed-os/targets/TARGET_STM/mbed_overrides.o
    0x080075c4   0x0000001e   Code   RO          661    .text.mbed_start    BUILD/NUCLEO_F429ZI/ARMC6/mbed-os/cmsis/device/rtos/source/mbed_boot.o
    0x080075e2   0x00000020   Code   RO        20007    .text.mbed_tiny_compute_crc32  BUILD/NUCLEO_F429ZI/ARMC6/mbed-os/drivers/source/MbedCRC.o
    0x08007602   0x0000001a   Code   RO          639    .text.mbed_toolchain_init  BUILD/NUCLEO_F429ZI/ARMC6/mbed-os/cmsis/device/rtos/TOOLCHAIN_ARM_STD/mbed_boot_arm_std.o
    0x0800761c   0x000000be   Code   RO        23052    .text.open          BUILD/NUCLEO_F429ZI/ARMC6/mbed-os/platform/source/mbed_retarget.o
    0x080076da   0x0000002e   Code   RO          146    .text.osDelay       BUILD/NUCLEO_F429ZI/ARMC6/mbed-os/cmsis/CMSIS_5/CMSIS/RTOS2/RTX/Source/rtx_delay.o
    0x08007708   0x00000032   Code   RO          156    .text.osEventFlagsNew  BUILD/NUCLEO_F429ZI/ARMC6/mbed-os/cmsis/CMSIS_5/CMSIS/RTOS2/RTX/Source/rtx_evflags.o
    0x0800773a   0x00000056   Code   RO          160    .text.osEventFlagsSet  BUILD/NUCLEO_F429ZI/ARMC6/mbed-os/cmsis/CMSIS_5/CMSIS/RTOS2/RTX/Source/rtx_evflags.o
    0x08007790   0x0000004e   Code   RO          170    .text.osEventFlagsWait  BUILD/NUCLEO_F429ZI/ARMC6/mbed-os/cmsis/CMSIS_5/CMSIS/RTOS2/RTX/Source/rtx_evflags.o
    0x080077de   0x00000032   Code   RO          226    .text.osKernelGetState  BUILD/NUCLEO_F429ZI/ARMC6/mbed-os/cmsis/CMSIS_5/CMSIS/RTOS2/RTX/Source/rtx_kernel.o
    0x08007810   0x0000002a   Code   RO          242    .text.osKernelGetTickCount  BUILD/NUCLEO_F429ZI/ARMC6/mbed-os/cmsis/CMSIS_5/CMSIS/RTOS2/RTX/Source/rtx_kernel.o
    0x0800783a   0x00000032   Code   RO          220    .text.osKernelInitialize  BUILD/NUCLEO_F429ZI/ARMC6/mbed-os/cmsis/CMSIS_5/CMSIS/RTOS2/RTX/Source/rtx_kernel.o
    0x0800786c   0x0000002e   Code   RO          230    .text.osKernelStart  BUILD/NUCLEO_F429ZI/ARMC6/mbed-os/cmsis/CMSIS_5/CMSIS/RTOS2/RTX/Source/rtx_kernel.o
    0x0800789a   0x0000007c   Code   RO          352    .text.osMessageQueueGet  BUILD/NUCLEO_F429ZI/ARMC6/mbed-os/cmsis/CMSIS_5/CMSIS/RTOS2/RTX/Source/rtx_msgqueue.o
    0x08007916   0x00000032   Code   RO          346    .text.osMessageQueueNew  BUILD/NUCLEO_F429ZI/ARMC6/mbed-os/cmsis/CMSIS_5/CMSIS/RTOS2/RTX/Source/rtx_msgqueue.o
    0x08007948   0x00000084   Code   RO          350    .text.osMessageQueuePut  BUILD/NUCLEO_F429ZI/ARMC6/mbed-os/cmsis/CMSIS_5/CMSIS/RTOS2/RTX/Source/rtx_msgqueue.o
    0x080079cc   0x0000002e   Code   RO          402    .text.osMutexAcquire  BUILD/NUCLEO_F429ZI/ARMC6/mbed-os/cmsis/CMSIS_5/CMSIS/RTOS2/RTX/Source/rtx_mutex.o
    0x080079fa   0x0000002e   Code   RO          408    .text.osMutexDelete  BUILD/NUCLEO_F429ZI/ARMC6/mbed-os/cmsis/CMSIS_5/CMSIS/RTOS2/RTX/Source/rtx_mutex.o
    0x08007a28   0x00000032   Code   RO          398    .text.osMutexNew    BUILD/NUCLEO_F429ZI/ARMC6/mbed-os/cmsis/CMSIS_5/CMSIS/RTOS2/RTX/Source/rtx_mutex.o
    0x08007a5a   0x0000002e   Code   RO          404    .text.osMutexRelease  BUILD/NUCLEO_F429ZI/ARMC6/mbed-os/cmsis/CMSIS_5/CMSIS/RTOS2/RTX/Source/rtx_mutex.o
    0x08007a88   0x000000fc   Code   RO          692    .text.osRtxErrorNotify  BUILD/NUCLEO_F429ZI/ARMC6/mbed-os/cmsis/device/rtos/source/mbed_rtx_handlers.o
    0x08007b84   0x00000038   Code   RO          176    .text.osRtxEventFlagsPostProcess  BUILD/NUCLEO_F429ZI/ARMC6/mbed-os/cmsis/CMSIS_5/CMSIS/RTOS2/RTX/Source/rtx_evflags.o
    0x08007bbc   0x00000004   Code   RO          690    .text.osRtxIdleThread  BUILD/NUCLEO_F429ZI/ARMC6/mbed-os/cmsis/device/rtos/source/mbed_rtx_handlers.o
    0x08007bc0   0x00000086   Code   RO          294    .text.osRtxMemoryAlloc  BUILD/NUCLEO_F429ZI/ARMC6/mbed-os/cmsis/CMSIS_5/CMSIS/RTOS2/RTX/Source/rtx_memory.o
    0x08007c46   0x00000002   PAD
    0x08007c48   0x0000004e   Code   RO          296    .text.osRtxMemoryFree  BUILD/NUCLEO_F429ZI/ARMC6/mbed-os/cmsis/CMSIS_5/CMSIS/RTOS2/RTX/Source/rtx_memory.o
    0x08007c96   0x00000038   Code   RO          292    .text.osRtxMemoryInit  BUILD/NUCLEO_F429ZI/ARMC6/mbed-os/cmsis/CMSIS_5/CMSIS/RTOS2/RTX/Source/rtx_memory.o
    0x08007cce   0x0000003a   Code   RO          302    .text.osRtxMemoryPoolAlloc  BUILD/NUCLEO_F429ZI/ARMC6/mbed-os/cmsis/CMSIS_5/CMSIS/RTOS2/RTX/Source/rtx_mempool.o
    0x08007d08   0x0000004a   Code   RO          304    .text.osRtxMemoryPoolFree  BUILD/NUCLEO_F429ZI/ARMC6/mbed-os/cmsis/CMSIS_5/CMSIS/RTOS2/RTX/Source/rtx_mempool.o
    0x08007d52   0x00000002   PAD
    0x08007d54   0x00000052   Code   RO          300    .text.osRtxMemoryPoolInit  BUILD/NUCLEO_F429ZI/ARMC6/mbed-os/cmsis/CMSIS_5/CMSIS/RTOS2/RTX/Source/rtx_mempool.o
    0x08007da6   0x000000d6   Code   RO          376    .text.osRtxMessageQueuePostProcess  BUILD/NUCLEO_F429ZI/ARMC6/mbed-os/cmsis/CMSIS_5/CMSIS/RTOS2/RTX/Source/rtx_msgqueue.o
    0x08007e7c   0x0000004a   Code   RO          394    .text.osRtxMutexOwnerRelease  BUILD/NUCLEO_F429ZI/ARMC6/mbed-os/cmsis/CMSIS_5/CMSIS/RTOS2/RTX/Source/rtx_mutex.o
    0x08007ec6   0x00000002   PAD
    0x08007ec8   0x0000004a   Code   RO          396    .text.osRtxMutexOwnerRestore  BUILD/NUCLEO_F429ZI/ARMC6/mbed-os/cmsis/CMSIS_5/CMSIS/RTOS2/RTX/Source/rtx_mutex.o
    0x08007f12   0x00000002   PAD
    0x08007f14   0x000000a4   Code   RO          454    .text.osRtxPendSV_Handler  BUILD/NUCLEO_F429ZI/ARMC6/mbed-os/cmsis/CMSIS_5/CMSIS/RTOS2/RTX/Source/rtx_system.o
    0x08007fb8   0x00000076   Code   RO          456    .text.osRtxPostProcess  BUILD/NUCLEO_F429ZI/ARMC6/mbed-os/cmsis/CMSIS_5/CMSIS/RTOS2/RTX/Source/rtx_system.o
    0x0800802e   0x00000036   Code   RO          440    .text.osRtxSemaphorePostProcess  BUILD/NUCLEO_F429ZI/ARMC6/mbed-os/cmsis/CMSIS_5/CMSIS/RTOS2/RTX/Source/rtx_semaphore.o
    0x08008064   0x000000a2   Code   RO          486    .text.osRtxThreadDelayInsert  BUILD/NUCLEO_F429ZI/ARMC6/mbed-os/cmsis/CMSIS_5/CMSIS/RTOS2/RTX/Source/rtx_thread.o
    0x08008106   0x00000042   Code   RO          482    .text.osRtxThreadDelayRemove  BUILD/NUCLEO_F429ZI/ARMC6/mbed-os/cmsis/CMSIS_5/CMSIS/RTOS2/RTX/Source/rtx_thread.o
    0x08008148   0x000000a2   Code   RO          470    .text.osRtxThreadDelayTick  BUILD/NUCLEO_F429ZI/ARMC6/mbed-os/cmsis/CMSIS_5/CMSIS/RTOS2/RTX/Source/rtx_thread.o
    0x080081ea   0x00000002   PAD
    0x080081ec   0x000000fe   Code   RO          478    .text.osRtxThreadDispatch  BUILD/NUCLEO_F429ZI/ARMC6/mbed-os/cmsis/CMSIS_5/CMSIS/RTOS2/RTX/Source/rtx_thread.o
    0x080082ea   0x00000064   Code   RO          560    .text.osRtxThreadFree  BUILD/NUCLEO_F429ZI/ARMC6/mbed-os/cmsis/CMSIS_5/CMSIS/RTOS2/RTX/Source/rtx_thread.o
    0x0800834e   0x00000012   Code   RO          462    .text.osRtxThreadListGet  BUILD/NUCLEO_F429ZI/ARMC6/mbed-os/cmsis/CMSIS_5/CMSIS/RTOS2/RTX/Source/rtx_thread.o
    0x08008360   0x0000002a   Code   RO          460    .text.osRtxThreadListPut  BUILD/NUCLEO_F429ZI/ARMC6/mbed-os/cmsis/CMSIS_5/CMSIS/RTOS2/RTX/Source/rtx_thread.o
    0x0800838a   0x00000014   Code   RO          466    .text.osRtxThreadListRemove  BUILD/NUCLEO_F429ZI/ARMC6/mbed-os/cmsis/CMSIS_5/CMSIS/RTOS2/RTX/Source/rtx_thread.o
    0x0800839e   0x00000002   PAD
    0x080083a0   0x00000046   Code   RO          464    .text.osRtxThreadListSort  BUILD/NUCLEO_F429ZI/ARMC6/mbed-os/cmsis/CMSIS_5/CMSIS/RTOS2/RTX/Source/rtx_thread.o
    0x080083e6   0x0000002a   Code   RO          536    .text.osRtxThreadPostProcess  BUILD/NUCLEO_F429ZI/ARMC6/mbed-os/cmsis/CMSIS_5/CMSIS/RTOS2/RTX/Source/rtx_thread.o
    0x08008410   0x0000003a   Code   RO          468    .text.osRtxThreadReadyPut  BUILD/NUCLEO_F429ZI/ARMC6/mbed-os/cmsis/CMSIS_5/CMSIS/RTOS2/RTX/Source/rtx_thread.o
    0x0800844a   0x00000014   Code   RO          472    .text.osRtxThreadRegPtr  BUILD/NUCLEO_F429ZI/ARMC6/mbed-os/cmsis/CMSIS_5/CMSIS/RTOS2/RTX/Source/rtx_thread.o
    0x0800845e   0x0000002a   Code   RO          476    .text.osRtxThreadStackCheck  BUILD/NUCLEO_F429ZI/ARMC6/mbed-os/cmsis/CMSIS_5/CMSIS/RTOS2/RTX/Source/rtx_thread.o
    0x08008488   0x00000046   Code   RO          488    .text.osRtxThreadStartup  BUILD/NUCLEO_F429ZI/ARMC6/mbed-os/cmsis/CMSIS_5/CMSIS/RTOS2/RTX/Source/rtx_thread.o
    0x080084ce   0x00000012   Code   RO          474    .text.osRtxThreadSwitch  BUILD/NUCLEO_F429ZI/ARMC6/mbed-os/cmsis/CMSIS_5/CMSIS/RTOS2/RTX/Source/rtx_thread.o
    0x080084e0   0x0000004c   Code   RO          484    .text.osRtxThreadWaitEnter  BUILD/NUCLEO_F429ZI/ARMC6/mbed-os/cmsis/CMSIS_5/CMSIS/RTOS2/RTX/Source/rtx_thread.o
    0x0800852c   0x00000062   Code   RO          480    .text.osRtxThreadWaitExit  BUILD/NUCLEO_F429ZI/ARMC6/mbed-os/cmsis/CMSIS_5/CMSIS/RTOS2/RTX/Source/rtx_thread.o
    0x0800858e   0x00000074   Code   RO          452    .text.osRtxTick_Handler  BUILD/NUCLEO_F429ZI/ARMC6/mbed-os/cmsis/CMSIS_5/CMSIS/RTOS2/RTX/Source/rtx_system.o
    0x08008602   0x00000002   PAD
    0x08008604   0x00000044   Code   RO          582    .text.osRtxTimerThread  BUILD/NUCLEO_F429ZI/ARMC6/mbed-os/cmsis/CMSIS_5/CMSIS/RTOS2/RTX/Source/rtx_timer.o
    0x08008648   0x0000005a   Code   RO          584    .text.osRtxTimerTick  BUILD/NUCLEO_F429ZI/ARMC6/mbed-os/cmsis/CMSIS_5/CMSIS/RTOS2/RTX/Source/rtx_timer.o
    0x080086a2   0x0000002e   Code   RO          436    .text.osSemaphoreDelete  BUILD/NUCLEO_F429ZI/ARMC6/mbed-os/cmsis/CMSIS_5/CMSIS/RTOS2/RTX/Source/rtx_semaphore.o
    0x080086d0   0x00000032   Code   RO          424    .text.osSemaphoreNew  BUILD/NUCLEO_F429ZI/ARMC6/mbed-os/cmsis/CMSIS_5/CMSIS/RTOS2/RTX/Source/rtx_semaphore.o
    0x08008702   0x00000076   Code   RO          430    .text.osSemaphoreRelease  BUILD/NUCLEO_F429ZI/ARMC6/mbed-os/cmsis/CMSIS_5/CMSIS/RTOS2/RTX/Source/rtx_semaphore.o
    0x08008778   0x0000001a   Code   RO          520    .text.osThreadExit  BUILD/NUCLEO_F429ZI/ARMC6/mbed-os/cmsis/CMSIS_5/CMSIS/RTOS2/RTX/Source/rtx_thread.o
    0x08008792   0x00000066   Code   RO          528    .text.osThreadFlagsSet  BUILD/NUCLEO_F429ZI/ARMC6/mbed-os/cmsis/CMSIS_5/CMSIS/RTOS2/RTX/Source/rtx_thread.o
    0x080087f8   0x00000030   Code   RO          534    .text.osThreadFlagsWait  BUILD/NUCLEO_F429ZI/ARMC6/mbed-os/cmsis/CMSIS_5/CMSIS/RTOS2/RTX/Source/rtx_thread.o
    0x08008828   0x0000002a   Code   RO          496    .text.osThreadGetId  BUILD/NUCLEO_F429ZI/ARMC6/mbed-os/cmsis/CMSIS_5/CMSIS/RTOS2/RTX/Source/rtx_thread.o
    0x08008852   0x00000032   Code   RO          492    .text.osThreadNew   BUILD/NUCLEO_F429ZI/ARMC6/mbed-os/cmsis/CMSIS_5/CMSIS/RTOS2/RTX/Source/rtx_thread.o
    0x08008884   0x00000038   Code   RO          522    .text.osThreadTerminate  BUILD/NUCLEO_F429ZI/ARMC6/mbed-os/cmsis/CMSIS_5/CMSIS/RTOS2/RTX/Source/rtx_thread.o
    0x080088bc   0x00000128   Code   RO        28545    .text.pin_function  BUILD/NUCLEO_F429ZI/ARMC6/mbed-os/targets/TARGET_STM/pinmap.o
    0x080089e4   0x00000088   Code   RO        28547    .text.pin_mode      BUILD/NUCLEO_F429ZI/ARMC6/mbed-os/targets/TARGET_STM/pinmap.o
    0x08008a6c   0x00000170   Code   RO        22731    .text.print_context_info  BUILD/NUCLEO_F429ZI/ARMC6/mbed-os/platform/source/TARGET_CORTEX_M/mbed_fault_handler.o
    0x08008bdc   0x000001f0   Code   RO        22874    .text.print_error_report  BUILD/NUCLEO_F429ZI/ARMC6/mbed-os/platform/source/mbed_error.o
    0x08008dcc   0x00000038   Code   RO        28770    .text.restore_timer_ctx  BUILD/NUCLEO_F429ZI/ARMC6/mbed-os/targets/TARGET_STM/us_ticker.o
    0x08008e04   0x0000000e   Code   RO          726    .text.rtos_idle_loop  BUILD/NUCLEO_F429ZI/ARMC6/mbed-os/cmsis/device/rtos/source/mbed_rtx_idle.o
    0x08008e12   0x00000038   Code   RO        28768    .text.save_timer_ctx  BUILD/NUCLEO_F429ZI/ARMC6/mbed-os/targets/TARGET_STM/us_ticker.o
    0x08008e4a   0x00000002   PAD
    0x08008e4c   0x00000138   Code   RO        22229    .text.schedule_interrupt  BUILD/NUCLEO_F429ZI/ARMC6/mbed-os/hal/source/mbed_ticker_api.o
    0x08008f84   0x00000018   Code   RO        28647    .text.serial_baud   BUILD/NUCLEO_F429ZI/ARMC6/mbed-os/targets/TARGET_STM/serial_api.o
    0x08008f9c   0x00000042   Code   RO        28163    .text.serial_getc   BUILD/NUCLEO_F429ZI/ARMC6/mbed-os/targets/TARGET_STM/TARGET_STM32F4/serial_device.o
    0x08008fde   0x00000002   PAD
    0x08008fe0   0x00000240   Code   RO        28637    .text.serial_init_direct  BUILD/NUCLEO_F429ZI/ARMC6/mbed-os/targets/TARGET_STM/serial_api.o
    0x08009220   0x000000ca   Code   RO        28669    .text.serial_is_tx_ongoing  BUILD/NUCLEO_F429ZI/ARMC6/mbed-os/targets/TARGET_STM/serial_api.o
    0x080092ea   0x00000002   PAD
    0x080092ec   0x0000002a   Code   RO        28165    .text.serial_putc   BUILD/NUCLEO_F429ZI/ARMC6/mbed-os/targets/TARGET_STM/TARGET_STM32F4/serial_device.o
    0x08009316   0x00000032   Code   RO        28661    .text.serial_readable  BUILD/NUCLEO_F429ZI/ARMC6/mbed-os/targets/TARGET_STM/serial_api.o
    0x08009348   0x0000001a   Code   RO        28663    .text.serial_writable  BUILD/NUCLEO_F429ZI/ARMC6/mbed-os/targets/TARGET_STM/serial_api.o
    0x08009362   0x00000002   PAD
    0x08009364   0x00000060   Code   RO        23003    .text.sleep_manager_lock_deep_sleep_internal  BUILD/NUCLEO_F429ZI/ARMC6/mbed-os/platform/source/mbed_power_mgmt.o
    0x080093c4   0x00000024   Code   RO        23011    .text.sleep_manager_sleep_auto  BUILD/NUCLEO_F429ZI/ARMC6/mbed-os/platform/source/mbed_power_mgmt.o
    0x080093e8   0x00000064   Code   RO        23005    .text.sleep_manager_unlock_deep_sleep_internal  BUILD/NUCLEO_F429ZI/ARMC6/mbed-os/platform/source/mbed_power_mgmt.o
    0x0800944c   0x00000014   Code   RO          150    .text.svcRtxDelay   BUILD/NUCLEO_F429ZI/ARMC6/mbed-os/cmsis/CMSIS_5/CMSIS/RTOS2/RTX/Source/rtx_delay.o
    0x08009460   0x00000080   Code   RO          174    .text.svcRtxEventFlagsNew  BUILD/NUCLEO_F429ZI/ARMC6/mbed-os/cmsis/CMSIS_5/CMSIS/RTOS2/RTX/Source/rtx_evflags.o
    0x080094e0   0x00000088   Code   RO          182    .text.svcRtxEventFlagsSet  BUILD/NUCLEO_F429ZI/ARMC6/mbed-os/cmsis/CMSIS_5/CMSIS/RTOS2/RTX/Source/rtx_evflags.o
    0x08009568   0x00000068   Code   RO          184    .text.svcRtxEventFlagsWait  BUILD/NUCLEO_F429ZI/ARMC6/mbed-os/cmsis/CMSIS_5/CMSIS/RTOS2/RTX/Source/rtx_evflags.o
    0x080095d0   0x0000000c   Code   RO          228    .text.svcRtxKernelGetState  BUILD/NUCLEO_F429ZI/ARMC6/mbed-os/cmsis/CMSIS_5/CMSIS/RTOS2/RTX/Source/rtx_kernel.o
    0x080095dc   0x0000000c   Code   RO          244    .text.svcRtxKernelGetTickCount  BUILD/NUCLEO_F429ZI/ARMC6/mbed-os/cmsis/CMSIS_5/CMSIS/RTOS2/RTX/Source/rtx_kernel.o
    0x080095e8   0x0000015a   Code   RO          258    .text.svcRtxKernelInitialize  BUILD/NUCLEO_F429ZI/ARMC6/mbed-os/cmsis/CMSIS_5/CMSIS/RTOS2/RTX/Source/rtx_kernel.o
    0x08009742   0x000000a4   Code   RO          260    .text.svcRtxKernelStart  BUILD/NUCLEO_F429ZI/ARMC6/mbed-os/cmsis/CMSIS_5/CMSIS/RTOS2/RTX/Source/rtx_kernel.o
    0x080097e6   0x000000f6   Code   RO          386    .text.svcRtxMessageQueueGet  BUILD/NUCLEO_F429ZI/ARMC6/mbed-os/cmsis/CMSIS_5/CMSIS/RTOS2/RTX/Source/rtx_msgqueue.o
    0x080098dc   0x00000158   Code   RO          374    .text.svcRtxMessageQueueNew  BUILD/NUCLEO_F429ZI/ARMC6/mbed-os/cmsis/CMSIS_5/CMSIS/RTOS2/RTX/Source/rtx_msgqueue.o
    0x08009a34   0x000000c0   Code   RO          382    .text.svcRtxMessageQueuePut  BUILD/NUCLEO_F429ZI/ARMC6/mbed-os/cmsis/CMSIS_5/CMSIS/RTOS2/RTX/Source/rtx_msgqueue.o
    0x08009af4   0x000000b0   Code   RO          414    .text.svcRtxMutexAcquire  BUILD/NUCLEO_F429ZI/ARMC6/mbed-os/cmsis/CMSIS_5/CMSIS/RTOS2/RTX/Source/rtx_mutex.o
    0x08009ba4   0x000000be   Code   RO          420    .text.svcRtxMutexDelete  BUILD/NUCLEO_F429ZI/ARMC6/mbed-os/cmsis/CMSIS_5/CMSIS/RTOS2/RTX/Source/rtx_mutex.o
    0x08009c62   0x00000078   Code   RO          410    .text.svcRtxMutexNew  BUILD/NUCLEO_F429ZI/ARMC6/mbed-os/cmsis/CMSIS_5/CMSIS/RTOS2/RTX/Source/rtx_mutex.o
    0x08009cda   0x000000d8   Code   RO          416    .text.svcRtxMutexRelease  BUILD/NUCLEO_F429ZI/ARMC6/mbed-os/cmsis/CMSIS_5/CMSIS/RTOS2/RTX/Source/rtx_mutex.o
    0x08009db2   0x00000002   PAD
    0x08009db4   0x0000006c   Code   RO          448    .text.svcRtxSemaphoreDelete  BUILD/NUCLEO_F429ZI/ARMC6/mbed-os/cmsis/CMSIS_5/CMSIS/RTOS2/RTX/Source/rtx_semaphore.o
    0x08009e20   0x000000a0   Code   RO          438    .text.svcRtxSemaphoreNew  BUILD/NUCLEO_F429ZI/ARMC6/mbed-os/cmsis/CMSIS_5/CMSIS/RTOS2/RTX/Source/rtx_semaphore.o
    0x08009ec0   0x00000066   Code   RO          446    .text.svcRtxSemaphoreRelease  BUILD/NUCLEO_F429ZI/ARMC6/mbed-os/cmsis/CMSIS_5/CMSIS/RTOS2/RTX/Source/rtx_semaphore.o
    0x08009f26   0x00000072   Code   RO          564    .text.svcRtxThreadExit  BUILD/NUCLEO_F429ZI/ARMC6/mbed-os/cmsis/CMSIS_5/CMSIS/RTOS2/RTX/Source/rtx_thread.o
    0x08009f98   0x0000008e   Code   RO          572    .text.svcRtxThreadFlagsSet  BUILD/NUCLEO_F429ZI/ARMC6/mbed-os/cmsis/CMSIS_5/CMSIS/RTOS2/RTX/Source/rtx_thread.o
    0x0800a026   0x0000006e   Code   RO          578    .text.svcRtxThreadFlagsWait  BUILD/NUCLEO_F429ZI/ARMC6/mbed-os/cmsis/CMSIS_5/CMSIS/RTOS2/RTX/Source/rtx_thread.o
    0x0800a094   0x0000000c   Code   RO          498    .text.svcRtxThreadGetId  BUILD/NUCLEO_F429ZI/ARMC6/mbed-os/cmsis/CMSIS_5/CMSIS/RTOS2/RTX/Source/rtx_thread.o
    0x0800a0a0   0x0000021e   Code   RO          490    .text.svcRtxThreadNew  BUILD/NUCLEO_F429ZI/ARMC6/mbed-os/cmsis/CMSIS_5/CMSIS/RTOS2/RTX/Source/rtx_thread.o
    0x0800a2be   0x000000f2   Code   RO          566    .text.svcRtxThreadTerminate  BUILD/NUCLEO_F429ZI/ARMC6/mbed-os/cmsis/CMSIS_5/CMSIS/RTOS2/RTX/Source/rtx_thread.o
    0x0800a3b0   0x00000004   Code   RO        22896    .text.system_reset  BUILD/NUCLEO_F429ZI/ARMC6/mbed-os/platform/source/mbed_error.o
    0x0800a3b4   0x00000062   Code   RO        22225    .text.ticker_irq_handler  BUILD/NUCLEO_F429ZI/ARMC6/mbed-os/hal/source/mbed_ticker_api.o
    0x0800a416   0x0000002a   Code   RO        28752    .text.timer_irq_handler  BUILD/NUCLEO_F429ZI/ARMC6/mbed-os/targets/TARGET_STM/us_ticker.o
    0x0800a440   0x0000002a   Code   RO          696    .text.trap_rtx_error  BUILD/NUCLEO_F429ZI/ARMC6/mbed-os/cmsis/device/rtos/source/mbed_rtx_handlers.o
    0x0800a46a   0x00000086   Code   RO        22227    .text.update_present_time  BUILD/NUCLEO_F429ZI/ARMC6/mbed-os/hal/source/mbed_ticker_api.o
    0x0800a4f0   0x00000012   Code   RO        28766    .text.us_ticker_clear_interrupt  BUILD/NUCLEO_F429ZI/ARMC6/mbed-os/targets/TARGET_STM/us_ticker.o
    0x0800a502   0x00000014   Code   RO        28764    .text.us_ticker_disable_interrupt  BUILD/NUCLEO_F429ZI/ARMC6/mbed-os/targets/TARGET_STM/us_ticker.o
    0x0800a516   0x00000022   Code   RO        28762    .text.us_ticker_fire_interrupt  BUILD/NUCLEO_F429ZI/ARMC6/mbed-os/targets/TARGET_STM/us_ticker.o
    0x0800a538   0x0000000a   Code   RO        28750    .text.us_ticker_get_info  BUILD/NUCLEO_F429ZI/ARMC6/mbed-os/targets/TARGET_STM/us_ticker.o
    0x0800a542   0x00000018   Code   RO        28756    .text.us_ticker_init  BUILD/NUCLEO_F429ZI/ARMC6/mbed-os/targets/TARGET_STM/us_ticker.o
    0x0800a55a   0x00000018   Code   RO        22257    .text.us_ticker_irq_handler  BUILD/NUCLEO_F429ZI/ARMC6/mbed-os/hal/source/mbed_us_ticker_api.o
    0x0800a572   0x0000000c   Code   RO        28758    .text.us_ticker_read  BUILD/NUCLEO_F429ZI/ARMC6/mbed-os/targets/TARGET_STM/us_ticker.o
    0x0800a57e   0x0000001c   Code   RO        28760    .text.us_ticker_set_interrupt  BUILD/NUCLEO_F429ZI/ARMC6/mbed-os/targets/TARGET_STM/us_ticker.o
    0x0800a59a   0x00000032   Code   RO        23060    .text.write         BUILD/NUCLEO_F429ZI/ARMC6/mbed-os/platform/source/mbed_retarget.o
    0x0800a5cc   0x0000003e   Code   RO        29525    CL$$btod_d2e        c:\Users\jackj\AppData\Local\Mbed Studio\mbed-studio-tools\ac6\bin\..\lib\armlib\c_w.l(btod.o)
    0x0800a60a   0x00000046   Code   RO        29527    CL$$btod_d2e_denorm_low  c:\Users\jackj\AppData\Local\Mbed Studio\mbed-studio-tools\ac6\bin\..\lib\armlib\c_w.l(btod.o)
    0x0800a650   0x00000060   Code   RO        29526    CL$$btod_d2e_norm_op1  c:\Users\jackj\AppData\Local\Mbed Studio\mbed-studio-tools\ac6\bin\..\lib\armlib\c_w.l(btod.o)
    0x0800a6b0   0x00000338   Code   RO        29535    CL$$btod_div_common  c:\Users\jackj\AppData\Local\Mbed Studio\mbed-studio-tools\ac6\bin\..\lib\armlib\c_w.l(btod.o)
    0x0800a9e8   0x000000dc   Code   RO        29532    CL$$btod_e2e        c:\Users\jackj\AppData\Local\Mbed Studio\mbed-studio-tools\ac6\bin\..\lib\armlib\c_w.l(btod.o)
    0x0800aac4   0x0000002a   Code   RO        29529    CL$$btod_ediv       c:\Users\jackj\AppData\Local\Mbed Studio\mbed-studio-tools\ac6\bin\..\lib\armlib\c_w.l(btod.o)
    0x0800aaee   0x0000002a   Code   RO        29528    CL$$btod_emul       c:\Users\jackj\AppData\Local\Mbed Studio\mbed-studio-tools\ac6\bin\..\lib\armlib\c_w.l(btod.o)
    0x0800ab18   0x00000244   Code   RO        29534    CL$$btod_mult_common  c:\Users\jackj\AppData\Local\Mbed Studio\mbed-studio-tools\ac6\bin\..\lib\armlib\c_w.l(btod.o)
    0x0800ad5c   0x00000030   Code   RO        29628    i.__ARM_fpclassify  c:\Users\jackj\AppData\Local\Mbed Studio\mbed-studio-tools\ac6\bin\..\lib\armlib\m_wm.l(fpclassify.o)
    0x0800ad8c   0x00000026   Code   RO        29468    i.__ARM_fpclassifyf  c:\Users\jackj\AppData\Local\Mbed Studio\mbed-studio-tools\ac6\bin\..\lib\armlib\m_wm.l(fpclassifyf.o)
    0x0800adb2   0x00000002   PAD
    0x0800adb4   0x000001ec   Code   RO        29205    i.__hardfp_expf     c:\Users\jackj\AppData\Local\Mbed Studio\mbed-studio-tools\ac6\bin\..\lib\armlib\m_wm.l(expf.o)
    0x0800afa0   0x00000006   Code   RO        29471    i.__mathlib_flt_infnan  c:\Users\jackj\AppData\Local\Mbed Studio\mbed-studio-tools\ac6\bin\..\lib\armlib\m_wm.l(funder.o)
    0x0800afa6   0x00000002   PAD
    0x0800afa8   0x00000010   Code   RO        29474    i.__mathlib_flt_overflow  c:\Users\jackj\AppData\Local\Mbed Studio\mbed-studio-tools\ac6\bin\..\lib\armlib\m_wm.l(funder.o)
    0x0800afb8   0x00000010   Code   RO        29476    i.__mathlib_flt_underflow  c:\Users\jackj\AppData\Local\Mbed Studio\mbed-studio-tools\ac6\bin\..\lib\armlib\m_wm.l(funder.o)
    0x0800afc8   0x0000000e   Code   RO        28950    i._is_digit         c:\Users\jackj\AppData\Local\Mbed Studio\mbed-studio-tools\ac6\bin\..\lib\armlib\c_w.l(__printf_wp.o)
    0x0800afd6   0x0000001a   Code   RO        28997    i.fputc             c:\Users\jackj\AppData\Local\Mbed Studio\mbed-studio-tools\ac6\bin\..\lib\armlib\c_w.l(fputc.o)
    0x0800aff0   0x0000002c   Code   RO        29355    locale$$code        c:\Users\jackj\AppData\Local\Mbed Studio\mbed-studio-tools\ac6\bin\..\lib\armlib\c_w.l(lc_ctype_c.o)
    0x0800b01c   0x0000002c   Code   RO        29576    locale$$code        c:\Users\jackj\AppData\Local\Mbed Studio\mbed-studio-tools\ac6\bin\..\lib\armlib\c_w.l(lc_numeric_c.o)
    0x0800b048   0x0000000c   Code   RO        29432    x$fpl$dretinf       c:\Users\jackj\AppData\Local\Mbed Studio\mbed-studio-tools\ac6\bin\..\lib\armlib\fz_wm.l(dretinf.o)
    0x0800b054   0x00000056   Code   RO        29134    x$fpl$f2d           c:\Users\jackj\AppData\Local\Mbed Studio\mbed-studio-tools\ac6\bin\..\lib\armlib\fz_wm.l(f2d.o)
    0x0800b0aa   0x0000008c   Code   RO        29434    x$fpl$fnaninf       c:\Users\jackj\AppData\Local\Mbed Studio\mbed-studio-tools\ac6\bin\..\lib\armlib\fz_wm.l(fnaninf.o)
    0x0800b136   0x0000001a   Code   RO        29616    x$fpl$fpinit        c:\Users\jackj\AppData\Local\Mbed Studio\mbed-studio-tools\ac6\bin\..\lib\armlib\fz_wm.l(fpinit.o)
    0x0800b150   0x00000004   Code   RO        29138    x$fpl$printf1       c:\Users\jackj\AppData\Local\Mbed Studio\mbed-studio-tools\ac6\bin\..\lib\armlib\fz_wm.l(printf1.o)
    0x0800b154   0x00000004   Code   RO        29436    x$fpl$printf2       c:\Users\jackj\AppData\Local\Mbed Studio\mbed-studio-tools\ac6\bin\..\lib\armlib\fz_wm.l(printf2.o)
    0x0800b158   0x00000000   Code   RO        29444    x$fpl$usenofp       c:\Users\jackj\AppData\Local\Mbed Studio\mbed-studio-tools\ac6\bin\..\lib\armlib\fz_wm.l(usenofp.o)
    0x0800b158   0x00000008   Data   RO        28911    .constdata          c:\Users\jackj\AppData\Local\Mbed Studio\mbed-studio-tools\ac6\bin\..\lib\armlib\c_w.l(_printf_wctomb.o)
    0x0800b160   0x00000028   Data   RO        28938    .constdata          c:\Users\jackj\AppData\Local\Mbed Studio\mbed-studio-tools\ac6\bin\..\lib\armlib\c_w.l(_printf_hex_int_ll_ptr.o)
    0x0800b188   0x00000011   Data   RO        28958    .constdata          c:\Users\jackj\AppData\Local\Mbed Studio\mbed-studio-tools\ac6\bin\..\lib\armlib\c_w.l(__printf_flags_ss_wp.o)
    0x0800b199   0x00000003   PAD
    0x0800b19c   0x00000030   Data   RO        29208    .constdata          c:\Users\jackj\AppData\Local\Mbed Studio\mbed-studio-tools\ac6\bin\..\lib\armlib\m_wm.l(expf.o)
    0x0800b1cc   0x00000026   Data   RO        29502    .constdata          c:\Users\jackj\AppData\Local\Mbed Studio\mbed-studio-tools\ac6\bin\..\lib\armlib\c_w.l(_printf_fp_hex.o)
    0x0800b1f2   0x00000002   PAD
    0x0800b1f4   0x00000094   Data   RO        29523    .constdata          c:\Users\jackj\AppData\Local\Mbed Studio\mbed-studio-tools\ac6\bin\..\lib\armlib\c_w.l(bigflt0.o)
    0x0800b288   0x000000a0   Data   RO          282    .rodata             BUILD/NUCLEO_F429ZI/ARMC6/mbed-os/cmsis/CMSIS_5/CMSIS/RTOS2/RTX/Source/rtx_lib.o
    0x0800b328   0x00000010   Data   RO          684    .rodata..L__const.mbed_rtos_init_singleton_mutex.singleton_mutex_attr  BUILD/NUCLEO_F429ZI/ARMC6/mbed-os/cmsis/device/rtos/source/mbed_rtos_rtx.o
    0x0800b338   0x00000010   Data   RO        28059    .rodata.AHBPrescTable  BUILD/NUCLEO_F429ZI/ARMC6/mbed-os/targets/TARGET_STM/TARGET_STM32F4/STM32Cube_FW/system_stm32f4xx.o
    0x0800b348   0x00000008   Data   RO        28060    .rodata.APBPrescTable  BUILD/NUCLEO_F429ZI/ARMC6/mbed-os/targets/TARGET_STM/TARGET_STM32F4/STM32Cube_FW/system_stm32f4xx.o
    0x0800b350   0x00000044   Data   RO         2996    .rodata._ZTV10STM32_EMAC  BUILD/NUCLEO_F429ZI/ARMC6/mbed-os/connectivity/drivers/emac/TARGET_STM/stm32xx_emac.o
    0x0800b394   0x00000050   Data   RO        23184    .rodata._ZTV12DirectSerial  BUILD/NUCLEO_F429ZI/ARMC6/mbed-os/platform/source/mbed_retarget.o
    0x0800b3e4   0x00000010   Data   RO        23486    .rodata._ZTVN4rtos6ThreadE  BUILD/NUCLEO_F429ZI/ARMC6/mbed-os/rtos/source/Thread.o
    0x0800b3f4   0x00000018   Data   RO        23194    .rodata._ZZL15default_consolevE14console_pinmap  BUILD/NUCLEO_F429ZI/ARMC6/mbed-os/platform/source/mbed_retarget.o
    0x0800b40c   0x00000008   Data   RO        23180    .rodata.__stderr_name  BUILD/NUCLEO_F429ZI/ARMC6/mbed-os/platform/source/mbed_retarget.o
    0x0800b414   0x00000007   Data   RO        23178    .rodata.__stdin_name  BUILD/NUCLEO_F429ZI/ARMC6/mbed-os/platform/source/mbed_retarget.o
    0x0800b41b   0x00000008   Data   RO        23179    .rodata.__stdout_name  BUILD/NUCLEO_F429ZI/ARMC6/mbed-os/platform/source/mbed_retarget.o
    0x0800b423   0x00000001   PAD
    0x0800b424   0x00000040   Data   RO        28549    .rodata.ll_pin_defines  BUILD/NUCLEO_F429ZI/ARMC6/mbed-os/targets/TARGET_STM/pinmap.o
    0x0800b464   0x00000004   Data   RO          284    .rodata.osRtxUserSVC  BUILD/NUCLEO_F429ZI/ARMC6/mbed-os/cmsis/CMSIS_5/CMSIS/RTOS2/RTX/Source/rtx_lib.o
    0x0800b468   0x00000024   Data   RO          279    .rodata.os_idle_thread_attr  BUILD/NUCLEO_F429ZI/ARMC6/mbed-os/cmsis/CMSIS_5/CMSIS/RTOS2/RTX/Source/rtx_lib.o
    0x0800b48c   0x00000018   Data   RO          281    .rodata.os_timer_mq_attr  BUILD/NUCLEO_F429ZI/ARMC6/mbed-os/cmsis/CMSIS_5/CMSIS/RTOS2/RTX/Source/rtx_lib.o
    0x0800b4a4   0x00000024   Data   RO          280    .rodata.os_timer_thread_attr  BUILD/NUCLEO_F429ZI/ARMC6/mbed-os/cmsis/CMSIS_5/CMSIS/RTOS2/RTX/Source/rtx_lib.o
    0x0800b4c8   0x00000013   Data   RO          285    .rodata.str1.1      BUILD/NUCLEO_F429ZI/ARMC6/mbed-os/cmsis/CMSIS_5/CMSIS/RTOS2/RTX/Source/rtx_lib.o
    0x0800b4db   0x00000010   Data   RO          682    .rodata.str1.1      BUILD/NUCLEO_F429ZI/ARMC6/mbed-os/cmsis/device/rtos/source/mbed_rtos_rtx.o
    0x0800b4eb   0x00000138   Data   RO          719    .rodata.str1.1      BUILD/NUCLEO_F429ZI/ARMC6/mbed-os/cmsis/device/rtos/source/mbed_rtx_handlers.o
    0x0800b623   0x0000003b   Data   RO         1524    .rodata.str1.1      BUILD/NUCLEO_F429ZI/ARMC6/mbed-os/connectivity/cellular/source/framework/device/CellularStateMachine.o
    0x0800b65e   0x00000056   Data   RO        18965    .rodata.str1.1      BUILD/NUCLEO_F429ZI/ARMC6/mbed-os/connectivity/netsocket/source/nsapi_dns.o
    0x0800b6b4   0x0000003e   Data   RO        21538    .rodata.str1.1      BUILD/NUCLEO_F429ZI/ARMC6/mbed-os/events/source/mbed_shared_queues.o
    0x0800b6f2   0x000000c8   Data   RO        22735    .rodata.str1.1      BUILD/NUCLEO_F429ZI/ARMC6/mbed-os/platform/source/TARGET_CORTEX_M/mbed_fault_handler.o
    0x0800b7ba   0x000001a4   Data   RO        22921    .rodata.str1.1      BUILD/NUCLEO_F429ZI/ARMC6/mbed-os/platform/source/mbed_error.o
    0x0800b95e   0x00000063   Data   RO        23188    .rodata.str1.1      BUILD/NUCLEO_F429ZI/ARMC6/mbed-os/platform/source/mbed_retarget.o
    0x0800b9c1   0x00000012   Data   RO        23378    .rodata.str1.1      BUILD/NUCLEO_F429ZI/ARMC6/mbed-os/rtos/source/Mutex.o
    0x0800b9d3   0x0000001b   Data   RO        23485    .rodata.str1.1      BUILD/NUCLEO_F429ZI/ARMC6/mbed-os/rtos/source/Thread.o
    0x0800b9ee   0x0000002a   Data   RO        28672    .rodata.str1.1      BUILD/NUCLEO_F429ZI/ARMC6/mbed-os/targets/TARGET_STM/serial_api.o
    0x0800ba18   0x0000000b   Data   RO          272    .rodata.str1.4      BUILD/NUCLEO_F429ZI/ARMC6/mbed-os/cmsis/CMSIS_5/CMSIS/RTOS2/RTX/Source/rtx_kernel.o
    0x0800ba23   0x00000001   PAD
    0x0800ba24   0x00000008   Data   RO        22261    .rodata.us_data     BUILD/NUCLEO_F429ZI/ARMC6/mbed-os/hal/source/mbed_us_ticker_api.o
    0x0800ba2c   0x00000024   Data   RO        22263    .rodata.us_interface  BUILD/NUCLEO_F429ZI/ARMC6/mbed-os/hal/source/mbed_us_ticker_api.o
    0x0800ba50   0x00000008   Data   RO        28774    .rodata.us_ticker_get_info.info  BUILD/NUCLEO_F429ZI/ARMC6/mbed-os/targets/TARGET_STM/us_ticker.o
    0x0800ba58   0x00000020   Data   RO        29747    Region$$Table       anon$$obj.o
    0x0800ba78   0x00000110   Data   RO        29354    locale$$data        c:\Users\jackj\AppData\Local\Mbed Studio\mbed-studio-tools\ac6\bin\..\lib\armlib\c_w.l(lc_ctype_c.o)
    0x0800bb88   0x0000001c   Data   RO        29575    locale$$data        c:\Users\jackj\AppData\Local\Mbed Studio\mbed-studio-tools\ac6\bin\..\lib\armlib\c_w.l(lc_numeric_c.o)
    0x0800bba4   0x00000004   Data   RO           89    .init_array         BUILD/NUCLEO_F429ZI/ARMC6/main.o
    0x0800bba8   0x00000000   Data   RO        29105    .init_array         c:\Users\jackj\AppData\Local\Mbed Studio\mbed-studio-tools\ac6\bin\..\lib\armlib\c_w.l(init_aeabi.o)


    Execution Region RW_IRAM2 (Base: 0x10000000, Size: 0x00000000, Max: 0x00010000, ABSOLUTE)

    **** No section assigned to this execution region ****


    Execution Region RW_m_crash_data (Base: 0x200001b0, Size: 0x00000100, Max: 0x00000100, ABSOLUTE)

    Base Addr    Size         Type   Attr      Idx    E Section Name        Object

    0x200001b0   0x00000100   Zero   RW            1    RW_m_crash_data.bss  anon$$obj.o


    Execution Region RW_IRAM1 (Base: 0x200002b0, Size: 0x00006028, Max: 0x0002fd50, ABSOLUTE, COMPRESSED[0x0000015c])

    Base Addr    Size         Type   Attr      Idx    E Section Name        Object

    0x200002b0   0x00000004   Data   RW        29021    .data               c:\Users\jackj\AppData\Local\Mbed Studio\mbed-studio-tools\ac6\bin\..\lib\armlib\c_w.l(stdio_streams.o)
    0x200002b4   0x00000004   Data   RW        29022    .data               c:\Users\jackj\AppData\Local\Mbed Studio\mbed-studio-tools\ac6\bin\..\lib\armlib\c_w.l(stdio_streams.o)
    0x200002b8   0x00000004   Data   RW        29023    .data               c:\Users\jackj\AppData\Local\Mbed Studio\mbed-studio-tools\ac6\bin\..\lib\armlib\c_w.l(stdio_streams.o)
    0x200002bc   0x00000004   Data   RW        29341    .data               c:\Users\jackj\AppData\Local\Mbed Studio\mbed-studio-tools\ac6\bin\..\lib\armlib\c_w.l(streamlock.o)
    0x200002c0   0x0000003c   Data   RW           87    .data.Inputs_output  BUILD/NUCLEO_F429ZI/ARMC6/main.o
    0x200002fc   0x00000004   Data   RW        28058    .data.SystemCoreClock  BUILD/NUCLEO_F429ZI/ARMC6/mbed-os/targets/TARGET_STM/TARGET_STM32F4/STM32Cube_FW/system_stm32f4xx.o
    0x20000300   0x00000028   Data   RW           88    .data.Targets_outputs  BUILD/NUCLEO_F429ZI/ARMC6/main.o
    0x20000328   0x00000078   Data   RW           85    .data.W1_output     BUILD/NUCLEO_F429ZI/ARMC6/main.o
    0x200003a0   0x00000058   Data   RW           86    .data.W2_output     BUILD/NUCLEO_F429ZI/ARMC6/main.o
    0x200003f8   0x00000040   Data   RW        23193    .data._ZL11filehandles  BUILD/NUCLEO_F429ZI/ARMC6/mbed-os/platform/source/mbed_retarget.o
    0x20000438   0x00000004   Data   RW          728    .data._ZL14idle_hook_fptr  BUILD/NUCLEO_F429ZI/ARMC6/mbed-os/cmsis/device/rtos/source/mbed_rtx_idle.o
    0x2000043c   0x00000004   Data   RW        22262    .data.irq_handler   BUILD/NUCLEO_F429ZI/ARMC6/mbed-os/hal/source/mbed_us_ticker_api.o
    0x20000440   0x000000a4   Data   RW          273    .data.os            BUILD/NUCLEO_F429ZI/ARMC6/mbed-os/cmsis/CMSIS_5/CMSIS/RTOS2/RTX/Source/rtx_kernel.o
    0x200004e4   0x00000001   Data   RW        25081    .data.uwTickFreq    BUILD/NUCLEO_F429ZI/ARMC6/mbed-os/targets/TARGET_STM/TARGET_STM32F4/STM32Cube_FW/STM32F4xx_HAL_Driver/stm32f4xx_hal.o
    0x200004e5   0x00000003   PAD
    0x200004e8   0x00000004   Data   RW        25080    .data.uwTickPrio    BUILD/NUCLEO_F429ZI/ARMC6/mbed-os/targets/TARGET_STM/TARGET_STM32F4/STM32Cube_FW/STM32F4xx_HAL_Driver/stm32f4xx_hal.o
    0x200004ec   0x00000054   Zero   RW        29018    .bss                c:\Users\jackj\AppData\Local\Mbed Studio\mbed-studio-tools\ac6\bin\..\lib\armlib\c_w.l(stdio_streams.o)
    0x20000540   0x00000054   Zero   RW        29019    .bss                c:\Users\jackj\AppData\Local\Mbed Studio\mbed-studio-tools\ac6\bin\..\lib\armlib\c_w.l(stdio_streams.o)
    0x20000594   0x00000054   Zero   RW        29020    .bss                c:\Users\jackj\AppData\Local\Mbed Studio\mbed-studio-tools\ac6\bin\..\lib\armlib\c_w.l(stdio_streams.o)
    0x200005e8   0x00000060   Zero   RW        29231    .bss                c:\Users\jackj\AppData\Local\Mbed Studio\mbed-studio-tools\ac6\bin\..\lib\armlib\c_w.l(libspace.o)
    0x20000648   0x00000080   Zero   RW         2992    .bss.DMARxDscrTab   BUILD/NUCLEO_F429ZI/ARMC6/mbed-os/connectivity/drivers/emac/TARGET_STM/stm32xx_emac.o
    0x200006c8   0x00000080   Zero   RW         2993    .bss.DMATxDscrTab   BUILD/NUCLEO_F429ZI/ARMC6/mbed-os/connectivity/drivers/emac/TARGET_STM/stm32xx_emac.o
    0x20000748   0x00000001   Zero   RW          632    .bss.PendST         BUILD/NUCLEO_F429ZI/ARMC6/mbed-os/cmsis/CMSIS_5/CMSIS/RTOS2/Source/os_systick.o
    0x20000749   0x00000003   PAD
    0x2000074c   0x000017d0   Zero   RW         2994    .bss.Rx_Buff        BUILD/NUCLEO_F429ZI/ARMC6/mbed-os/connectivity/drivers/emac/TARGET_STM/stm32xx_emac.o
    0x20001f1c   0x00000048   Zero   RW        28775    .bss.TimMasterHandle  BUILD/NUCLEO_F429ZI/ARMC6/mbed-os/targets/TARGET_STM/us_ticker.o
    0x20001f64   0x000017d0   Zero   RW         2995    .bss.Tx_Buff        BUILD/NUCLEO_F429ZI/ARMC6/mbed-os/connectivity/drivers/emac/TARGET_STM/stm32xx_emac.o
    0x20003734   0x00000010   Zero   RW           79    .bss.W1             BUILD/NUCLEO_F429ZI/ARMC6/main.o
    0x20003744   0x00000010   Zero   RW           83    .bss.W2             BUILD/NUCLEO_F429ZI/ARMC6/main.o
    0x20003754   0x00000004   Zero   RW        23196    .bss._ZGVZL15default_consolevE7console  BUILD/NUCLEO_F429ZI/ARMC6/mbed-os/platform/source/mbed_retarget.o
    0x20003758   0x00000004   Zero   RW         3000    .bss._ZGVZN10STM32_EMAC12get_instanceEvE4emac  BUILD/NUCLEO_F429ZI/ARMC6/mbed-os/connectivity/drivers/emac/TARGET_STM/stm32xx_emac.o
    0x2000375c   0x00000004   Zero   RW         2998    .bss._ZGVZN10STM32_EMAC15thread_functionEPvE10stm32_enet  BUILD/NUCLEO_F429ZI/ARMC6/mbed-os/connectivity/drivers/emac/TARGET_STM/stm32xx_emac.o
    0x20003760   0x00000004   Zero   RW        21546    .bss._ZGVZN4mbed33do_shared_event_queue_with_threadIL12osPriority_t24ELj768ELj2048EEEPN6events10EventQueueEPKcE5queue  BUILD/NUCLEO_F429ZI/ARMC6/mbed-os/events/source/mbed_shared_queues.o
    0x20003764   0x00000004   Zero   RW        21549    .bss._ZGVZN4mbed33do_shared_event_queue_with_threadIL12osPriority_t24ELj768ELj2048EEEPN6events10EventQueueEPKcE6thread  BUILD/NUCLEO_F429ZI/ARMC6/mbed-os/events/source/mbed_shared_queues.o
    0x20003768   0x00000010   Zero   RW        23186    .bss._ZL13stdio_in_prev  BUILD/NUCLEO_F429ZI/ARMC6/mbed-os/platform/source/mbed_retarget.o
    0x20003778   0x00000010   Zero   RW        23187    .bss._ZL14stdio_out_prev  BUILD/NUCLEO_F429ZI/ARMC6/mbed-os/platform/source/mbed_retarget.o
    0x20003788   0x00000028   Zero   RW        23183    .bss._ZL16filehandle_mutex  BUILD/NUCLEO_F429ZI/ARMC6/mbed-os/platform/source/mbed_retarget.o
    0x200037b0   0x00000004   Zero   RW        22483    .bss._ZN4mbed8FileBase5_headE  BUILD/NUCLEO_F429ZI/ARMC6/mbed-os/platform/source/FileBase.o
    0x200037b4   0x00000028   Zero   RW        22484    .bss._ZN4mbed8FileBase6_mutexE  BUILD/NUCLEO_F429ZI/ARMC6/mbed-os/platform/source/FileBase.o
    0x200037dc   0x00000004   Zero   RW        22485    .bss._ZN4mbed8FileBase8_defaultE  BUILD/NUCLEO_F429ZI/ARMC6/mbed-os/platform/source/FileBase.o
    0x200037e0   0x00000004   Zero   RW        23195    .bss._ZZL15default_consolevE7console  BUILD/NUCLEO_F429ZI/ARMC6/mbed-os/platform/source/mbed_retarget.o
    0x200037e4   0x00000108   Zero   RW         2999    .bss._ZZN10STM32_EMAC12get_instanceEvE4emac  BUILD/NUCLEO_F429ZI/ARMC6/mbed-os/connectivity/drivers/emac/TARGET_STM/stm32xx_emac.o
    0x200038ec   0x00000004   Zero   RW         2997    .bss._ZZN10STM32_EMAC15thread_functionEPvE10stm32_enet  BUILD/NUCLEO_F429ZI/ARMC6/mbed-os/connectivity/drivers/emac/TARGET_STM/stm32xx_emac.o
    0x200038f0   0x00000300   Zero   RW        21544    .bss._ZZN4mbed33do_shared_event_queue_with_threadIL12osPriority_t24ELj768ELj2048EEEPN6events10EventQueueEPKcE12queue_buffer  BUILD/NUCLEO_F429ZI/ARMC6/mbed-os/events/source/mbed_shared_queues.o
    0x20003bf0   0x0000005c   Zero   RW        21545    .bss._ZZN4mbed33do_shared_event_queue_with_threadIL12osPriority_t24ELj768ELj2048EEEPN6events10EventQueueEPKcE5queue  BUILD/NUCLEO_F429ZI/ARMC6/mbed-os/events/source/mbed_shared_queues.o
    0x20003c4c   0x00000004   PAD
    0x20003c50   0x00000800   Zero   RW        21547    .bss._ZZN4mbed33do_shared_event_queue_with_threadIL12osPriority_t24ELj768ELj2048EEEPN6events10EventQueueEPKcE5stack  BUILD/NUCLEO_F429ZI/ARMC6/mbed-os/events/source/mbed_shared_queues.o
    0x20004450   0x000000bc   Zero   RW        21548    .bss._ZZN4mbed33do_shared_event_queue_with_threadIL12osPriority_t24ELj768ELj2048EEEPN6events10EventQueueEPKcE6thread  BUILD/NUCLEO_F429ZI/ARMC6/mbed-os/events/source/mbed_shared_queues.o
    0x2000450c   0x00000004   Zero   RW        23350    .bss._ZZN4rtos6Kernel4impl14get_tick_countEvE6tick_h  BUILD/NUCLEO_F429ZI/ARMC6/mbed-os/rtos/source/Kernel.o
    0x20004510   0x00000004   Zero   RW        23351    .bss._ZZN4rtos6Kernel4impl14get_tick_countEvE6tick_l  BUILD/NUCLEO_F429ZI/ARMC6/mbed-os/rtos/source/Kernel.o
    0x20004514   0x00000004   PAD
    0x20004518   0x00001000   Zero   RW          679    .bss._main_stack    BUILD/NUCLEO_F429ZI/ARMC6/mbed-os/cmsis/device/rtos/source/mbed_rtos_rtx.o
    0x20005518   0x00000024   Zero   RW          680    .bss._main_thread_attr  BUILD/NUCLEO_F429ZI/ARMC6/mbed-os/cmsis/device/rtos/source/mbed_rtos_rtx.o
    0x2000553c   0x00000020   Zero   RW          652    .bss._static_mutexes  BUILD/NUCLEO_F429ZI/ARMC6/mbed-os/cmsis/device/rtos/TOOLCHAIN_ARM_STD/mbed_boot_arm_std.o
    0x2000555c   0x000000e0   Zero   RW          653    .bss._static_mutexes_mem  BUILD/NUCLEO_F429ZI/ARMC6/mbed-os/cmsis/device/rtos/TOOLCHAIN_ARM_STD/mbed_boot_arm_std.o
    0x2000563c   0x00000010   Zero   RW           81    .bss.a2             BUILD/NUCLEO_F429ZI/ARMC6/main.o
    0x2000564c   0x00000010   Zero   RW           82    .bss.a2hat          BUILD/NUCLEO_F429ZI/ARMC6/main.o
    0x2000565c   0x00000008   Zero   RW        28368    .bss.can_irq_ids    BUILD/NUCLEO_F429ZI/ARMC6/mbed-os/targets/TARGET_STM/can_api.o
    0x20005664   0x00000001   Zero   RW        22104    .bss.critical_interrupts_enabled  BUILD/NUCLEO_F429ZI/ARMC6/mbed-os/hal/source/mbed_critical_section_api.o
    0x20005665   0x00000003   PAD
    0x20005668   0x00000004   Zero   RW        22867    .bss.critical_section_reentrancy_counter  BUILD/NUCLEO_F429ZI/ARMC6/mbed-os/platform/source/mbed_critical.o
    0x2000566c   0x00000002   Zero   RW        23013    .bss.deep_sleep_lock  BUILD/NUCLEO_F429ZI/ARMC6/mbed-os/platform/source/mbed_power_mgmt.o
    0x2000566e   0x00000002   PAD
    0x20005670   0x00000004   Zero   RW        22920    .bss.error_count    BUILD/NUCLEO_F429ZI/ARMC6/mbed-os/platform/source/mbed_error.o
    0x20005674   0x00000004   Zero   RW        22922    .bss.error_hook     BUILD/NUCLEO_F429ZI/ARMC6/mbed-os/platform/source/mbed_error.o
    0x20005678   0x00000038   Zero   RW        22264    .bss.events         BUILD/NUCLEO_F429ZI/ARMC6/mbed-os/hal/source/mbed_us_ticker_api.o
    0x200056b0   0x00000040   Zero   RW        22919    .bss.first_error_ctx  BUILD/NUCLEO_F429ZI/ARMC6/mbed-os/platform/source/mbed_error.o
    0x200056f0   0x00000001   Zero   RW        22923    .bss.halt_in_progress  BUILD/NUCLEO_F429ZI/ARMC6/mbed-os/platform/source/mbed_error.o
    0x200056f1   0x00000003   PAD
    0x200056f4   0x00000010   Zero   RW           78    .bss.input_slice    BUILD/NUCLEO_F429ZI/ARMC6/main.o
    0x20005704   0x00000010   Zero   RW           76    .bss.inputs         BUILD/NUCLEO_F429ZI/ARMC6/main.o
    0x20005714   0x00000004   Zero   RW        28367    .bss.irq_handler    BUILD/NUCLEO_F429ZI/ARMC6/mbed-os/targets/TARGET_STM/can_api.o
    0x20005718   0x00000001   Zero   RW        22918    .bss.is_reboot_error_valid  BUILD/NUCLEO_F429ZI/ARMC6/mbed-os/platform/source/mbed_error.o
    0x20005719   0x00000003   PAD
    0x2000571c   0x00000040   Zero   RW        22917    .bss.last_error_ctx  BUILD/NUCLEO_F429ZI/ARMC6/mbed-os/platform/source/mbed_error.o
    0x2000575c   0x00000001   Zero   RW        22916    .bss.mbed_error_in_progress  BUILD/NUCLEO_F429ZI/ARMC6/mbed-os/platform/source/mbed_error.o
    0x2000575d   0x00000003   PAD
    0x20005760   0x00000004   Zero   RW        23182    .bss.mbed_heap_size  BUILD/NUCLEO_F429ZI/ARMC6/mbed-os/platform/source/mbed_retarget.o
    0x20005764   0x00000004   Zero   RW        23181    .bss.mbed_heap_start  BUILD/NUCLEO_F429ZI/ARMC6/mbed-os/platform/source/mbed_retarget.o
    0x20005768   0x00000004   Zero   RW        28541    .bss.mbed_sdk_inited  BUILD/NUCLEO_F429ZI/ARMC6/mbed-os/targets/TARGET_STM/mbed_overrides.o
    0x2000576c   0x00000004   Zero   RW          670    .bss.mbed_stack_isr_size  BUILD/NUCLEO_F429ZI/ARMC6/mbed-os/cmsis/device/rtos/source/mbed_boot.o
    0x20005770   0x00000004   Zero   RW          669    .bss.mbed_stack_isr_start  BUILD/NUCLEO_F429ZI/ARMC6/mbed-os/cmsis/device/rtos/source/mbed_boot.o
    0x20005774   0x00000010   Zero   RW           80    .bss.net1           BUILD/NUCLEO_F429ZI/ARMC6/main.o
    0x20005784   0x00000010   Zero   RW           84    .bss.net2           BUILD/NUCLEO_F429ZI/ARMC6/main.o
    0x20005794   0x00000040   Zero   RW          278    .bss.os             BUILD/NUCLEO_F429ZI/ARMC6/mbed-os/cmsis/CMSIS_5/CMSIS/RTOS2/RTX/Source/rtx_lib.o
    0x200057d4   0x000001f0   Zero   RW          651    .bss.os.libspace    BUILD/NUCLEO_F429ZI/ARMC6/mbed-os/cmsis/device/rtos/TOOLCHAIN_ARM_STD/mbed_boot_arm_std.o
    0x200059c4   0x00000034   Zero   RW          288    .bss.os.msgqueue.cb  BUILD/NUCLEO_F429ZI/ARMC6/mbed-os/cmsis/CMSIS_5/CMSIS/RTOS2/RTX/Source/rtx_lib.o
    0x200059f8   0x00000050   Zero   RW          289    .bss.os.msgqueue.mem  BUILD/NUCLEO_F429ZI/ARMC6/mbed-os/cmsis/CMSIS_5/CMSIS/RTOS2/RTX/Source/rtx_lib.o
    0x20005a48   0x00000088   Zero   RW          286    .bss.os.thread.cb   BUILD/NUCLEO_F429ZI/ARMC6/mbed-os/cmsis/CMSIS_5/CMSIS/RTOS2/RTX/Source/rtx_lib.o
    0x20005ad0   0x00000044   Zero   RW          681    .bss.os.thread.cb   BUILD/NUCLEO_F429ZI/ARMC6/mbed-os/cmsis/device/rtos/source/mbed_rtos_rtx.o
    0x20005b14   0x00000004   PAD
    0x20005b18   0x00000500   Zero   RW          287    .bss.os.thread.stack  BUILD/NUCLEO_F429ZI/ARMC6/mbed-os/cmsis/CMSIS_5/CMSIS/RTOS2/RTX/Source/rtx_lib.o
    0x20006018   0x00000001   Zero   RW          654    .bss.os_kernel_is_active.os_kernel_active  BUILD/NUCLEO_F429ZI/ARMC6/mbed-os/cmsis/device/rtos/TOOLCHAIN_ARM_STD/mbed_boot_arm_std.o
    0x20006019   0x00000001   PAD
    0x2000601a   0x00000002   Zero   RW        28424    .bss.prev_tick_remainder  BUILD/NUCLEO_F429ZI/ARMC6/mbed-os/targets/TARGET_STM/hal_tick_overrides.o
    0x2000601c   0x00000004   Zero   RW        28423    .bss.prev_time      BUILD/NUCLEO_F429ZI/ARMC6/mbed-os/targets/TARGET_STM/hal_tick_overrides.o
    0x20006020   0x00000004   Zero   RW          685    .bss.singleton_mutex_id  BUILD/NUCLEO_F429ZI/ARMC6/mbed-os/cmsis/device/rtos/source/mbed_rtos_rtx.o
    0x20006024   0x0000001c   Zero   RW          683    .bss.singleton_mutex_obj  BUILD/NUCLEO_F429ZI/ARMC6/mbed-os/cmsis/device/rtos/source/mbed_rtos_rtx.o
    0x20006040   0x00000001   Zero   RW        22103    .bss.state_saved    BUILD/NUCLEO_F429ZI/ARMC6/mbed-os/hal/source/mbed_critical_section_api.o
    0x20006041   0x00000003   PAD
    0x20006044   0x0000004c   Zero   RW        28673    .bss.stdio_uart     BUILD/NUCLEO_F429ZI/ARMC6/mbed-os/targets/TARGET_STM/serial_api.o
    0x20006090   0x00000004   Zero   RW        28671    .bss.stdio_uart_inited  BUILD/NUCLEO_F429ZI/ARMC6/mbed-os/targets/TARGET_STM/serial_api.o
    0x20006094   0x00000010   Zero   RW           77    .bss.targets        BUILD/NUCLEO_F429ZI/ARMC6/main.o
    0x200060a4   0x00000004   Zero   RW          718    .bss.terminate_hook  BUILD/NUCLEO_F429ZI/ARMC6/mbed-os/cmsis/device/rtos/source/mbed_rtx_handlers.o
    0x200060a8   0x00000004   Zero   RW        28777    .bss.timer_ccr1_reg  BUILD/NUCLEO_F429ZI/ARMC6/mbed-os/targets/TARGET_STM/us_ticker.o
    0x200060ac   0x00000004   Zero   RW        28776    .bss.timer_cnt_reg  BUILD/NUCLEO_F429ZI/ARMC6/mbed-os/targets/TARGET_STM/us_ticker.o
    0x200060b0   0x00000004   Zero   RW        28778    .bss.timer_dier_reg  BUILD/NUCLEO_F429ZI/ARMC6/mbed-os/targets/TARGET_STM/us_ticker.o
    0x200060b4   0x00000004   Zero   RW        28425    .bss.total_ticks    BUILD/NUCLEO_F429ZI/ARMC6/mbed-os/targets/TARGET_STM/hal_tick_overrides.o
    0x200060b8   0x00000220   Zero   RW        28197    .bss.uart_handlers  BUILD/NUCLEO_F429ZI/ARMC6/mbed-os/targets/TARGET_STM/TARGET_STM32F4/serial_device.o


    Execution Region ARM_LIB_HEAP (Base: 0x200062e0, Size: 0x00029920, Max: 0x00029920, ABSOLUTE)

    Base Addr    Size         Type   Attr      Idx    E Section Name        Object

    0x200062e0   0x00029920   Zero   RW            2    ARM_LIB_HEAP.bss    anon$$obj.o


    Execution Region ARM_LIB_STACK (Base: 0x2002fc00, Size: 0x00000400, Max: 0x00000400, ABSOLUTE)

    Base Addr    Size         Type   Attr      Idx    E Section Name        Object

    0x2002fc00   0x00000400   Zero   RW            3    ARM_LIB_STACK.bss   anon$$obj.o


==============================================================================

Image component sizes


      Code (inc. data)   RO Data    RW Data    ZI Data      Debug   

     33432       2238       2464        556     195248      31556   Object Totals
         0          0         32          0     171552          0   (incl. Generated)
        86          0          2          3         33          0   (incl. Padding)
     11540        538        604         16        348       9064   Library Totals
        24          0          5          0          0          0   (incl. Padding)

==============================================================================


      Code (inc. data)   RO Data    RW Data    ZI Data      Debug   

     44972       2776       3068        572     195596      33760   Grand Totals
     44972       2776       3068        348     195596      33760   ELF Image Totals (compressed)
     44972       2776       3068        348          0          0   ROM Totals

==============================================================================

    Total RO  Size (Code + RO Data)                48040 (  46.91kB)
    Total RW  Size (RW Data + ZI Data)            196168 ( 191.57kB)
    Total ROM Size (Code + RO Data + RW Data)      48388 (  47.25kB)

==============================================================================

